Archive member included to satisfy reference by file (symbol)

.\CortexM3\ARM_GCC_541\Debug\Gimbal.a(CyLib.o)
                              .\CortexM3\ARM_GCC_541\Debug\Cm3Start.o (CyHalt)
.\CortexM3\ARM_GCC_541\Debug\Gimbal.a(cyPm.o)
                              .\CortexM3\ARM_GCC_541\Debug\Gimbal.a(CyLib.o) (CyPmReadStatus)
.\CortexM3\ARM_GCC_541\Debug\Gimbal.a(UART.o)
                              .\CortexM3\ARM_GCC_541\Debug\main.o (UART_Start)
.\CortexM3\ARM_GCC_541\Debug\Gimbal.a(UART_IntClock.o)
                              .\CortexM3\ARM_GCC_541\Debug\Gimbal.a(UART.o) (UART_IntClock_Start)
.\CortexM3\ARM_GCC_541\Debug\Gimbal.a(I2C_MPU6050.o)
                              .\CortexM3\ARM_GCC_541\Debug\mpu6050.o (I2C_MPU6050_Start)
.\CortexM3\ARM_GCC_541\Debug\Gimbal.a(I2C_MPU6050_PM.o)
                              .\CortexM3\ARM_GCC_541\Debug\Gimbal.a(I2C_MPU6050.o) (I2C_MPU6050_backup)
.\CortexM3\ARM_GCC_541\Debug\Gimbal.a(I2C_MPU6050_INT.o)
                              .\CortexM3\ARM_GCC_541\Debug\Gimbal.a(I2C_MPU6050.o) (I2C_MPU6050_ISR)
.\CortexM3\ARM_GCC_541\Debug\Gimbal.a(I2C_MPU6050_MASTER.o)
                              .\CortexM3\ARM_GCC_541\Debug\mpu6050.o (I2C_MPU6050_MasterWriteBuf)
.\CortexM3\ARM_GCC_541\Debug\Gimbal.a(Timer.o)
                              .\CortexM3\ARM_GCC_541\Debug\mpu6050.o (Timer_ReadStatusRegister)
.\CortexM3\ARM_GCC_541\Debug\Gimbal.a(ISR.o)
                              .\CortexM3\ARM_GCC_541\Debug\mpu6050.o (ISR_StartEx)
.\CortexM3\ARM_GCC_541\Debug\Gimbal.a(LCD.o)
                              .\CortexM3\ARM_GCC_541\Debug\main.o (LCD_PrintString)
.\CortexM3\ARM_GCC_541\Debug\Gimbal.a(AMux.o)
                              .\CortexM3\ARM_GCC_541\Debug\motor_control.o (AMux_Start)
.\CortexM3\ARM_GCC_541\Debug\Gimbal.a(ADC.o)
                              .\CortexM3\ARM_GCC_541\Debug\motor_control.o (ADC_Start)
.\CortexM3\ARM_GCC_541\Debug\Gimbal.a(ADC_INT.o)
                              .\CortexM3\ARM_GCC_541\Debug\Gimbal.a(ADC.o) (ADC_ISR1)
.\CortexM3\ARM_GCC_541\Debug\Gimbal.a(ADC_AMux.o)
                              .\CortexM3\ARM_GCC_541\Debug\Gimbal.a(ADC.o) (ADC_AMux_Select)
.\CortexM3\ARM_GCC_541\Debug\Gimbal.a(ADC_Ext_CP_Clk.o)
                              .\CortexM3\ARM_GCC_541\Debug\Gimbal.a(ADC.o) (ADC_Ext_CP_Clk_SetModeRegister)
.\CortexM3\ARM_GCC_541\Debug\Gimbal.a(ADC_theACLK.o)
                              .\CortexM3\ARM_GCC_541\Debug\Gimbal.a(ADC.o) (ADC_theACLK_SetModeRegister)
.\CortexM3\ARM_GCC_541\Debug\Gimbal.a(PWM.o)
                              .\CortexM3\ARM_GCC_541\Debug\motor_control.o (PWM_WriteCompare1)
.\CortexM3\ARM_GCC_541\Debug\Gimbal.a(SW1.o)
                              .\CortexM3\ARM_GCC_541\Debug\main.o (SW1_Read)
.\CortexM3\ARM_GCC_541\Debug\Gimbal.a(LED1.o)
                              .\CortexM3\ARM_GCC_541\Debug\utilities.o (LED1_Write)
.\CortexM3\ARM_GCC_541\Debug\Gimbal.a(LED2.o)
                              .\CortexM3\ARM_GCC_541\Debug\utilities.o (LED2_Write)
.\CortexM3\ARM_GCC_541\Debug\Gimbal.a(LED3.o)
                              .\CortexM3\ARM_GCC_541\Debug\utilities.o (LED3_Write)
.\CortexM3\ARM_GCC_541\Debug\Gimbal.a(LED4.o)
                              .\CortexM3\ARM_GCC_541\Debug\utilities.o (LED4_Write)
.\CortexM3\ARM_GCC_541\Debug\Gimbal.a(SW2.o)
                              .\CortexM3\ARM_GCC_541\Debug\main.o (SW2_Read)
.\CortexM3\ARM_GCC_541\Debug\Gimbal.a(VDAC8.o)
                              .\CortexM3\ARM_GCC_541\Debug\utilities.o (VDAC8_SetValue)
.\CortexM3\ARM_GCC_541\Debug\Gimbal.a(CyBootAsmGnu.o)
                              .\CortexM3\ARM_GCC_541\Debug\cyfitter_cfg.o (CyDelayCycles)
.\CortexM3\ARM_GCC_541\Debug\Gimbal.a(CyFlash.o)
                              .\CortexM3\ARM_GCC_541\Debug\Gimbal.a(cyPm.o) (CyFlash_SetWaitCycles)
.\CortexM3\ARM_GCC_541\Debug\Gimbal.a(CySpc.o)
                              .\CortexM3\ARM_GCC_541\Debug\Gimbal.a(CyFlash.o) (CySpcStart)
c:/program files (x86)/cypress/psoc creator/4.4/psoc creator/import/gnu/arm/5.4.1/bin/../lib/gcc/arm-none-eabi/5.4.1/../../../../arm-none-eabi/lib/armv7-m\libm.a(lib_a-s_sin.o)
                              .\CortexM3\ARM_GCC_541\Debug\utilities.o (sin)
c:/program files (x86)/cypress/psoc creator/4.4/psoc creator/import/gnu/arm/5.4.1/bin/../lib/gcc/arm-none-eabi/5.4.1/../../../../arm-none-eabi/lib/armv7-m\libm.a(lib_a-w_atan2.o)
                              .\CortexM3\ARM_GCC_541\Debug\mpu6050.o (atan2)
c:/program files (x86)/cypress/psoc creator/4.4/psoc creator/import/gnu/arm/5.4.1/bin/../lib/gcc/arm-none-eabi/5.4.1/../../../../arm-none-eabi/lib/armv7-m\libm.a(lib_a-w_pow.o)
                              .\CortexM3\ARM_GCC_541\Debug\mpu6050.o (pow)
c:/program files (x86)/cypress/psoc creator/4.4/psoc creator/import/gnu/arm/5.4.1/bin/../lib/gcc/arm-none-eabi/5.4.1/../../../../arm-none-eabi/lib/armv7-m\libm.a(lib_a-w_sqrt.o)
                              .\CortexM3\ARM_GCC_541\Debug\mpu6050.o (sqrt)
[...]
Memory Configuration

Name             Origin             Length             Attributes
rom              0x00000000         0x00040000         xr
ram              0x1fff8000         0x00010000         xrw
*default*        0x00000000         0xffffffff

Linker script and memory map

LOAD c:/program files (x86)/cypress/psoc creator/4.4/psoc creator/import/gnu/arm/5.4.1/bin/../lib/gcc/arm-none-eabi/5.4.1/armv7-m/crti.o
LOAD c:/program files (x86)/cypress/psoc creator/4.4/psoc creator/import/gnu/arm/5.4.1/bin/../lib/gcc/arm-none-eabi/5.4.1/armv7-m/crtbegin.o
LOAD c:/program files (x86)/cypress/psoc creator/4.4/psoc creator/import/gnu/arm/5.4.1/bin/../lib/gcc/arm-none-eabi/5.4.1/../../../../arm-none-eabi/lib/armv7-m/crt0.o
START GROUP
LOAD .\CortexM3\ARM_GCC_541\Debug\main.o
LOAD .\CortexM3\ARM_GCC_541\Debug\mpu6050.o
LOAD .\CortexM3\ARM_GCC_541\Debug\motor_control.o
LOAD .\CortexM3\ARM_GCC_541\Debug\utilities.o
LOAD .\CortexM3\ARM_GCC_541\Debug\keypad.o
LOAD .\CortexM3\ARM_GCC_541\Debug\cyfitter_cfg.o
LOAD .\CortexM3\ARM_GCC_541\Debug\cymetadata.o
LOAD .\CortexM3\ARM_GCC_541\Debug\Cm3Start.o
LOAD .\CortexM3\ARM_GCC_541\Debug\Gimbal.a
LOAD C:\Program Files (x86)\Cypress\PSoC Creator\4.4\PSoC Creator\psoc\content\cycomponentlibrary\CyComponentLibrary.cylib\CortexM3\ARM_GCC_541\Debug\CyComponentLibrary.a
LOAD c:/program files (x86)/cypress/psoc creator/4.4/psoc creator/import/gnu/arm/5.4.1/bin/../lib/gcc/arm-none-eabi/5.4.1/../../../../arm-none-eabi/lib/armv7-m\libm.a
END GROUP
START GROUP
LOAD c:/program files (x86)/cypress/psoc creator/4.4/psoc creator/import/gnu/arm/5.4.1/bin/../lib/gcc/arm-none-eabi/5.4.1/armv7-m\libgcc.a
LOAD c:/program files (x86)/cypress/psoc creator/4.4/psoc creator/import/gnu/arm/5.4.1/bin/../lib/gcc/arm-none-eabi/5.4.1/../../../../arm-none-eabi/lib/armv7-m\libg_nano.a
LOAD c:/program files (x86)/cypress/psoc creator/4.4/psoc creator/import/gnu/arm/5.4.1/bin/../lib/gcc/arm-none-eabi/5.4.1/../../../../arm-none-eabi/lib/armv7-m\libc_nano.a
END GROUP
START GROUP
LOAD c:/program files (x86)/cypress/psoc creator/4.4/psoc creator/import/gnu/arm/5.4.1/bin/../lib/gcc/arm-none-eabi/5.4.1/armv7-m\libgcc.a
LOAD c:/program files (x86)/cypress/psoc creator/4.4/psoc creator/import/gnu/arm/5.4.1/bin/../lib/gcc/arm-none-eabi/5.4.1/../../../../arm-none-eabi/lib/armv7-m\libc_nano.a
END GROUP
LOAD c:/program files (x86)/cypress/psoc creator/4.4/psoc creator/import/gnu/arm/5.4.1/bin/../lib/gcc/arm-none-eabi/5.4.1/armv7-m/crtend.o
LOAD c:/program files (x86)/cypress/psoc creator/4.4/psoc creator/import/gnu/arm/5.4.1/bin/../lib/gcc/arm-none-eabi/5.4.1/armv7-m/crtn.o
START GROUP
LOAD c:/program files (x86)/cypress/psoc creator/4.4/psoc creator/import/gnu/arm/5.4.1/bin/../lib/gcc/arm-none-eabi/5.4.1/armv7-m\libgcc.a
LOAD c:/program files (x86)/cypress/psoc creator/4.4/psoc creator/import/gnu/arm/5.4.1/bin/../lib/gcc/arm-none-eabi/5.4.1/../../../../arm-none-eabi/lib/armv7-m\libc.a
LOAD c:/program files (x86)/cypress/psoc creator/4.4/psoc creator/import/gnu/arm/5.4.1/bin/../lib/gcc/arm-none-eabi/5.4.1/../../../../arm-none-eabi/lib/armv7-m\libnosys.a
END GROUP
                0x00000000                CY_APPL_ORIGIN = 0x0
                0x00000100                CY_FLASH_ROW_SIZE = 0x100
                0x00000020                CY_ECC_ROW_SIZE = 0x20
                0x00000000                CY_EE_IN_BTLDR = 0x0
                0x00000000                CY_APPL_LOADABLE = 0x0
                0x00000800                CY_EE_SIZE = 0x800
                0x00000001                CY_APPL_NUM = 0x1
                0x00000001                CY_APPL_MAX = 0x1
                0x00000040                CY_METADATA_SIZE = 0x40
                0x00000000                CY_APPL_LOADABLE = 0x0
                0x00000000                CY_CHECKSUM_EXCLUDE_SIZE = ALIGN (0x0, CY_FLASH_ROW_SIZE)
                [!provide]                PROVIDE (__cy_heap_start, _end)
                0x00000001                PROVIDE (__cy_region_num, ((__cy_regions_end - __cy_regions) / 0x10))
                0x20008000                PROVIDE (__cy_stack, (ORIGIN (ram) + LENGTH (ram)))
                [!provide]                PROVIDE (__cy_heap_end, (__cy_stack - 0x800))

.cybootloader   0x00000000        0x0
 *(.cybootloader)
                0x00000000                appl1_start = CY_APPL_ORIGIN?CY_APPL_ORIGIN:ALIGN (CY_FLASH_ROW_SIZE)
                0x0001ff00                appl2_start = (appl1_start + ALIGN ((((LENGTH (rom) - appl1_start) - (0x2 * CY_FLASH_ROW_SIZE)) / 0x2), CY_FLASH_ROW_SIZE))
                0x00000000                appl_start = (CY_APPL_NUM == 0x1)?appl1_start:appl2_start
                0x00000000                ecc_offset = ((appl_start / CY_FLASH_ROW_SIZE) * CY_ECC_ROW_SIZE)
                0x00000000                ee_offset = (CY_APPL_LOADABLE && ! (CY_EE_IN_BTLDR))?((CY_EE_SIZE / CY_APPL_MAX) * (CY_APPL_NUM - 0x1)):0x0
                0x00000800                ee_size = (CY_APPL_LOADABLE && ! (CY_EE_IN_BTLDR))?(CY_EE_SIZE / CY_APPL_MAX):CY_EE_SIZE
                [!provide]                PROVIDE (CY_ECC_OFFSET, ecc_offset)

.text           0x00000000     0x531c
 CREATE_OBJECT_SYMBOLS
                0x00000000                PROVIDE (__cy_interrupt_vector, RomVectors)
 *(.romvectors)
 .romvectors    0x00000000       0x10 .\CortexM3\ARM_GCC_541\Debug\Cm3Start.o
                0x00000000                RomVectors
                0x00000001                ASSERT ((. != __cy_interrupt_vector), No interrupt vector)
                0x00000001                ASSERT (CY_APPL_ORIGIN?(SIZEOF (.cybootloader) <= CY_APPL_ORIGIN):0x1, Wrong image location)
                0x00000010                PROVIDE (__cy_reset, Reset)
 *(.text.Reset)
 .text.Reset    0x00000010       0x18 .\CortexM3\ARM_GCC_541\Debug\Cm3Start.o
                0x00000010                Reset
                0x00000001                ASSERT ((. != __cy_reset), No reset code)
 *(.dma_init)
                0x00000001                ASSERT ((((appl_start + .) <= 0x10000) || 0x1), DMA Init must be within the first 64k of flash)
 *(.text .text.* .gnu.linkonce.t.*)
 .text          0x00000028       0x5c c:/program files (x86)/cypress/psoc creator/4.4/psoc creator/import/gnu/arm/5.4.1/bin/../lib/gcc/arm-none-eabi/5.4.1/armv7-m/crtbegin.o
 .text.main     0x00000084      0x11c .\CortexM3\ARM_GCC_541\Debug\main.o
                0x00000084                main
 .text.GetElapsedTimeS
                0x000001a0       0x20 .\CortexM3\ARM_GCC_541\Debug\mpu6050.o
 .text.ISR_1_Handler
                0x000001c0       0x38 .\CortexM3\ARM_GCC_541\Debug\mpu6050.o
                0x000001c0                ISR_1_Handler
 .text.MPU6050_GetRawData
                0x000001f8       0x84 .\CortexM3\ARM_GCC_541\Debug\mpu6050.o
 .text.ResetCounter
                0x0000027c        0xc .\CortexM3\ARM_GCC_541\Debug\mpu6050.o
                0x0000027c                ResetCounter
 .text.MPU6050_PreInit
                0x00000288       0x1c .\CortexM3\ARM_GCC_541\Debug\mpu6050.o
                0x00000288                MPU6050_PreInit
 .text.MPU6050_Init
                0x000002a4       0xfc .\CortexM3\ARM_GCC_541\Debug\mpu6050.o
                0x000002a4                MPU6050_Init
 .text.MPU6050_Calibrate
                0x000003a0       0x68 .\CortexM3\ARM_GCC_541\Debug\mpu6050.o
                0x000003a0                MPU6050_Calibrate
 .text.MPU6050_Start
                0x00000408        0xc .\CortexM3\ARM_GCC_541\Debug\mpu6050.o
                0x00000408                MPU6050_Start
 .text.MPU6050_DataAvailable
                0x00000414        0xc .\CortexM3\ARM_GCC_541\Debug\mpu6050.o
                0x00000414                MPU6050_DataAvailable
 .text.MPU6050_ReadData
                0x00000420      0x1f0 .\CortexM3\ARM_GCC_541\Debug\mpu6050.o
                0x00000420                MPU6050_ReadData
 .text.MPU6050_GetData
                0x00000610       0x1c .\CortexM3\ARM_GCC_541\Debug\mpu6050.o
                0x00000610                MPU6050_GetData
 .text.MPU6050_PrintData
                0x0000062c       0xb4 .\CortexM3\ARM_GCC_541\Debug\mpu6050.o
                0x0000062c                MPU6050_PrintData
 .text.MoveServosToStart
                0x000006e0       0x14 .\CortexM3\ARM_GCC_541\Debug\motor_control.o
                0x000006e0                MoveServosToStart
 .text.InitializeServos
                0x000006f4        0xc .\CortexM3\ARM_GCC_541\Debug\motor_control.o
                0x000006f4                InitializeServos
 .text.Joystick_Start
                0x00000700       0x10 .\CortexM3\ARM_GCC_541\Debug\motor_control.o
                0x00000700                Joystick_Start
 .text.SetMotorFlags
                0x00000710       0x10 .\CortexM3\ARM_GCC_541\Debug\motor_control.o
                0x00000710                SetMotorFlags
 .text.MPU6050_MoveServo1
                0x00000720       0xb4 .\CortexM3\ARM_GCC_541\Debug\motor_control.o
                0x00000720                MPU6050_MoveServo1
 *fill*         0x000007d4        0x4 
 .text.MPU6050_MoveServo2
                0x000007d8       0xa8 .\CortexM3\ARM_GCC_541\Debug\motor_control.o
                0x000007d8                MPU6050_MoveServo2
 .text.Joystick_MoveServo1
                0x00000880       0x6c .\CortexM3\ARM_GCC_541\Debug\motor_control.o
                0x00000880                Joystick_MoveServo1
 *fill*         0x000008ec        0x4 
 .text.Joystick_MoveServo2
                0x000008f0       0x6c .\CortexM3\ARM_GCC_541\Debug\motor_control.o
                0x000008f0                Joystick_MoveServo2
 .text.LCD_PrintOrientation
                0x0000095c       0x3c .\CortexM3\ARM_GCC_541\Debug\utilities.o
                0x0000095c                LCD_PrintOrientation
 .text.SetOnLEDs
                0x00000998       0x1c .\CortexM3\ARM_GCC_541\Debug\utilities.o
                0x00000998                SetOnLEDs
 .text.SetOffLEDs
                0x000009b4       0x1c .\CortexM3\ARM_GCC_541\Debug\utilities.o
                0x000009b4                SetOffLEDs
 .text.CyClockStartupError
                0x000009d0        0x4 .\CortexM3\ARM_GCC_541\Debug\cyfitter_cfg.o
 .text.cfg_write_bytes32
                0x000009d4       0x34 .\CortexM3\ARM_GCC_541\Debug\cyfitter_cfg.o
 .text.AnalogSetDefault
                0x00000a08       0x40 .\CortexM3\ARM_GCC_541\Debug\cyfitter_cfg.o
 .text.CYMEMZERO
                0x00000a48        0xc .\CortexM3\ARM_GCC_541\Debug\cyfitter_cfg.o
 .text.CYCONFIGCPY
                0x00000a54        0x8 .\CortexM3\ARM_GCC_541\Debug\cyfitter_cfg.o
 .text.ClockSetup
                0x00000a5c      0x104 .\CortexM3\ARM_GCC_541\Debug\cyfitter_cfg.o
 .text.AMux_Set
                0x00000b60       0x34 .\CortexM3\ARM_GCC_541\Debug\cyfitter_cfg.o
                0x00000b60                AMux_Set
 .text.AMux_Unset
                0x00000b94       0x38 .\CortexM3\ARM_GCC_541\Debug\cyfitter_cfg.o
                0x00000b94                AMux_Unset
 .text.ADC_AMux_Set
                0x00000bcc       0x1c .\CortexM3\ARM_GCC_541\Debug\cyfitter_cfg.o
                0x00000bcc                ADC_AMux_Set
 .text.ADC_AMux_Unset
                0x00000be8       0x20 .\CortexM3\ARM_GCC_541\Debug\cyfitter_cfg.o
                0x00000be8                ADC_AMux_Unset
 .text.cyfitter_cfg
                0x00000c08      0x13c .\CortexM3\ARM_GCC_541\Debug\cyfitter_cfg.o
                0x00000c08                cyfitter_cfg
 .text.IntDefaultHandler
                0x00000d44       0x10 .\CortexM3\ARM_GCC_541\Debug\Cm3Start.o
                0x00000d44                IntDefaultHandler
 .text._sbrk    0x00000d54       0x30 .\CortexM3\ARM_GCC_541\Debug\Cm3Start.o
                0x00000d54                _sbrk
 .text.Start_c  0x00000d84       0x4c .\CortexM3\ARM_GCC_541\Debug\Cm3Start.o
                0x00000d84                Start_c
 .text.initialize_psoc
                0x00000dd0       0x68 .\CortexM3\ARM_GCC_541\Debug\Cm3Start.o
                0x00000dd0                initialize_psoc
 .text.CyHalt   0x00000e38        0x4 .\CortexM3\ARM_GCC_541\Debug\Gimbal.a(CyLib.o)
                0x00000e38                CyHalt
 .text.CyDelay  0x00000e3c       0x2c .\CortexM3\ARM_GCC_541\Debug\Gimbal.a(CyLib.o)
                0x00000e3c                CyDelay
 .text.CyDelayUs
                0x00000e68       0x14 .\CortexM3\ARM_GCC_541\Debug\Gimbal.a(CyLib.o)
                0x00000e68                CyDelayUs
 .text.CyIntSetVector
                0x00000e7c       0x28 .\CortexM3\ARM_GCC_541\Debug\Gimbal.a(CyLib.o)
                0x00000e7c                CyIntSetVector
 .text.CyIntSetPriority
                0x00000ea4       0x30 .\CortexM3\ARM_GCC_541\Debug\Gimbal.a(CyLib.o)
                0x00000ea4                CyIntSetPriority
 .text.UART_Init
                0x00000ed4       0x24 .\CortexM3\ARM_GCC_541\Debug\Gimbal.a(UART.o)
                0x00000ed4                UART_Init
 .text.UART_Enable
                0x00000ef8       0x38 .\CortexM3\ARM_GCC_541\Debug\Gimbal.a(UART.o)
                0x00000ef8                UART_Enable
 .text.UART_Start
                0x00000f30       0x1c .\CortexM3\ARM_GCC_541\Debug\Gimbal.a(UART.o)
                0x00000f30                UART_Start
 .text.UART_PutChar
                0x00000f4c       0x18 .\CortexM3\ARM_GCC_541\Debug\Gimbal.a(UART.o)
                0x00000f4c                UART_PutChar
 .text.UART_PutString
                0x00000f64       0x24 .\CortexM3\ARM_GCC_541\Debug\Gimbal.a(UART.o)
                0x00000f64                UART_PutString
 .text.UART_IntClock_Start
                0x00000f88       0x1c .\CortexM3\ARM_GCC_541\Debug\Gimbal.a(UART_IntClock.o)
                0x00000f88                UART_IntClock_Start
 .text.I2C_MPU6050_Init
                0x00000fa4       0x6c .\CortexM3\ARM_GCC_541\Debug\Gimbal.a(I2C_MPU6050.o)
                0x00000fa4                I2C_MPU6050_Init
 .text.I2C_MPU6050_Enable
                0x00001010       0x24 .\CortexM3\ARM_GCC_541\Debug\Gimbal.a(I2C_MPU6050.o)
                0x00001010                I2C_MPU6050_Enable
 .text.I2C_MPU6050_Start
                0x00001034       0x28 .\CortexM3\ARM_GCC_541\Debug\Gimbal.a(I2C_MPU6050.o)
                0x00001034                I2C_MPU6050_Start
 .text.I2C_MPU6050_ISR
                0x0000105c      0x2d0 .\CortexM3\ARM_GCC_541\Debug\Gimbal.a(I2C_MPU6050_INT.o)
                0x0000105c                I2C_MPU6050_ISR
 .text.I2C_MPU6050_MasterWriteBuf
                0x0000132c       0xcc .\CortexM3\ARM_GCC_541\Debug\Gimbal.a(I2C_MPU6050_MASTER.o)
                0x0000132c                I2C_MPU6050_MasterWriteBuf
 .text.I2C_MPU6050_MasterReadBuf
                0x000013f8       0xd0 .\CortexM3\ARM_GCC_541\Debug\Gimbal.a(I2C_MPU6050_MASTER.o)
                0x000013f8                I2C_MPU6050_MasterReadBuf
 .text.I2C_MPU6050_MasterStatus
                0x000014c8       0x38 .\CortexM3\ARM_GCC_541\Debug\Gimbal.a(I2C_MPU6050_MASTER.o)
                0x000014c8                I2C_MPU6050_MasterStatus
 .text.I2C_MPU6050_MasterClearStatus
                0x00001500       0x24 .\CortexM3\ARM_GCC_541\Debug\Gimbal.a(I2C_MPU6050_MASTER.o)
                0x00001500                I2C_MPU6050_MasterClearStatus
 .text.I2C_MPU6050_MasterGetWriteBufSize
                0x00001524        0xc .\CortexM3\ARM_GCC_541\Debug\Gimbal.a(I2C_MPU6050_MASTER.o)
                0x00001524                I2C_MPU6050_MasterGetWriteBufSize
 .text.Timer_Enable
                0x00001530       0x28 .\CortexM3\ARM_GCC_541\Debug\Gimbal.a(Timer.o)
                0x00001530                Timer_Enable
 .text.Timer_SetInterruptMode
                0x00001558        0xc .\CortexM3\ARM_GCC_541\Debug\Gimbal.a(Timer.o)
                0x00001558                Timer_SetInterruptMode
 .text.Timer_ReadStatusRegister
                0x00001564        0xc .\CortexM3\ARM_GCC_541\Debug\Gimbal.a(Timer.o)
                0x00001564                Timer_ReadStatusRegister
 .text.Timer_WritePeriod
                0x00001570        0xc .\CortexM3\ARM_GCC_541\Debug\Gimbal.a(Timer.o)
                0x00001570                Timer_WritePeriod
 .text.Timer_WriteCounter
                0x0000157c        0xc .\CortexM3\ARM_GCC_541\Debug\Gimbal.a(Timer.o)
                0x0000157c                Timer_WriteCounter
 .text.Timer_Init
                0x00001588       0x68 .\CortexM3\ARM_GCC_541\Debug\Gimbal.a(Timer.o)
                0x00001588                Timer_Init
 .text.Timer_Start
                0x000015f0       0x1c .\CortexM3\ARM_GCC_541\Debug\Gimbal.a(Timer.o)
                0x000015f0                Timer_Start
 .text.ISR_SetVector
                0x0000160c       0x10 .\CortexM3\ARM_GCC_541\Debug\Gimbal.a(ISR.o)
                0x0000160c                ISR_SetVector
 .text.ISR_SetPriority
                0x0000161c       0x10 .\CortexM3\ARM_GCC_541\Debug\Gimbal.a(ISR.o)
                0x0000161c                ISR_SetPriority
 .text.ISR_Enable
                0x0000162c       0x10 .\CortexM3\ARM_GCC_541\Debug\Gimbal.a(ISR.o)
                0x0000162c                ISR_Enable
 .text.ISR_Disable
                0x0000163c       0x10 .\CortexM3\ARM_GCC_541\Debug\Gimbal.a(ISR.o)
                0x0000163c                ISR_Disable
 .text.ISR_StartEx
                0x0000164c       0x1c .\CortexM3\ARM_GCC_541\Debug\Gimbal.a(ISR.o)
                0x0000164c                ISR_StartEx
 .text.LCD_WrCntrlNib
                0x00001668       0x34 .\CortexM3\ARM_GCC_541\Debug\Gimbal.a(LCD.o)
 .text.LCD_WrDatNib
                0x0000169c       0x44 .\CortexM3\ARM_GCC_541\Debug\Gimbal.a(LCD.o)
 .text.LCD_IsReady
                0x000016e0       0xe4 .\CortexM3\ARM_GCC_541\Debug\Gimbal.a(LCD.o)
                0x000016e0                LCD_IsReady
 .text.LCD_WriteData
                0x000017c4       0x18 .\CortexM3\ARM_GCC_541\Debug\Gimbal.a(LCD.o)
                0x000017c4                LCD_WriteData
 .text.LCD_PrintString
                0x000017dc       0x1c .\CortexM3\ARM_GCC_541\Debug\Gimbal.a(LCD.o)
                0x000017dc                LCD_PrintString
 .text.LCD_WriteControl
                0x000017f8       0x18 .\CortexM3\ARM_GCC_541\Debug\Gimbal.a(LCD.o)
                0x000017f8                LCD_WriteControl
 .text.LCD_Init
                0x00001810       0x6c .\CortexM3\ARM_GCC_541\Debug\Gimbal.a(LCD.o)
                0x00001810                LCD_Init
 .text.LCD_Enable
                0x0000187c       0x14 .\CortexM3\ARM_GCC_541\Debug\Gimbal.a(LCD.o)
                0x0000187c                LCD_Enable
 .text.LCD_Start
                0x00001890       0x1c .\CortexM3\ARM_GCC_541\Debug\Gimbal.a(LCD.o)
                0x00001890                LCD_Start
 .text.AMux_Start
                0x000018ac       0x20 .\CortexM3\ARM_GCC_541\Debug\Gimbal.a(AMux.o)
                0x000018ac                AMux_Start
 .text.AMux_Select
                0x000018cc       0x18 .\CortexM3\ARM_GCC_541\Debug\Gimbal.a(AMux.o)
                0x000018cc                AMux_Select
 .text.ADC_GainCompensation
                0x000018e4       0xe0 .\CortexM3\ARM_GCC_541\Debug\Gimbal.a(ADC.o)
 .text.ADC_SetDSMRef0Reg
                0x000019c4       0x4c .\CortexM3\ARM_GCC_541\Debug\Gimbal.a(ADC.o)
 .text.ADC_InitConfig
                0x00001a10      0x32c .\CortexM3\ARM_GCC_541\Debug\Gimbal.a(ADC.o)
 .text.ADC_Init
                0x00001d3c      0x108 .\CortexM3\ARM_GCC_541\Debug\Gimbal.a(ADC.o)
                0x00001d3c                ADC_Init
 .text.ADC_Enable
                0x00001e44       0xd8 .\CortexM3\ARM_GCC_541\Debug\Gimbal.a(ADC.o)
                0x00001e44                ADC_Enable
 .text.ADC_Start
                0x00001f1c       0x28 .\CortexM3\ARM_GCC_541\Debug\Gimbal.a(ADC.o)
                0x00001f1c                ADC_Start
 .text.ADC_StartConvert
                0x00001f44       0x10 .\CortexM3\ARM_GCC_541\Debug\Gimbal.a(ADC.o)
                0x00001f44                ADC_StartConvert
 .text.ADC_StopConvert
                0x00001f54       0x10 .\CortexM3\ARM_GCC_541\Debug\Gimbal.a(ADC.o)
                0x00001f54                ADC_StopConvert
 .text.ADC_IsEndConversion
                0x00001f64       0x30 .\CortexM3\ARM_GCC_541\Debug\Gimbal.a(ADC.o)
                0x00001f64                ADC_IsEndConversion
 .text.ADC_GetResult16
                0x00001f94       0x50 .\CortexM3\ARM_GCC_541\Debug\Gimbal.a(ADC.o)
                0x00001f94                ADC_GetResult16
 .text.ADC_Read16
                0x00001fe4       0x28 .\CortexM3\ARM_GCC_541\Debug\Gimbal.a(ADC.o)
                0x00001fe4                ADC_Read16
 .text.ADC_ISR1
                0x0000200c        0x4 .\CortexM3\ARM_GCC_541\Debug\Gimbal.a(ADC_INT.o)
                0x0000200c                ADC_ISR1
 .text.ADC_ISR2
                0x00002010        0x4 .\CortexM3\ARM_GCC_541\Debug\Gimbal.a(ADC_INT.o)
                0x00002010                ADC_ISR2
 .text.ADC_ISR3
                0x00002014        0x4 .\CortexM3\ARM_GCC_541\Debug\Gimbal.a(ADC_INT.o)
                0x00002014                ADC_ISR3
 .text.ADC_ISR4
                0x00002018        0x4 .\CortexM3\ARM_GCC_541\Debug\Gimbal.a(ADC_INT.o)
                0x00002018                ADC_ISR4
 .text.ADC_AMux_Start
                0x0000201c       0x20 .\CortexM3\ARM_GCC_541\Debug\Gimbal.a(ADC_AMux.o)
                0x0000201c                ADC_AMux_Start
 .text.ADC_AMux_Select
                0x0000203c       0x18 .\CortexM3\ARM_GCC_541\Debug\Gimbal.a(ADC_AMux.o)
                0x0000203c                ADC_AMux_Select
 .text.ADC_Ext_CP_Clk_GetDividerRegister
                0x00002054        0xc .\CortexM3\ARM_GCC_541\Debug\Gimbal.a(ADC_Ext_CP_Clk.o)
                0x00002054                ADC_Ext_CP_Clk_GetDividerRegister
 .text.ADC_Ext_CP_Clk_SetModeRegister
                0x00002060       0x14 .\CortexM3\ARM_GCC_541\Debug\Gimbal.a(ADC_Ext_CP_Clk.o)
                0x00002060                ADC_Ext_CP_Clk_SetModeRegister
 .text.ADC_Ext_CP_Clk_GetSourceRegister
                0x00002074       0x10 .\CortexM3\ARM_GCC_541\Debug\Gimbal.a(ADC_Ext_CP_Clk.o)
                0x00002074                ADC_Ext_CP_Clk_GetSourceRegister
 .text.ADC_Ext_CP_Clk_SetDividerRegister
                0x00002084       0xd8 .\CortexM3\ARM_GCC_541\Debug\Gimbal.a(ADC_Ext_CP_Clk.o)
                0x00002084                ADC_Ext_CP_Clk_SetDividerRegister
 .text.ADC_theACLK_GetDividerRegister
                0x0000215c        0xc .\CortexM3\ARM_GCC_541\Debug\Gimbal.a(ADC_theACLK.o)
                0x0000215c                ADC_theACLK_GetDividerRegister
 .text.ADC_theACLK_SetModeRegister
                0x00002168       0x14 .\CortexM3\ARM_GCC_541\Debug\Gimbal.a(ADC_theACLK.o)
                0x00002168                ADC_theACLK_SetModeRegister
 .text.ADC_theACLK_GetSourceRegister
                0x0000217c       0x10 .\CortexM3\ARM_GCC_541\Debug\Gimbal.a(ADC_theACLK.o)
                0x0000217c                ADC_theACLK_GetSourceRegister
 .text.ADC_theACLK_SetDividerRegister
                0x0000218c       0xd8 .\CortexM3\ARM_GCC_541\Debug\Gimbal.a(ADC_theACLK.o)
                0x0000218c                ADC_theACLK_SetDividerRegister
 .text.PWM_Enable
                0x00002264       0x10 .\CortexM3\ARM_GCC_541\Debug\Gimbal.a(PWM.o)
                0x00002264                PWM_Enable
 .text.PWM_WriteCounter
                0x00002274        0xc .\CortexM3\ARM_GCC_541\Debug\Gimbal.a(PWM.o)
                0x00002274                PWM_WriteCounter
 .text.PWM_WritePeriod
                0x00002280        0xc .\CortexM3\ARM_GCC_541\Debug\Gimbal.a(PWM.o)
                0x00002280                PWM_WritePeriod
 .text.PWM_WriteCompare1
                0x0000228c        0xc .\CortexM3\ARM_GCC_541\Debug\Gimbal.a(PWM.o)
                0x0000228c                PWM_WriteCompare1
 .text.PWM_WriteCompare2
                0x00002298        0xc .\CortexM3\ARM_GCC_541\Debug\Gimbal.a(PWM.o)
                0x00002298                PWM_WriteCompare2
 .text.PWM_SetInterruptMode
                0x000022a4        0xc .\CortexM3\ARM_GCC_541\Debug\Gimbal.a(PWM.o)
                0x000022a4                PWM_SetInterruptMode
 .text.PWM_ReadStatusRegister
                0x000022b0        0xc .\CortexM3\ARM_GCC_541\Debug\Gimbal.a(PWM.o)
                0x000022b0                PWM_ReadStatusRegister
 .text.PWM_ReadCapture
                0x000022bc        0xc .\CortexM3\ARM_GCC_541\Debug\Gimbal.a(PWM.o)
                0x000022bc                PWM_ReadCapture
 .text.PWM_ClearFIFO
                0x000022c8       0x14 .\CortexM3\ARM_GCC_541\Debug\Gimbal.a(PWM.o)
                0x000022c8                PWM_ClearFIFO
 .text.PWM_Init
                0x000022dc       0x68 .\CortexM3\ARM_GCC_541\Debug\Gimbal.a(PWM.o)
                0x000022dc                PWM_Init
 .text.PWM_Start
                0x00002344       0x1c .\CortexM3\ARM_GCC_541\Debug\Gimbal.a(PWM.o)
                0x00002344                PWM_Start
 .text.SW1_Read
                0x00002360       0x10 .\CortexM3\ARM_GCC_541\Debug\Gimbal.a(SW1.o)
                0x00002360                SW1_Read
 .text.LED1_Write
                0x00002370       0x18 .\CortexM3\ARM_GCC_541\Debug\Gimbal.a(LED1.o)
                0x00002370                LED1_Write
 .text.LED2_Write
                0x00002388       0x18 .\CortexM3\ARM_GCC_541\Debug\Gimbal.a(LED2.o)
                0x00002388                LED2_Write
 .text.LED3_Write
                0x000023a0       0x18 .\CortexM3\ARM_GCC_541\Debug\Gimbal.a(LED3.o)
                0x000023a0                LED3_Write
 .text.LED4_Write
                0x000023b8       0x18 .\CortexM3\ARM_GCC_541\Debug\Gimbal.a(LED4.o)
                0x000023b8                LED4_Write
 .text.SW2_Read
                0x000023d0       0x10 .\CortexM3\ARM_GCC_541\Debug\Gimbal.a(SW2.o)
                0x000023d0                SW2_Read
 .text          0x000023e0       0x20 .\CortexM3\ARM_GCC_541\Debug\Gimbal.a(CyBootAsmGnu.o)
                0x000023e0                CyDelayCycles
                0x000023f0                CyEnterCriticalSection
                0x000023f8                CyExitCriticalSection
 .text.atan2    0x00002400        0x4 c:/program files (x86)/cypress/psoc creator/4.4/psoc creator/import/gnu/arm/5.4.1/bin/../lib/gcc/arm-none-eabi/5.4.1/../../../../arm-none-eabi/lib/armv7-m\libm.a(lib_a-w_atan2.o)
                0x00002400                atan2
 .text.pow      0x00002404      0x330 c:/program files (x86)/cypress/psoc creator/4.4/psoc creator/import/gnu/arm/5.4.1/bin/../lib/gcc/arm-none-eabi/5.4.1/../../../../arm-none-eabi/lib/armv7-m\libm.a(lib_a-w_pow.o)
                0x00002404                pow
 .text.sqrt     0x00002734       0xb8 c:/program files (x86)/cypress/psoc creator/4.4/psoc creator/import/gnu/arm/5.4.1/bin/../lib/gcc/arm-none-eabi/5.4.1/../../../../arm-none-eabi/lib/armv7-m\libm.a(lib_a-w_sqrt.o)
                0x00002734                sqrt
 *fill*         0x000027ec        0x4 
 .text.__ieee754_atan2
                0x000027f0      0x194 c:/program files (x86)/cypress/psoc creator/4.4/psoc creator/import/gnu/arm/5.4.1/bin/../lib/gcc/arm-none-eabi/5.4.1/../../../../arm-none-eabi/lib/armv7-m\libm.a(lib_a-e_atan2.o)
                0x000027f0                __ieee754_atan2
 *fill*         0x00002984        0x4 
 .text.__ieee754_pow
                0x00002988      0xac4 c:/program files (x86)/cypress/psoc creator/4.4/psoc creator/import/gnu/arm/5.4.1/bin/../lib/gcc/arm-none-eabi/5.4.1/../../../../arm-none-eabi/lib/armv7-m\libm.a(lib_a-e_pow.o)
                0x00002988                __ieee754_pow
 .text.__ieee754_sqrt
                0x0000344c      0x188 c:/program files (x86)/cypress/psoc creator/4.4/psoc creator/import/gnu/arm/5.4.1/bin/../lib/gcc/arm-none-eabi/5.4.1/../../../../arm-none-eabi/lib/armv7-m\libm.a(lib_a-e_sqrt.o)
                0x0000344c                __ieee754_sqrt
 *fill*         0x000035d4        0x4 
 .text.atan     0x000035d8      0x33c c:/program files (x86)/cypress/psoc creator/4.4/psoc creator/import/gnu/arm/5.4.1/bin/../lib/gcc/arm-none-eabi/5.4.1/../../../../arm-none-eabi/lib/armv7-m\libm.a(lib_a-s_atan.o)
                0x000035d8                atan
 .text.fabs     0x00003914        0x8 c:/program files (x86)/cypress/psoc creator/4.4/psoc creator/import/gnu/arm/5.4.1/bin/../lib/gcc/arm-none-eabi/5.4.1/../../../../arm-none-eabi/lib/armv7-m\libm.a(lib_a-s_fabs.o)
                0x00003914                fabs
 .text.finite   0x0000391c        0xc c:/program files (x86)/cypress/psoc creator/4.4/psoc creator/import/gnu/arm/5.4.1/bin/../lib/gcc/arm-none-eabi/5.4.1/../../../../arm-none-eabi/lib/armv7-m\libm.a(lib_a-s_finite.o)
                0x0000391c                finite
 .text.matherr  0x00003928        0x4 c:/program files (x86)/cypress/psoc creator/4.4/psoc creator/import/gnu/arm/5.4.1/bin/../lib/gcc/arm-none-eabi/5.4.1/../../../../arm-none-eabi/lib/armv7-m\libm.a(lib_a-s_matherr.o)
                0x00003928                matherr
 .text.nan      0x0000392c        0xc c:/program files (x86)/cypress/psoc creator/4.4/psoc creator/import/gnu/arm/5.4.1/bin/../lib/gcc/arm-none-eabi/5.4.1/../../../../arm-none-eabi/lib/armv7-m\libm.a(lib_a-s_nan.o)
                0x0000392c                nan
 .text.rint     0x00003938      0x120 c:/program files (x86)/cypress/psoc creator/4.4/psoc creator/import/gnu/arm/5.4.1/bin/../lib/gcc/arm-none-eabi/5.4.1/../../../../arm-none-eabi/lib/armv7-m\libm.a(lib_a-s_rint.o)
                0x00003938                rint
 .text.scalbn   0x00003a58       0xe4 c:/program files (x86)/cypress/psoc creator/4.4/psoc creator/import/gnu/arm/5.4.1/bin/../lib/gcc/arm-none-eabi/5.4.1/../../../../arm-none-eabi/lib/armv7-m\libm.a(lib_a-s_scalbn.o)
                0x00003a58                scalbn
 .text.copysign
                0x00003b3c       0x10 c:/program files (x86)/cypress/psoc creator/4.4/psoc creator/import/gnu/arm/5.4.1/bin/../lib/gcc/arm-none-eabi/5.4.1/../../../../arm-none-eabi/lib/armv7-m\libm.a(lib_a-s_copysign.o)
                0x00003b3c                copysign
 .text          0x00003b4c      0x370 c:/program files (x86)/cypress/psoc creator/4.4/psoc creator/import/gnu/arm/5.4.1/bin/../lib/gcc/arm-none-eabi/5.4.1/armv7-m\libgcc.a(_arm_addsubdf3.o)
                0x00003b4c                __aeabi_drsub
                0x00003b54                __aeabi_dsub
                0x00003b54                __subdf3
                0x00003b58                __aeabi_dadd
                0x00003b58                __adddf3
                0x00003dd0                __floatunsidf
                0x00003dd0                __aeabi_ui2d
                0x00003df0                __floatsidf
                0x00003df0                __aeabi_i2d
                0x00003e14                __aeabi_f2d
                0x00003e14                __extendsfdf2
                0x00003e50                __floatundidf
                0x00003e50                __aeabi_ul2d
                0x00003e60                __floatdidf
                0x00003e60                __aeabi_l2d
 .text          0x00003ebc      0x424 c:/program files (x86)/cypress/psoc creator/4.4/psoc creator/import/gnu/arm/5.4.1/bin/../lib/gcc/arm-none-eabi/5.4.1/armv7-m\libgcc.a(_arm_muldivdf3.o)
                0x00003ebc                __aeabi_dmul
                0x00003ebc                __muldf3
                0x00004110                __divdf3
                0x00004110                __aeabi_ddiv
 .text          0x000042e0      0x110 c:/program files (x86)/cypress/psoc creator/4.4/psoc creator/import/gnu/arm/5.4.1/bin/../lib/gcc/arm-none-eabi/5.4.1/armv7-m\libgcc.a(_arm_cmpdf2.o)
                0x000042e0                __gtdf2
                0x000042e0                __gedf2
                0x000042e8                __ltdf2
                0x000042e8                __ledf2
                0x000042f0                __nedf2
                0x000042f0                __eqdf2
                0x000042f0                __cmpdf2
                0x0000436c                __aeabi_cdrcmple
                0x0000437c                __aeabi_cdcmpeq
                0x0000437c                __aeabi_cdcmple
                0x0000438c                __aeabi_dcmpeq
                0x000043a0                __aeabi_dcmplt
                0x000043b4                __aeabi_dcmple
                0x000043c8                __aeabi_dcmpge
                0x000043dc                __aeabi_dcmpgt
 .text          0x000043f0       0x2c c:/program files (x86)/cypress/psoc creator/4.4/psoc creator/import/gnu/arm/5.4.1/bin/../lib/gcc/arm-none-eabi/5.4.1/armv7-m\libgcc.a(_arm_unorddf2.o)
                0x000043f0                __unorddf2
                0x000043f0                __aeabi_dcmpun
 .text          0x0000441c       0x50 c:/program files (x86)/cypress/psoc creator/4.4/psoc creator/import/gnu/arm/5.4.1/bin/../lib/gcc/arm-none-eabi/5.4.1/armv7-m\libgcc.a(_arm_fixdfsi.o)
                0x0000441c                __aeabi_d2iz
                0x0000441c                __fixdfsi
 .text          0x0000446c       0x40 c:/program files (x86)/cypress/psoc creator/4.4/psoc creator/import/gnu/arm/5.4.1/bin/../lib/gcc/arm-none-eabi/5.4.1/armv7-m\libgcc.a(_arm_fixunsdfsi.o)
                0x0000446c                __aeabi_d2uiz
                0x0000446c                __fixunsdfsi
 .text          0x000044ac       0xa0 c:/program files (x86)/cypress/psoc creator/4.4/psoc creator/import/gnu/arm/5.4.1/bin/../lib/gcc/arm-none-eabi/5.4.1/armv7-m\libgcc.a(_arm_truncdfsf2.o)
                0x000044ac                __truncdfsf2
                0x000044ac                __aeabi_d2f
 .text          0x0000454c      0x21c c:/program files (x86)/cypress/psoc creator/4.4/psoc creator/import/gnu/arm/5.4.1/bin/../lib/gcc/arm-none-eabi/5.4.1/armv7-m\libgcc.a(_arm_addsubsf3.o)
                0x0000454c                __aeabi_frsub
                0x00004554                __subsf3
                0x00004554                __aeabi_fsub
                0x00004558                __aeabi_fadd
                0x00004558                __addsf3
                0x000046b8                __aeabi_ui2f
                0x000046b8                __floatunsisf
                0x000046c0                __aeabi_i2f
                0x000046c0                __floatsisf
                0x000046dc                __aeabi_ul2f
                0x000046dc                __floatundisf
                0x000046ec                __aeabi_l2f
                0x000046ec                __floatdisf
 .text          0x00004768      0x2a0 c:/program files (x86)/cypress/psoc creator/4.4/psoc creator/import/gnu/arm/5.4.1/bin/../lib/gcc/arm-none-eabi/5.4.1/armv7-m\libgcc.a(_arm_muldivsf3.o)
                0x00004768                __mulsf3
                0x00004768                __aeabi_fmul
                0x000048d0                __aeabi_fdiv
                0x000048d0                __divsf3
 .text          0x00004a08       0x4c c:/program files (x86)/cypress/psoc creator/4.4/psoc creator/import/gnu/arm/5.4.1/bin/../lib/gcc/arm-none-eabi/5.4.1/armv7-m\libgcc.a(_arm_fixsfsi.o)
                0x00004a08                __aeabi_f2iz
                0x00004a08                __fixsfsi
 .text.__errno  0x00004a54        0xc c:/program files (x86)/cypress/psoc creator/4.4/psoc creator/import/gnu/arm/5.4.1/bin/../lib/gcc/arm-none-eabi/5.4.1/../../../../arm-none-eabi/lib/armv7-m\libg_nano.a(lib_a-errno.o)
                0x00004a54                __errno
 .text.__libc_init_array
                0x00004a60       0x4c c:/program files (x86)/cypress/psoc creator/4.4/psoc creator/import/gnu/arm/5.4.1/bin/../lib/gcc/arm-none-eabi/5.4.1/../../../../arm-none-eabi/lib/armv7-m\libg_nano.a(lib_a-init.o)
                0x00004a60                __libc_init_array
 .text.memcpy   0x00004aac       0x16 c:/program files (x86)/cypress/psoc creator/4.4/psoc creator/import/gnu/arm/5.4.1/bin/../lib/gcc/arm-none-eabi/5.4.1/../../../../arm-none-eabi/lib/armv7-m\libg_nano.a(lib_a-memcpy-stub.o)
                0x00004aac                memcpy
 .text.memset   0x00004ac2       0x10 c:/program files (x86)/cypress/psoc creator/4.4/psoc creator/import/gnu/arm/5.4.1/bin/../lib/gcc/arm-none-eabi/5.4.1/../../../../arm-none-eabi/lib/armv7-m\libg_nano.a(lib_a-memset.o)
                0x00004ac2                memset
 *fill*         0x00004ad2        0x2 
 .text.sprintf  0x00004ad4       0x48 c:/program files (x86)/cypress/psoc creator/4.4/psoc creator/import/gnu/arm/5.4.1/bin/../lib/gcc/arm-none-eabi/5.4.1/../../../../arm-none-eabi/lib/armv7-m\libg_nano.a(lib_a-sprintf.o)
                0x00004ad4                siprintf
                0x00004ad4                sprintf
 .text.__ssputs_r
                0x00004b1c       0xb2 c:/program files (x86)/cypress/psoc creator/4.4/psoc creator/import/gnu/arm/5.4.1/bin/../lib/gcc/arm-none-eabi/5.4.1/../../../../arm-none-eabi/lib/armv7-m\libg_nano.a(lib_a-nano-svfprintf.o)
                0x00004b1c                __ssputs_r
 *fill*         0x00004bce        0x2 
 .text._svfprintf_r
                0x00004bd0      0x1e8 c:/program files (x86)/cypress/psoc creator/4.4/psoc creator/import/gnu/arm/5.4.1/bin/../lib/gcc/arm-none-eabi/5.4.1/../../../../arm-none-eabi/lib/armv7-m\libg_nano.a(lib_a-nano-svfprintf.o)
                0x00004bd0                _svfiprintf_r
                0x00004bd0                _svfprintf_r
 .text._printf_common
                0x00004db8       0xec c:/program files (x86)/cypress/psoc creator/4.4/psoc creator/import/gnu/arm/5.4.1/bin/../lib/gcc/arm-none-eabi/5.4.1/../../../../arm-none-eabi/lib/armv7-m\libg_nano.a(lib_a-nano-vfprintf_i.o)
                0x00004db8                _printf_common
 .text._printf_i
                0x00004ea4      0x24c c:/program files (x86)/cypress/psoc creator/4.4/psoc creator/import/gnu/arm/5.4.1/bin/../lib/gcc/arm-none-eabi/5.4.1/../../../../arm-none-eabi/lib/armv7-m\libg_nano.a(lib_a-nano-vfprintf_i.o)
                0x00004ea4                _printf_i
 .text.memchr   0x000050f0       0x1c c:/program files (x86)/cypress/psoc creator/4.4/psoc creator/import/gnu/arm/5.4.1/bin/../lib/gcc/arm-none-eabi/5.4.1/../../../../arm-none-eabi/lib/armv7-m\libg_nano.a(lib_a-memchr-stub.o)
                0x000050f0                memchr
 .text.memmove  0x0000510c       0x36 c:/program files (x86)/cypress/psoc creator/4.4/psoc creator/import/gnu/arm/5.4.1/bin/../lib/gcc/arm-none-eabi/5.4.1/../../../../arm-none-eabi/lib/armv7-m\libg_nano.a(lib_a-memmove.o)
                0x0000510c                memmove
 *fill*         0x00005142        0x2 
 .text._free_r  0x00005144       0x98 c:/program files (x86)/cypress/psoc creator/4.4/psoc creator/import/gnu/arm/5.4.1/bin/../lib/gcc/arm-none-eabi/5.4.1/../../../../arm-none-eabi/lib/armv7-m\libg_nano.a(lib_a-nano-freer.o)
                0x00005144                _free_r
 .text._malloc_r
                0x000051dc       0xbc c:/program files (x86)/cypress/psoc creator/4.4/psoc creator/import/gnu/arm/5.4.1/bin/../lib/gcc/arm-none-eabi/5.4.1/../../../../arm-none-eabi/lib/armv7-m\libg_nano.a(lib_a-nano-mallocr.o)
                0x000051dc                _malloc_r
 .text._realloc_r
                0x00005298       0x4c c:/program files (x86)/cypress/psoc creator/4.4/psoc creator/import/gnu/arm/5.4.1/bin/../lib/gcc/arm-none-eabi/5.4.1/../../../../arm-none-eabi/lib/armv7-m\libg_nano.a(lib_a-nano-reallocr.o)
                0x00005298                _realloc_r
 .text._sbrk_r  0x000052e4       0x20 c:/program files (x86)/cypress/psoc creator/4.4/psoc creator/import/gnu/arm/5.4.1/bin/../lib/gcc/arm-none-eabi/5.4.1/../../../../arm-none-eabi/lib/armv7-m\libg_nano.a(lib_a-sbrkr.o)
                0x000052e4                _sbrk_r
 .text.__malloc_lock
                0x00005304        0x2 c:/program files (x86)/cypress/psoc creator/4.4/psoc creator/import/gnu/arm/5.4.1/bin/../lib/gcc/arm-none-eabi/5.4.1/../../../../arm-none-eabi/lib/armv7-m\libg_nano.a(lib_a-mlock.o)
                0x00005304                __malloc_lock
 .text.__malloc_unlock
                0x00005306        0x2 c:/program files (x86)/cypress/psoc creator/4.4/psoc creator/import/gnu/arm/5.4.1/bin/../lib/gcc/arm-none-eabi/5.4.1/../../../../arm-none-eabi/lib/armv7-m\libg_nano.a(lib_a-mlock.o)
                0x00005306                __malloc_unlock
 .text._malloc_usable_size_r
                0x00005308       0x14 c:/program files (x86)/cypress/psoc creator/4.4/psoc creator/import/gnu/arm/5.4.1/bin/../lib/gcc/arm-none-eabi/5.4.1/../../../../arm-none-eabi/lib/armv7-m\libg_nano.a(lib_a-nano-msizer.o)
                0x00005308                _malloc_usable_size_r
 *(.plt)
 *(.gnu.warning)
 *(.glue_7t)
 .glue_7t       0x0000531c        0x0 linker stubs
 *(.glue_7)
 .glue_7        0x0000531c        0x0 linker stubs
 *(.vfp11_veneer)
 .vfp11_veneer  0x0000531c        0x0 linker stubs
 *(.bootloader)
 *(.ARM.extab* .gnu.linkonce.armextab.*)
 *(.gcc_except_table)

.v4_bx          0x0000531c        0x0
 .v4_bx         0x0000531c        0x0 linker stubs

.iplt           0x0000531c        0x0
 .iplt          0x0000531c        0x0 c:/program files (x86)/cypress/psoc creator/4.4/psoc creator/import/gnu/arm/5.4.1/bin/../lib/gcc/arm-none-eabi/5.4.1/armv7-m/crtbegin.o

.eh_frame_hdr
 *(.eh_frame_hdr)

.eh_frame       0x0000531c        0x4
 *(.eh_frame)
 .eh_frame      0x0000531c        0x0 c:/program files (x86)/cypress/psoc creator/4.4/psoc creator/import/gnu/arm/5.4.1/bin/../lib/gcc/arm-none-eabi/5.4.1/armv7-m/crtbegin.o
 .eh_frame      0x0000531c        0x4 c:/program files (x86)/cypress/psoc creator/4.4/psoc creator/import/gnu/arm/5.4.1/bin/../lib/gcc/arm-none-eabi/5.4.1/armv7-m/crtend.o
                [!provide]                PROVIDE (__exidx_start, .)

.ARM.exidx
 *(.ARM.exidx* .gnu.linkonce.armexidx.*)
                0x00005320                __exidx_end = .

.rodata         0x00005320      0x320
 *(.rodata .rodata.* .gnu.linkonce.r.*)
 .rodata.str1.4
                0x00005320       0x19 .\CortexM3\ARM_GCC_541\Debug\main.o
 *fill*         0x00005339        0x3 
 .rodata.str1.4
                0x0000533c      0x1be .\CortexM3\ARM_GCC_541\Debug\mpu6050.o
 *fill*         0x000054fa        0x2 
 .rodata.str1.4
                0x000054fc       0x12 .\CortexM3\ARM_GCC_541\Debug\utilities.o
 *fill*         0x0000550e        0x2 
 .rodata        0x00005510       0x62 .\CortexM3\ARM_GCC_541\Debug\cyfitter_cfg.o
                0x00005510                AMux__addrTable
                0x00005520                AMux__maskTable
                0x00005524                ADC_AMux__addrTable
                0x0000552c                ADC_AMux__maskTable
 *fill*         0x00005572        0x2 
 .rodata.str1.4
                0x00005574        0x4 c:/program files (x86)/cypress/psoc creator/4.4/psoc creator/import/gnu/arm/5.4.1/bin/../lib/gcc/arm-none-eabi/5.4.1/../../../../arm-none-eabi/lib/armv7-m\libm.a(lib_a-w_pow.o)
 .rodata.str1.4
                0x00005578        0x5 c:/program files (x86)/cypress/psoc creator/4.4/psoc creator/import/gnu/arm/5.4.1/bin/../lib/gcc/arm-none-eabi/5.4.1/../../../../arm-none-eabi/lib/armv7-m\libm.a(lib_a-w_sqrt.o)
 .rodata.str1.4
                0x0000557d        0x8 c:/program files (x86)/cypress/psoc creator/4.4/psoc creator/import/gnu/arm/5.4.1/bin/../lib/gcc/arm-none-eabi/5.4.1/../../../../arm-none-eabi/lib/armv7-m\libm.a(lib_a-e_pow.o)
                                  0x1 (size before relaxing)
 *fill*         0x0000557d        0x3 
 .rodata.atanlo
                0x00005580       0x20 c:/program files (x86)/cypress/psoc creator/4.4/psoc creator/import/gnu/arm/5.4.1/bin/../lib/gcc/arm-none-eabi/5.4.1/../../../../arm-none-eabi/lib/armv7-m\libm.a(lib_a-s_atan.o)
 .rodata.atanhi
                0x000055a0       0x20 c:/program files (x86)/cypress/psoc creator/4.4/psoc creator/import/gnu/arm/5.4.1/bin/../lib/gcc/arm-none-eabi/5.4.1/../../../../arm-none-eabi/lib/armv7-m\libm.a(lib_a-s_atan.o)
 .rodata.TWO52  0x000055c0       0x10 c:/program files (x86)/cypress/psoc creator/4.4/psoc creator/import/gnu/arm/5.4.1/bin/../lib/gcc/arm-none-eabi/5.4.1/../../../../arm-none-eabi/lib/armv7-m\libm.a(lib_a-s_rint.o)
 .rodata.str1.1
                0x000055d0        0x2 c:/program files (x86)/cypress/psoc creator/4.4/psoc creator/import/gnu/arm/5.4.1/bin/../lib/gcc/arm-none-eabi/5.4.1/../../../../arm-none-eabi/lib/armv7-m\libg_nano.a(lib_a-impure.o)
 .rodata.str1.1
                0x000055d2       0x11 c:/program files (x86)/cypress/psoc creator/4.4/psoc creator/import/gnu/arm/5.4.1/bin/../lib/gcc/arm-none-eabi/5.4.1/../../../../arm-none-eabi/lib/armv7-m\libg_nano.a(lib_a-nano-svfprintf.o)
 .rodata.str1.1
                0x000055e3       0x22 c:/program files (x86)/cypress/psoc creator/4.4/psoc creator/import/gnu/arm/5.4.1/bin/../lib/gcc/arm-none-eabi/5.4.1/../../../../arm-none-eabi/lib/armv7-m\libg_nano.a(lib_a-nano-vfprintf_i.o)
                0x00005608                . = ALIGN (0x4)
 *fill*         0x00005605        0x3 
 *(.init)
 .init          0x00005608        0x4 c:/program files (x86)/cypress/psoc creator/4.4/psoc creator/import/gnu/arm/5.4.1/bin/../lib/gcc/arm-none-eabi/5.4.1/armv7-m/crti.o
                0x00005608                _init
 .init          0x0000560c        0x8 c:/program files (x86)/cypress/psoc creator/4.4/psoc creator/import/gnu/arm/5.4.1/bin/../lib/gcc/arm-none-eabi/5.4.1/armv7-m/crtn.o
                0x00005614                . = ALIGN (0x4)
                0x00005614                __preinit_array_start = .
 *(.preinit_array)
                0x00005614                __preinit_array_end = .
                0x00005614                . = ALIGN (0x4)
                0x00005614                __init_array_start = .
 *(SORT(.init_array.*))
 *(.init_array)
 .init_array    0x00005614        0x4 c:/program files (x86)/cypress/psoc creator/4.4/psoc creator/import/gnu/arm/5.4.1/bin/../lib/gcc/arm-none-eabi/5.4.1/armv7-m/crtbegin.o
 .init_array    0x00005618        0x4 .\CortexM3\ARM_GCC_541\Debug\Cm3Start.o
                0x0000561c                __init_array_end = .
                0x0000561c                . = ALIGN (0x4)
 *(.fini)
 .fini          0x0000561c        0x4 c:/program files (x86)/cypress/psoc creator/4.4/psoc creator/import/gnu/arm/5.4.1/bin/../lib/gcc/arm-none-eabi/5.4.1/armv7-m/crti.o
                0x0000561c                _fini
 .fini          0x00005620        0x8 c:/program files (x86)/cypress/psoc creator/4.4/psoc creator/import/gnu/arm/5.4.1/bin/../lib/gcc/arm-none-eabi/5.4.1/armv7-m/crtn.o
                0x00005628                . = ALIGN (0x4)
                0x00005628                __fini_array_start = .
 *(.fini_array)
 .fini_array    0x00005628        0x4 c:/program files (x86)/cypress/psoc creator/4.4/psoc creator/import/gnu/arm/5.4.1/bin/../lib/gcc/arm-none-eabi/5.4.1/armv7-m/crtbegin.o
 *(SORT(.fini_array.*))
                0x0000562c                __fini_array_end = .
                0x0000562c                . = ALIGN (0x4)
 *crtbegin.o(.ctors)
 *(EXCLUDE_FILE(*crtend.o) .ctors)
 *(SORT(.ctors.*))
 *crtend.o(.ctors)
                0x0000562c                . = ALIGN (0x4)
 *crtbegin.o(.dtors)
 *(EXCLUDE_FILE(*crtend.o) .dtors)
 *(SORT(.dtors.*))
 *crtend.o(.dtors)
                0x0000562c                . = ALIGN (0x4)
                0x0000562c                __cy_regions = .
                0x0000562c        0x4 LONG 0x5640 __cy_region_init_ram
                0x00005630        0x4 LONG 0x1fff80c8 __cy_region_start_data
                0x00005634        0x4 LONG 0x80 __cy_region_init_size_ram
                0x00005638        0x4 LONG 0x1198 __cy_region_zero_size_ram
                0x0000563c                __cy_regions_end = .
                0x00005640                . = ALIGN (0x8)
 *fill*         0x0000563c        0x4 
                0x00005640                _etext = .

.cy_checksum_exclude
                0x00005640        0x0
 *(.cy_checksum_exclude)

.ramvectors     0x1fff8000       0xc0
                0x1fff8000                __cy_region_start_ram = .
 *(.ramvectors)
 .ramvectors    0x1fff8000       0xc0 .\CortexM3\ARM_GCC_541\Debug\Cm3Start.o
                0x1fff8000                CyRamVectors

.noinit         0x1fff80c0        0x1
 *(.noinit)
 .noinit        0x1fff80c0        0x1 .\CortexM3\ARM_GCC_541\Debug\Gimbal.a(CyLib.o)
                0x1fff80c0                CyResetStatus

.data           0x1fff80c8       0x80 load address 0x00005640
                0x1fff80c8                __cy_region_start_data = .
 *(.jcr)
 .jcr           0x1fff80c8        0x0 c:/program files (x86)/cypress/psoc creator/4.4/psoc creator/import/gnu/arm/5.4.1/bin/../lib/gcc/arm-none-eabi/5.4.1/armv7-m/crtbegin.o
 .jcr           0x1fff80c8        0x4 c:/program files (x86)/cypress/psoc creator/4.4/psoc creator/import/gnu/arm/5.4.1/bin/../lib/gcc/arm-none-eabi/5.4.1/armv7-m/crtend.o
 *(.got.plt)
 *(.got)
 *(.shdata)
 *(.data .data.* .gnu.linkonce.d.*)
 .data          0x1fff80cc        0x4 .\CortexM3\ARM_GCC_541\Debug\Cm3Start.o
 .data          0x1fff80d0       0x10 .\CortexM3\ARM_GCC_541\Debug\Gimbal.a(CyLib.o)
                0x1fff80d0                cydelay_32k_ms
                0x1fff80d4                cydelay_freq_khz
                0x1fff80d8                cydelay_freq_mhz
                0x1fff80dc                cydelay_freq_hz
 .data          0x1fff80e0        0x1 .\CortexM3\ARM_GCC_541\Debug\Gimbal.a(AMux.o)
 .data          0x1fff80e1        0x1 .\CortexM3\ARM_GCC_541\Debug\Gimbal.a(ADC.o)
                0x1fff80e1                ADC_Config
 .data          0x1fff80e2        0x1 .\CortexM3\ARM_GCC_541\Debug\Gimbal.a(ADC_AMux.o)
 .data.__fdlib_version
                0x1fff80e3        0x1 c:/program files (x86)/cypress/psoc creator/4.4/psoc creator/import/gnu/arm/5.4.1/bin/../lib/gcc/arm-none-eabi/5.4.1/../../../../arm-none-eabi/lib/armv7-m\libm.a(lib_a-s_lib_ver.o)
                0x1fff80e3                __fdlib_version
 .data.impure_data
                0x1fff80e4       0x60 c:/program files (x86)/cypress/psoc creator/4.4/psoc creator/import/gnu/arm/5.4.1/bin/../lib/gcc/arm-none-eabi/5.4.1/../../../../arm-none-eabi/lib/armv7-m\libg_nano.a(lib_a-impure.o)
 .data._impure_ptr
                0x1fff8144        0x4 c:/program files (x86)/cypress/psoc creator/4.4/psoc creator/import/gnu/arm/5.4.1/bin/../lib/gcc/arm-none-eabi/5.4.1/../../../../arm-none-eabi/lib/armv7-m\libg_nano.a(lib_a-impure.o)
                0x1fff8144                _impure_ptr
                0x1fff8148                . = ALIGN (0x8)
 *(.ram)
                0x1fff8148                _edata = .

.igot.plt       0x1fff8148        0x0 load address 0x000056c0
 .igot.plt      0x1fff8148        0x0 c:/program files (x86)/cypress/psoc creator/4.4/psoc creator/import/gnu/arm/5.4.1/bin/../lib/gcc/arm-none-eabi/5.4.1/armv7-m/crtbegin.o

.bss            0x1fff8148     0x1198 load address 0x000056c0
                0x1fff8148                PROVIDE (__bss_start__, .)
 *(.shbss)
 *(.bss .bss.* .gnu.linkonce.b.*)
 .bss           0x1fff8148       0x1c c:/program files (x86)/cypress/psoc creator/4.4/psoc creator/import/gnu/arm/5.4.1/bin/../lib/gcc/arm-none-eabi/5.4.1/armv7-m/crtbegin.o
 .bss           0x1fff8164        0x2 .\CortexM3\ARM_GCC_541\Debug\main.o
                0x1fff8164                mode
                0x1fff8165                just_switched
 *fill*         0x1fff8166        0x2 
 .bss           0x1fff8168       0x8c .\CortexM3\ARM_GCC_541\Debug\mpu6050.o
                0x1fff81ec                MPU6050_is_calibrated
 .bss           0x1fff81f4       0x18 .\CortexM3\ARM_GCC_541\Debug\motor_control.o
                0x1fff81f8                potentio_cmd
                0x1fff81fc                servo_cmd_1
                0x1fff8200                servo_cmd_2
                0x1fff8204                servo_previous_cmd_2
                0x1fff8208                servo_previous_cmd_1
 .bss           0x1fff820c      0xfd6 .\CortexM3\ARM_GCC_541\Debug\utilities.o
                0x1fff91b0                lcd_orientation
 .bss           0x1fff91e2        0x2 .\CortexM3\ARM_GCC_541\Debug\Gimbal.a(UART.o)
                0x1fff91e2                UART_initVar
 .bss           0x1fff91e4        0x1 .\CortexM3\ARM_GCC_541\Debug\Gimbal.a(I2C_MPU6050.o)
                0x1fff91e4                I2C_MPU6050_initVar
 .bss           0x1fff91e5        0x1 .\CortexM3\ARM_GCC_541\Debug\Gimbal.a(Timer.o)
                0x1fff91e5                Timer_initVar
 .bss           0x1fff91e6        0x2 .\CortexM3\ARM_GCC_541\Debug\Gimbal.a(LCD.o)
                0x1fff91e6                LCD_enableState
                0x1fff91e7                LCD_initVar
 .bss           0x1fff91e8       0x18 .\CortexM3\ARM_GCC_541\Debug\Gimbal.a(ADC.o)
                0x1fff91f8                ADC_stopConversion
                0x1fff91f9                ADC_convDone
                0x1fff91fa                ADC_initVar
                0x1fff91fb                ADC_started
                0x1fff91fc                ADC_Offset
 .bss           0x1fff9200        0x1 .\CortexM3\ARM_GCC_541\Debug\Gimbal.a(PWM.o)
                0x1fff9200                PWM_initVar
 *fill*         0x1fff9201        0x3 
 .bss.__malloc_sbrk_start
                0x1fff9204        0x4 c:/program files (x86)/cypress/psoc creator/4.4/psoc creator/import/gnu/arm/5.4.1/bin/../lib/gcc/arm-none-eabi/5.4.1/../../../../arm-none-eabi/lib/armv7-m\libg_nano.a(lib_a-nano-mallocr.o)
                0x1fff9204                __malloc_sbrk_start
 .bss.__malloc_free_list
                0x1fff9208        0x4 c:/program files (x86)/cypress/psoc creator/4.4/psoc creator/import/gnu/arm/5.4.1/bin/../lib/gcc/arm-none-eabi/5.4.1/../../../../arm-none-eabi/lib/armv7-m\libg_nano.a(lib_a-nano-mallocr.o)
                0x1fff9208                __malloc_free_list
 *(COMMON)
 COMMON         0x1fff920c       0x34 .\CortexM3\ARM_GCC_541\Debug\main.o
                0x1fff920c                detect
                0x1fff923e                sw1
                0x1fff923f                sw2
 COMMON         0x1fff9240       0x80 .\CortexM3\ARM_GCC_541\Debug\mpu6050.o
                0x1fff9240                str
 COMMON         0x1fff92c0        0x1 .\CortexM3\ARM_GCC_541\Debug\Gimbal.a(I2C_MPU6050.o)
                0x1fff92c0                I2C_MPU6050_state
 *fill*         0x1fff92c1        0x3 
 COMMON         0x1fff92c4       0x10 .\CortexM3\ARM_GCC_541\Debug\Gimbal.a(I2C_MPU6050_MASTER.o)
                0x1fff92c4                I2C_MPU6050_mstrRdBufIndex
                0x1fff92c5                I2C_MPU6050_mstrWrBufSize
                0x1fff92c6                I2C_MPU6050_mstrControl
                0x1fff92c7                I2C_MPU6050_mstrWrBufIndex
                0x1fff92c8                I2C_MPU6050_mstrWrBufPtr
                0x1fff92cc                I2C_MPU6050_mstrRdBufSize
                0x1fff92cd                I2C_MPU6050_mstrStatus
                0x1fff92d0                I2C_MPU6050_mstrRdBufPtr
 COMMON         0x1fff92d4        0x4 .\CortexM3\ARM_GCC_541\Debug\Gimbal.a(ADC.o)
                0x1fff92d4                ADC_CountsPerVolt
 COMMON         0x1fff92d8        0x4 c:/program files (x86)/cypress/psoc creator/4.4/psoc creator/import/gnu/arm/5.4.1/bin/../lib/gcc/arm-none-eabi/5.4.1/../../../../arm-none-eabi/lib/armv7-m\libg_nano.a(lib_a-reent.o)
                0x1fff92d8                errno
                0x1fff92e0                . = ALIGN (0x8)
 *fill*         0x1fff92dc        0x4 
 *(.ram.b)
                0x1fff92e0                _end = .
                0x1fff92e0                __end = .
                0x1fff92e0                PROVIDE (end, .)
                0x1fff92e0                PROVIDE (__bss_end__, .)
                0x00005640                __cy_region_init_ram = LOADADDR (.data)
                0x00000080                __cy_region_init_size_ram = (_edata - ADDR (.data))
                0x00001198                __cy_region_zero_size_ram = (_end - _edata)

.heap           0x1fff92e0       0x80 load address 0x000056c0
                0x1fff92e0                . = _end
                0x1fff9360                . = (. + 0x80)
 *fill*         0x1fff92e0       0x80 
                0x1fff9360                __cy_heap_limit = .

.stack          0x20007800      0x800
                0x20007800                __cy_stack_limit = .
                0x20008000                . = (. + 0x800)
 *fill*         0x20007800      0x800 
                0x00000001                ASSERT ((__cy_stack_limit >= __cy_heap_limit), region RAM overflowed with stack)
                0x00000000                cy_checksum_exclude_size = (CY_APPL_LOADABLE == 0x1)?SIZEOF (.cy_checksum_exclude):0x0
                0x00000001                ASSERT ((cy_checksum_exclude_size <= CY_CHECKSUM_EXCLUDE_SIZE), CY_BOOT: Section .cy_checksum_exclude size exceedes specified limit.)

.cyloadermeta
 *(.cyloadermeta)

.cyloadablemeta
 *(.cyloadablemeta)

.cyconfigecc    0x80000000      0x5a0
 *(.cyconfigecc)
 .cyconfigecc   0x80000000      0x5a0 .\CortexM3\ARM_GCC_541\Debug\cymetadata.o
                0x80000000                cy_meta_configecc

.cycustnvl      0x90000000        0x4
 *(.cycustnvl)
 .cycustnvl     0x90000000        0x4 .\CortexM3\ARM_GCC_541\Debug\cymetadata.o
                0x90000000                cy_meta_custnvl

.cywolatch      0x90100000        0x4
 *(.cywolatch)
 .cywolatch     0x90100000        0x4 .\CortexM3\ARM_GCC_541\Debug\cymetadata.o
                0x90100000                cy_meta_wonvl

.cyeeprom       0x90200000        0x0
 *(.cyeeprom)
                0x00000001                ASSERT ((. <= ((0x90200000 + ee_offset) + ee_size)), .cyeeprom data will not fit in EEPROM)

.cyflashprotect
                0x90400000      0x100
 *(.cyflashprotect)
 .cyflashprotect
                0x90400000      0x100 .\CortexM3\ARM_GCC_541\Debug\cymetadata.o
                0x90400000                cy_meta_flashprotect

.cymeta         0x90500000        0xc
 *(.cymeta)
 .cymeta        0x90500000        0xc .\CortexM3\ARM_GCC_541\Debug\cymetadata.o
                0x90500000                cy_metadata

.rel.dyn        0x000056c0        0x0 load address 0x9050000c
 .rel.iplt      0x000056c0        0x0 c:/program files (x86)/cypress/psoc creator/4.4/psoc creator/import/gnu/arm/5.4.1/bin/../lib/gcc/arm-none-eabi/5.4.1/armv7-m/crtbegin.o

.stab
 *(.stab)

.stabstr
 *(.stabstr)

.debug
 *(.debug)

.line
 *(.line)

.debug_srcinfo
 *(.debug_srcinfo)

.debug_sfnames
 *(.debug_sfnames)

.debug_aranges  0x00000000      0xf80
 *(.debug_aranges)
 .debug_aranges
                0x00000000       0x20 .\CortexM3\ARM_GCC_541\Debug\main.o
 .debug_aranges
                0x00000020       0x88 .\CortexM3\ARM_GCC_541\Debug\mpu6050.o
 .debug_aranges
                0x000000a8       0x58 .\CortexM3\ARM_GCC_541\Debug\motor_control.o
 .debug_aranges
                0x00000100       0x50 .\CortexM3\ARM_GCC_541\Debug\utilities.o
 .debug_aranges
                0x00000150       0x28 .\CortexM3\ARM_GCC_541\Debug\keypad.o
 .debug_aranges
                0x00000178       0x78 .\CortexM3\ARM_GCC_541\Debug\cyfitter_cfg.o
 .debug_aranges
                0x000001f0       0x18 .\CortexM3\ARM_GCC_541\Debug\cymetadata.o
 .debug_aranges
                0x00000208       0x48 .\CortexM3\ARM_GCC_541\Debug\Cm3Start.o
 .debug_aranges
                0x00000250      0x2a0 .\CortexM3\ARM_GCC_541\Debug\Gimbal.a(CyLib.o)
 .debug_aranges
                0x000004f0       0x98 .\CortexM3\ARM_GCC_541\Debug\Gimbal.a(cyPm.o)
 .debug_aranges
                0x00000588       0xf0 .\CortexM3\ARM_GCC_541\Debug\Gimbal.a(UART.o)
 .debug_aranges
                0x00000678       0x70 .\CortexM3\ARM_GCC_541\Debug\Gimbal.a(UART_IntClock.o)
 .debug_aranges
                0x000006e8       0x38 .\CortexM3\ARM_GCC_541\Debug\Gimbal.a(I2C_MPU6050.o)
 .debug_aranges
                0x00000720       0x38 .\CortexM3\ARM_GCC_541\Debug\Gimbal.a(I2C_MPU6050_PM.o)
 .debug_aranges
                0x00000758       0x20 .\CortexM3\ARM_GCC_541\Debug\Gimbal.a(I2C_MPU6050_INT.o)
 .debug_aranges
                0x00000778       0x80 .\CortexM3\ARM_GCC_541\Debug\Gimbal.a(I2C_MPU6050_MASTER.o)
 .debug_aranges
                0x000007f8       0x88 .\CortexM3\ARM_GCC_541\Debug\Gimbal.a(Timer.o)
 .debug_aranges
                0x00000880       0x80 .\CortexM3\ARM_GCC_541\Debug\Gimbal.a(ISR.o)
 .debug_aranges
                0x00000900       0x98 .\CortexM3\ARM_GCC_541\Debug\Gimbal.a(LCD.o)
 .debug_aranges
                0x00000998       0x30 .\CortexM3\ARM_GCC_541\Debug\Gimbal.a(AMux.o)
 .debug_aranges
                0x000009c8       0xe8 .\CortexM3\ARM_GCC_541\Debug\Gimbal.a(ADC.o)
 .debug_aranges
                0x00000ab0       0x38 .\CortexM3\ARM_GCC_541\Debug\Gimbal.a(ADC_INT.o)
 .debug_aranges
                0x00000ae8       0x30 .\CortexM3\ARM_GCC_541\Debug\Gimbal.a(ADC_AMux.o)
 .debug_aranges
                0x00000b18       0x70 .\CortexM3\ARM_GCC_541\Debug\Gimbal.a(ADC_Ext_CP_Clk.o)
 .debug_aranges
                0x00000b88       0x80 .\CortexM3\ARM_GCC_541\Debug\Gimbal.a(ADC_theACLK.o)
 .debug_aranges
                0x00000c08       0xa8 .\CortexM3\ARM_GCC_541\Debug\Gimbal.a(PWM.o)
 .debug_aranges
                0x00000cb0       0x38 .\CortexM3\ARM_GCC_541\Debug\Gimbal.a(SW1.o)
 .debug_aranges
                0x00000ce8       0x38 .\CortexM3\ARM_GCC_541\Debug\Gimbal.a(LED1.o)
 .debug_aranges
                0x00000d20       0x38 .\CortexM3\ARM_GCC_541\Debug\Gimbal.a(LED2.o)
 .debug_aranges
                0x00000d58       0x38 .\CortexM3\ARM_GCC_541\Debug\Gimbal.a(LED3.o)
 .debug_aranges
                0x00000d90       0x38 .\CortexM3\ARM_GCC_541\Debug\Gimbal.a(LED4.o)
 .debug_aranges
                0x00000dc8       0x38 .\CortexM3\ARM_GCC_541\Debug\Gimbal.a(SW2.o)
 .debug_aranges
                0x00000e00       0x58 .\CortexM3\ARM_GCC_541\Debug\Gimbal.a(VDAC8.o)
 .debug_aranges
                0x00000e58       0x20 .\CortexM3\ARM_GCC_541\Debug\Gimbal.a(CyBootAsmGnu.o)
 .debug_aranges
                0x00000e78       0x88 .\CortexM3\ARM_GCC_541\Debug\Gimbal.a(CyFlash.o)
 .debug_aranges
                0x00000f00       0x80 .\CortexM3\ARM_GCC_541\Debug\Gimbal.a(CySpc.o)

.debug_pubnames
 *(.debug_pubnames)

.debug_info     0x00000000     0x94b8
 *(.debug_info .gnu.linkonce.wi.*)
 .debug_info    0x00000000      0x43c .\CortexM3\ARM_GCC_541\Debug\main.o
 .debug_info    0x0000043c      0xc2c .\CortexM3\ARM_GCC_541\Debug\mpu6050.o
 .debug_info    0x00001068      0x3a4 .\CortexM3\ARM_GCC_541\Debug\motor_control.o
 .debug_info    0x0000140c      0x540 .\CortexM3\ARM_GCC_541\Debug\utilities.o
 .debug_info    0x0000194c      0x52a .\CortexM3\ARM_GCC_541\Debug\keypad.o
 .debug_info    0x00001e76      0x750 .\CortexM3\ARM_GCC_541\Debug\cyfitter_cfg.o
 .debug_info    0x000025c6      0x136 .\CortexM3\ARM_GCC_541\Debug\cymetadata.o
 .debug_info    0x000026fc      0x3bb .\CortexM3\ARM_GCC_541\Debug\Cm3Start.o
 .debug_info    0x00002ab7     0x1374 .\CortexM3\ARM_GCC_541\Debug\Gimbal.a(CyLib.o)
 .debug_info    0x00003e2b      0xa2a .\CortexM3\ARM_GCC_541\Debug\Gimbal.a(cyPm.o)
 .debug_info    0x00004855      0x60c .\CortexM3\ARM_GCC_541\Debug\Gimbal.a(UART.o)
 .debug_info    0x00004e61      0x283 .\CortexM3\ARM_GCC_541\Debug\Gimbal.a(UART_IntClock.o)
 .debug_info    0x000050e4      0x2ab .\CortexM3\ARM_GCC_541\Debug\Gimbal.a(I2C_MPU6050.o)
 .debug_info    0x0000538f      0x207 .\CortexM3\ARM_GCC_541\Debug\Gimbal.a(I2C_MPU6050_PM.o)
 .debug_info    0x00005596      0x184 .\CortexM3\ARM_GCC_541\Debug\Gimbal.a(I2C_MPU6050_INT.o)
 .debug_info    0x0000571a      0x407 .\CortexM3\ARM_GCC_541\Debug\Gimbal.a(I2C_MPU6050_MASTER.o)
 .debug_info    0x00005b21      0x295 .\CortexM3\ARM_GCC_541\Debug\Gimbal.a(Timer.o)
 .debug_info    0x00005db6      0x2d2 .\CortexM3\ARM_GCC_541\Debug\Gimbal.a(ISR.o)
 .debug_info    0x00006088      0x715 .\CortexM3\ARM_GCC_541\Debug\Gimbal.a(LCD.o)
 .debug_info    0x0000679d      0x165 .\CortexM3\ARM_GCC_541\Debug\Gimbal.a(AMux.o)
 .debug_info    0x00006902      0xbf1 .\CortexM3\ARM_GCC_541\Debug\Gimbal.a(ADC.o)
 .debug_info    0x000074f3       0xd3 .\CortexM3\ARM_GCC_541\Debug\Gimbal.a(ADC_INT.o)
 .debug_info    0x000075c6      0x165 .\CortexM3\ARM_GCC_541\Debug\Gimbal.a(ADC_AMux.o)
 .debug_info    0x0000772b      0x283 .\CortexM3\ARM_GCC_541\Debug\Gimbal.a(ADC_Ext_CP_Clk.o)
 .debug_info    0x000079ae      0x2c4 .\CortexM3\ARM_GCC_541\Debug\Gimbal.a(ADC_theACLK.o)
 .debug_info    0x00007c72      0x3a4 .\CortexM3\ARM_GCC_541\Debug\Gimbal.a(PWM.o)
 .debug_info    0x00008016      0x11f .\CortexM3\ARM_GCC_541\Debug\Gimbal.a(SW1.o)
 .debug_info    0x00008135      0x11f .\CortexM3\ARM_GCC_541\Debug\Gimbal.a(LED1.o)
 .debug_info    0x00008254      0x11f .\CortexM3\ARM_GCC_541\Debug\Gimbal.a(LED2.o)
 .debug_info    0x00008373      0x11f .\CortexM3\ARM_GCC_541\Debug\Gimbal.a(LED3.o)
 .debug_info    0x00008492      0x11f .\CortexM3\ARM_GCC_541\Debug\Gimbal.a(LED4.o)
 .debug_info    0x000085b1      0x11f .\CortexM3\ARM_GCC_541\Debug\Gimbal.a(SW2.o)
 .debug_info    0x000086d0      0x1e0 .\CortexM3\ARM_GCC_541\Debug\Gimbal.a(VDAC8.o)
 .debug_info    0x000088b0       0x6b .\CortexM3\ARM_GCC_541\Debug\Gimbal.a(CyBootAsmGnu.o)
 .debug_info    0x0000891b      0x64d .\CortexM3\ARM_GCC_541\Debug\Gimbal.a(CyFlash.o)
 .debug_info    0x00008f68      0x550 .\CortexM3\ARM_GCC_541\Debug\Gimbal.a(CySpc.o)

.debug_abbrev   0x00000000     0x2944
 *(.debug_abbrev)
 .debug_abbrev  0x00000000      0x118 .\CortexM3\ARM_GCC_541\Debug\main.o
 .debug_abbrev  0x00000118      0x270 .\CortexM3\ARM_GCC_541\Debug\mpu6050.o
 .debug_abbrev  0x00000388      0x183 .\CortexM3\ARM_GCC_541\Debug\motor_control.o
 .debug_abbrev  0x0000050b      0x196 .\CortexM3\ARM_GCC_541\Debug\utilities.o
 .debug_abbrev  0x000006a1       0xe8 .\CortexM3\ARM_GCC_541\Debug\keypad.o
 .debug_abbrev  0x00000789      0x22d .\CortexM3\ARM_GCC_541\Debug\cyfitter_cfg.o
 .debug_abbrev  0x000009b6       0x77 .\CortexM3\ARM_GCC_541\Debug\cymetadata.o
 .debug_abbrev  0x00000a2d      0x1e8 .\CortexM3\ARM_GCC_541\Debug\Cm3Start.o
 .debug_abbrev  0x00000c15      0x254 .\CortexM3\ARM_GCC_541\Debug\Gimbal.a(CyLib.o)
 .debug_abbrev  0x00000e69      0x1ab .\CortexM3\ARM_GCC_541\Debug\Gimbal.a(cyPm.o)
 .debug_abbrev  0x00001014      0x175 .\CortexM3\ARM_GCC_541\Debug\Gimbal.a(UART.o)
 .debug_abbrev  0x00001189      0x139 .\CortexM3\ARM_GCC_541\Debug\Gimbal.a(UART_IntClock.o)
 .debug_abbrev  0x000012c2      0x10a .\CortexM3\ARM_GCC_541\Debug\Gimbal.a(I2C_MPU6050.o)
 .debug_abbrev  0x000013cc       0xfe .\CortexM3\ARM_GCC_541\Debug\Gimbal.a(I2C_MPU6050_PM.o)
 .debug_abbrev  0x000014ca       0xb6 .\CortexM3\ARM_GCC_541\Debug\Gimbal.a(I2C_MPU6050_INT.o)
 .debug_abbrev  0x00001580      0x13c .\CortexM3\ARM_GCC_541\Debug\Gimbal.a(I2C_MPU6050_MASTER.o)
 .debug_abbrev  0x000016bc      0x11a .\CortexM3\ARM_GCC_541\Debug\Gimbal.a(Timer.o)
 .debug_abbrev  0x000017d6      0x173 .\CortexM3\ARM_GCC_541\Debug\Gimbal.a(ISR.o)
 .debug_abbrev  0x00001949      0x157 .\CortexM3\ARM_GCC_541\Debug\Gimbal.a(LCD.o)
 .debug_abbrev  0x00001aa0       0xb1 .\CortexM3\ARM_GCC_541\Debug\Gimbal.a(AMux.o)
 .debug_abbrev  0x00001b51      0x1cd .\CortexM3\ARM_GCC_541\Debug\Gimbal.a(ADC.o)
 .debug_abbrev  0x00001d1e       0x42 .\CortexM3\ARM_GCC_541\Debug\Gimbal.a(ADC_INT.o)
 .debug_abbrev  0x00001d60       0xb1 .\CortexM3\ARM_GCC_541\Debug\Gimbal.a(ADC_AMux.o)
 .debug_abbrev  0x00001e11      0x139 .\CortexM3\ARM_GCC_541\Debug\Gimbal.a(ADC_Ext_CP_Clk.o)
 .debug_abbrev  0x00001f4a      0x121 .\CortexM3\ARM_GCC_541\Debug\Gimbal.a(ADC_theACLK.o)
 .debug_abbrev  0x0000206b      0x133 .\CortexM3\ARM_GCC_541\Debug\Gimbal.a(PWM.o)
 .debug_abbrev  0x0000219e       0x90 .\CortexM3\ARM_GCC_541\Debug\Gimbal.a(SW1.o)
 .debug_abbrev  0x0000222e       0x90 .\CortexM3\ARM_GCC_541\Debug\Gimbal.a(LED1.o)
 .debug_abbrev  0x000022be       0x90 .\CortexM3\ARM_GCC_541\Debug\Gimbal.a(LED2.o)
 .debug_abbrev  0x0000234e       0x90 .\CortexM3\ARM_GCC_541\Debug\Gimbal.a(LED3.o)
 .debug_abbrev  0x000023de       0x90 .\CortexM3\ARM_GCC_541\Debug\Gimbal.a(LED4.o)
 .debug_abbrev  0x0000246e       0x90 .\CortexM3\ARM_GCC_541\Debug\Gimbal.a(SW2.o)
 .debug_abbrev  0x000024fe       0xf7 .\CortexM3\ARM_GCC_541\Debug\Gimbal.a(VDAC8.o)
 .debug_abbrev  0x000025f5       0x14 .\CortexM3\ARM_GCC_541\Debug\Gimbal.a(CyBootAsmGnu.o)
 .debug_abbrev  0x00002609      0x1a7 .\CortexM3\ARM_GCC_541\Debug\Gimbal.a(CyFlash.o)
 .debug_abbrev  0x000027b0      0x194 .\CortexM3\ARM_GCC_541\Debug\Gimbal.a(CySpc.o)

.debug_line     0x00000000     0x3ebc
 *(.debug_line)
 .debug_line    0x00000000      0x1eb .\CortexM3\ARM_GCC_541\Debug\main.o
 .debug_line    0x000001eb      0x3cd .\CortexM3\ARM_GCC_541\Debug\mpu6050.o
 .debug_line    0x000005b8      0x22e .\CortexM3\ARM_GCC_541\Debug\motor_control.o
 .debug_line    0x000007e6      0x2d7 .\CortexM3\ARM_GCC_541\Debug\utilities.o
 .debug_line    0x00000abd      0x1a6 .\CortexM3\ARM_GCC_541\Debug\keypad.o
 .debug_line    0x00000c63      0x255 .\CortexM3\ARM_GCC_541\Debug\cyfitter_cfg.o
 .debug_line    0x00000eb8      0x141 .\CortexM3\ARM_GCC_541\Debug\cymetadata.o
 .debug_line    0x00000ff9      0x234 .\CortexM3\ARM_GCC_541\Debug\Cm3Start.o
 .debug_line    0x0000122d      0x816 .\CortexM3\ARM_GCC_541\Debug\Gimbal.a(CyLib.o)
 .debug_line    0x00001a43      0x367 .\CortexM3\ARM_GCC_541\Debug\Gimbal.a(cyPm.o)
 .debug_line    0x00001daa      0x2bc .\CortexM3\ARM_GCC_541\Debug\Gimbal.a(UART.o)
 .debug_line    0x00002066      0x17c .\CortexM3\ARM_GCC_541\Debug\Gimbal.a(UART_IntClock.o)
 .debug_line    0x000021e2       0xf2 .\CortexM3\ARM_GCC_541\Debug\Gimbal.a(I2C_MPU6050.o)
 .debug_line    0x000022d4       0xcb .\CortexM3\ARM_GCC_541\Debug\Gimbal.a(I2C_MPU6050_PM.o)
 .debug_line    0x0000239f      0x124 .\CortexM3\ARM_GCC_541\Debug\Gimbal.a(I2C_MPU6050_INT.o)
 .debug_line    0x000024c3      0x20d .\CortexM3\ARM_GCC_541\Debug\Gimbal.a(I2C_MPU6050_MASTER.o)
 .debug_line    0x000026d0      0x153 .\CortexM3\ARM_GCC_541\Debug\Gimbal.a(Timer.o)
 .debug_line    0x00002823      0x130 .\CortexM3\ARM_GCC_541\Debug\Gimbal.a(ISR.o)
 .debug_line    0x00002953      0x1dc .\CortexM3\ARM_GCC_541\Debug\Gimbal.a(LCD.o)
 .debug_line    0x00002b2f       0xa8 .\CortexM3\ARM_GCC_541\Debug\Gimbal.a(AMux.o)
 .debug_line    0x00002bd7      0x3cf .\CortexM3\ARM_GCC_541\Debug\Gimbal.a(ADC.o)
 .debug_line    0x00002fa6       0x80 .\CortexM3\ARM_GCC_541\Debug\Gimbal.a(ADC_INT.o)
 .debug_line    0x00003026       0xac .\CortexM3\ARM_GCC_541\Debug\Gimbal.a(ADC_AMux.o)
 .debug_line    0x000030d2      0x17d .\CortexM3\ARM_GCC_541\Debug\Gimbal.a(ADC_Ext_CP_Clk.o)
 .debug_line    0x0000324f      0x19d .\CortexM3\ARM_GCC_541\Debug\Gimbal.a(ADC_theACLK.o)
 .debug_line    0x000033ec      0x1aa .\CortexM3\ARM_GCC_541\Debug\Gimbal.a(PWM.o)
 .debug_line    0x00003596       0x90 .\CortexM3\ARM_GCC_541\Debug\Gimbal.a(SW1.o)
 .debug_line    0x00003626       0x91 .\CortexM3\ARM_GCC_541\Debug\Gimbal.a(LED1.o)
 .debug_line    0x000036b7       0x91 .\CortexM3\ARM_GCC_541\Debug\Gimbal.a(LED2.o)
 .debug_line    0x00003748       0x91 .\CortexM3\ARM_GCC_541\Debug\Gimbal.a(LED3.o)
 .debug_line    0x000037d9       0x91 .\CortexM3\ARM_GCC_541\Debug\Gimbal.a(LED4.o)
 .debug_line    0x0000386a       0x90 .\CortexM3\ARM_GCC_541\Debug\Gimbal.a(SW2.o)
 .debug_line    0x000038fa       0xe2 .\CortexM3\ARM_GCC_541\Debug\Gimbal.a(VDAC8.o)
 .debug_line    0x000039dc       0x66 .\CortexM3\ARM_GCC_541\Debug\Gimbal.a(CyBootAsmGnu.o)
 .debug_line    0x00003a42      0x21a .\CortexM3\ARM_GCC_541\Debug\Gimbal.a(CyFlash.o)
 .debug_line    0x00003c5c      0x260 .\CortexM3\ARM_GCC_541\Debug\Gimbal.a(CySpc.o)

.debug_frame    0x00000000     0x2ddc
 *(.debug_frame)
 .debug_frame   0x00000000       0x30 .\CortexM3\ARM_GCC_541\Debug\main.o
 .debug_frame   0x00000030      0x1a0 .\CortexM3\ARM_GCC_541\Debug\mpu6050.o
 .debug_frame   0x000001d0       0xf0 .\CortexM3\ARM_GCC_541\Debug\motor_control.o
 .debug_frame   0x000002c0       0xdc .\CortexM3\ARM_GCC_541\Debug\utilities.o
 .debug_frame   0x0000039c       0x48 .\CortexM3\ARM_GCC_541\Debug\keypad.o
 .debug_frame   0x000003e4      0x13c .\CortexM3\ARM_GCC_541\Debug\cyfitter_cfg.o
 .debug_frame   0x00000520       0xb8 .\CortexM3\ARM_GCC_541\Debug\Cm3Start.o
 .debug_frame   0x000005d8      0x738 .\CortexM3\ARM_GCC_541\Debug\Gimbal.a(CyLib.o)
 .debug_frame   0x00000d10      0x1f8 .\CortexM3\ARM_GCC_541\Debug\Gimbal.a(cyPm.o)
 .debug_frame   0x00000f08      0x250 .\CortexM3\ARM_GCC_541\Debug\Gimbal.a(UART.o)
 .debug_frame   0x00001158       0xe0 .\CortexM3\ARM_GCC_541\Debug\Gimbal.a(UART_IntClock.o)
 .debug_frame   0x00001238       0x90 .\CortexM3\ARM_GCC_541\Debug\Gimbal.a(I2C_MPU6050.o)
 .debug_frame   0x000012c8       0x74 .\CortexM3\ARM_GCC_541\Debug\Gimbal.a(I2C_MPU6050_PM.o)
 .debug_frame   0x0000133c       0x30 .\CortexM3\ARM_GCC_541\Debug\Gimbal.a(I2C_MPU6050_INT.o)
 .debug_frame   0x0000136c      0x138 .\CortexM3\ARM_GCC_541\Debug\Gimbal.a(I2C_MPU6050_MASTER.o)
 .debug_frame   0x000014a4      0x108 .\CortexM3\ARM_GCC_541\Debug\Gimbal.a(Timer.o)
 .debug_frame   0x000015ac      0x104 .\CortexM3\ARM_GCC_541\Debug\Gimbal.a(ISR.o)
 .debug_frame   0x000016b0      0x1e8 .\CortexM3\ARM_GCC_541\Debug\Gimbal.a(LCD.o)
 .debug_frame   0x00001898       0x64 .\CortexM3\ARM_GCC_541\Debug\Gimbal.a(AMux.o)
 .debug_frame   0x000018fc      0x284 .\CortexM3\ARM_GCC_541\Debug\Gimbal.a(ADC.o)
 .debug_frame   0x00001b80       0x50 .\CortexM3\ARM_GCC_541\Debug\Gimbal.a(ADC_INT.o)
 .debug_frame   0x00001bd0       0x64 .\CortexM3\ARM_GCC_541\Debug\Gimbal.a(ADC_AMux.o)
 .debug_frame   0x00001c34       0xe0 .\CortexM3\ARM_GCC_541\Debug\Gimbal.a(ADC_Ext_CP_Clk.o)
 .debug_frame   0x00001d14      0x100 .\CortexM3\ARM_GCC_541\Debug\Gimbal.a(ADC_theACLK.o)
 .debug_frame   0x00001e14      0x154 .\CortexM3\ARM_GCC_541\Debug\Gimbal.a(PWM.o)
 .debug_frame   0x00001f68       0x50 .\CortexM3\ARM_GCC_541\Debug\Gimbal.a(SW1.o)
 .debug_frame   0x00001fb8       0x50 .\CortexM3\ARM_GCC_541\Debug\Gimbal.a(LED1.o)
 .debug_frame   0x00002008       0x50 .\CortexM3\ARM_GCC_541\Debug\Gimbal.a(LED2.o)
 .debug_frame   0x00002058       0x50 .\CortexM3\ARM_GCC_541\Debug\Gimbal.a(LED3.o)
 .debug_frame   0x000020a8       0x50 .\CortexM3\ARM_GCC_541\Debug\Gimbal.a(LED4.o)
 .debug_frame   0x000020f8       0x50 .\CortexM3\ARM_GCC_541\Debug\Gimbal.a(SW2.o)
 .debug_frame   0x00002148       0xb4 .\CortexM3\ARM_GCC_541\Debug\Gimbal.a(VDAC8.o)
 .debug_frame   0x000021fc      0x194 .\CortexM3\ARM_GCC_541\Debug\Gimbal.a(CyFlash.o)
 .debug_frame   0x00002390      0x180 .\CortexM3\ARM_GCC_541\Debug\Gimbal.a(CySpc.o)
 .debug_frame   0x00002510       0x38 c:/program files (x86)/cypress/psoc creator/4.4/psoc creator/import/gnu/arm/5.4.1/bin/../lib/gcc/arm-none-eabi/5.4.1/../../../../arm-none-eabi/lib/armv7-m\libm.a(lib_a-s_sin.o)
 .debug_frame   0x00002548       0x20 c:/program files (x86)/cypress/psoc creator/4.4/psoc creator/import/gnu/arm/5.4.1/bin/../lib/gcc/arm-none-eabi/5.4.1/../../../../arm-none-eabi/lib/armv7-m\libm.a(lib_a-w_atan2.o)
 .debug_frame   0x00002568       0x4c c:/program files (x86)/cypress/psoc creator/4.4/psoc creator/import/gnu/arm/5.4.1/bin/../lib/gcc/arm-none-eabi/5.4.1/../../../../arm-none-eabi/lib/armv7-m\libm.a(lib_a-w_pow.o)
 .debug_frame   0x000025b4       0x44 c:/program files (x86)/cypress/psoc creator/4.4/psoc creator/import/gnu/arm/5.4.1/bin/../lib/gcc/arm-none-eabi/5.4.1/../../../../arm-none-eabi/lib/armv7-m\libm.a(lib_a-w_sqrt.o)
 .debug_frame   0x000025f8       0x48 c:/program files (x86)/cypress/psoc creator/4.4/psoc creator/import/gnu/arm/5.4.1/bin/../lib/gcc/arm-none-eabi/5.4.1/../../../../arm-none-eabi/lib/armv7-m\libm.a(lib_a-e_atan2.o)
 .debug_frame   0x00002640       0x68 c:/program files (x86)/cypress/psoc creator/4.4/psoc creator/import/gnu/arm/5.4.1/bin/../lib/gcc/arm-none-eabi/5.4.1/../../../../arm-none-eabi/lib/armv7-m\libm.a(lib_a-e_pow.o)
 .debug_frame   0x000026a8       0x48 c:/program files (x86)/cypress/psoc creator/4.4/psoc creator/import/gnu/arm/5.4.1/bin/../lib/gcc/arm-none-eabi/5.4.1/../../../../arm-none-eabi/lib/armv7-m\libm.a(lib_a-e_rem_pio2.o)
 .debug_frame   0x000026f0       0x30 c:/program files (x86)/cypress/psoc creator/4.4/psoc creator/import/gnu/arm/5.4.1/bin/../lib/gcc/arm-none-eabi/5.4.1/../../../../arm-none-eabi/lib/armv7-m\libm.a(lib_a-e_sqrt.o)
 .debug_frame   0x00002720       0x4c c:/program files (x86)/cypress/psoc creator/4.4/psoc creator/import/gnu/arm/5.4.1/bin/../lib/gcc/arm-none-eabi/5.4.1/../../../../arm-none-eabi/lib/armv7-m\libm.a(lib_a-k_cos.o)
 .debug_frame   0x0000276c       0x50 c:/program files (x86)/cypress/psoc creator/4.4/psoc creator/import/gnu/arm/5.4.1/bin/../lib/gcc/arm-none-eabi/5.4.1/../../../../arm-none-eabi/lib/armv7-m\libm.a(lib_a-k_rem_pio2.o)
 .debug_frame   0x000027bc       0x48 c:/program files (x86)/cypress/psoc creator/4.4/psoc creator/import/gnu/arm/5.4.1/bin/../lib/gcc/arm-none-eabi/5.4.1/../../../../arm-none-eabi/lib/armv7-m\libm.a(lib_a-k_sin.o)
 .debug_frame   0x00002804       0x38 c:/program files (x86)/cypress/psoc creator/4.4/psoc creator/import/gnu/arm/5.4.1/bin/../lib/gcc/arm-none-eabi/5.4.1/../../../../arm-none-eabi/lib/armv7-m\libm.a(lib_a-s_atan.o)
 .debug_frame   0x0000283c       0x20 c:/program files (x86)/cypress/psoc creator/4.4/psoc creator/import/gnu/arm/5.4.1/bin/../lib/gcc/arm-none-eabi/5.4.1/../../../../arm-none-eabi/lib/armv7-m\libm.a(lib_a-s_fabs.o)
 .debug_frame   0x0000285c       0x20 c:/program files (x86)/cypress/psoc creator/4.4/psoc creator/import/gnu/arm/5.4.1/bin/../lib/gcc/arm-none-eabi/5.4.1/../../../../arm-none-eabi/lib/armv7-m\libm.a(lib_a-s_finite.o)
 .debug_frame   0x0000287c       0x34 c:/program files (x86)/cypress/psoc creator/4.4/psoc creator/import/gnu/arm/5.4.1/bin/../lib/gcc/arm-none-eabi/5.4.1/../../../../arm-none-eabi/lib/armv7-m\libm.a(lib_a-s_floor.o)
 .debug_frame   0x000028b0       0x20 c:/program files (x86)/cypress/psoc creator/4.4/psoc creator/import/gnu/arm/5.4.1/bin/../lib/gcc/arm-none-eabi/5.4.1/../../../../arm-none-eabi/lib/armv7-m\libm.a(lib_a-s_matherr.o)
 .debug_frame   0x000028d0       0x20 c:/program files (x86)/cypress/psoc creator/4.4/psoc creator/import/gnu/arm/5.4.1/bin/../lib/gcc/arm-none-eabi/5.4.1/../../../../arm-none-eabi/lib/armv7-m\libm.a(lib_a-s_nan.o)
 .debug_frame   0x000028f0       0x3c c:/program files (x86)/cypress/psoc creator/4.4/psoc creator/import/gnu/arm/5.4.1/bin/../lib/gcc/arm-none-eabi/5.4.1/../../../../arm-none-eabi/lib/armv7-m\libm.a(lib_a-s_rint.o)
 .debug_frame   0x0000292c       0x30 c:/program files (x86)/cypress/psoc creator/4.4/psoc creator/import/gnu/arm/5.4.1/bin/../lib/gcc/arm-none-eabi/5.4.1/../../../../arm-none-eabi/lib/armv7-m\libm.a(lib_a-s_scalbn.o)
 .debug_frame   0x0000295c       0x20 c:/program files (x86)/cypress/psoc creator/4.4/psoc creator/import/gnu/arm/5.4.1/bin/../lib/gcc/arm-none-eabi/5.4.1/../../../../arm-none-eabi/lib/armv7-m\libm.a(lib_a-s_copysign.o)
 .debug_frame   0x0000297c       0x20 c:/program files (x86)/cypress/psoc creator/4.4/psoc creator/import/gnu/arm/5.4.1/bin/../lib/gcc/arm-none-eabi/5.4.1/../../../../arm-none-eabi/lib/armv7-m\libg_nano.a(lib_a-errno.o)
 .debug_frame   0x0000299c       0x28 c:/program files (x86)/cypress/psoc creator/4.4/psoc creator/import/gnu/arm/5.4.1/bin/../lib/gcc/arm-none-eabi/5.4.1/../../../../arm-none-eabi/lib/armv7-m\libg_nano.a(lib_a-exit.o)
 .debug_frame   0x000029c4       0x2c c:/program files (x86)/cypress/psoc creator/4.4/psoc creator/import/gnu/arm/5.4.1/bin/../lib/gcc/arm-none-eabi/5.4.1/../../../../arm-none-eabi/lib/armv7-m\libg_nano.a(lib_a-init.o)
 .debug_frame   0x000029f0       0x38 c:/program files (x86)/cypress/psoc creator/4.4/psoc creator/import/gnu/arm/5.4.1/bin/../lib/gcc/arm-none-eabi/5.4.1/../../../../arm-none-eabi/lib/armv7-m\libg_nano.a(lib_a-itoa.o)
 .debug_frame   0x00002a28       0x28 c:/program files (x86)/cypress/psoc creator/4.4/psoc creator/import/gnu/arm/5.4.1/bin/../lib/gcc/arm-none-eabi/5.4.1/../../../../arm-none-eabi/lib/armv7-m\libg_nano.a(lib_a-memcpy-stub.o)
 .debug_frame   0x00002a50       0x20 c:/program files (x86)/cypress/psoc creator/4.4/psoc creator/import/gnu/arm/5.4.1/bin/../lib/gcc/arm-none-eabi/5.4.1/../../../../arm-none-eabi/lib/armv7-m\libg_nano.a(lib_a-memset.o)
 .debug_frame   0x00002a70       0x70 c:/program files (x86)/cypress/psoc creator/4.4/psoc creator/import/gnu/arm/5.4.1/bin/../lib/gcc/arm-none-eabi/5.4.1/../../../../arm-none-eabi/lib/armv7-m\libg_nano.a(lib_a-sprintf.o)
 .debug_frame   0x00002ae0       0x44 c:/program files (x86)/cypress/psoc creator/4.4/psoc creator/import/gnu/arm/5.4.1/bin/../lib/gcc/arm-none-eabi/5.4.1/../../../../arm-none-eabi/lib/armv7-m\libg_nano.a(lib_a-utoa.o)
 .debug_frame   0x00002b24       0x90 c:/program files (x86)/cypress/psoc creator/4.4/psoc creator/import/gnu/arm/5.4.1/bin/../lib/gcc/arm-none-eabi/5.4.1/../../../../arm-none-eabi/lib/armv7-m\libg_nano.a(lib_a-nano-svfprintf.o)
 .debug_frame   0x00002bb4       0x60 c:/program files (x86)/cypress/psoc creator/4.4/psoc creator/import/gnu/arm/5.4.1/bin/../lib/gcc/arm-none-eabi/5.4.1/../../../../arm-none-eabi/lib/armv7-m\libg_nano.a(lib_a-nano-vfprintf_i.o)
 .debug_frame   0x00002c14       0x28 c:/program files (x86)/cypress/psoc creator/4.4/psoc creator/import/gnu/arm/5.4.1/bin/../lib/gcc/arm-none-eabi/5.4.1/../../../../arm-none-eabi/lib/armv7-m\libg_nano.a(lib_a-memchr-stub.o)
 .debug_frame   0x00002c3c       0x28 c:/program files (x86)/cypress/psoc creator/4.4/psoc creator/import/gnu/arm/5.4.1/bin/../lib/gcc/arm-none-eabi/5.4.1/../../../../arm-none-eabi/lib/armv7-m\libg_nano.a(lib_a-memmove.o)
 .debug_frame   0x00002c64       0x38 c:/program files (x86)/cypress/psoc creator/4.4/psoc creator/import/gnu/arm/5.4.1/bin/../lib/gcc/arm-none-eabi/5.4.1/../../../../arm-none-eabi/lib/armv7-m\libg_nano.a(lib_a-nano-freer.o)
 .debug_frame   0x00002c9c       0x2c c:/program files (x86)/cypress/psoc creator/4.4/psoc creator/import/gnu/arm/5.4.1/bin/../lib/gcc/arm-none-eabi/5.4.1/../../../../arm-none-eabi/lib/armv7-m\libg_nano.a(lib_a-nano-mallocr.o)
 .debug_frame   0x00002cc8       0x3c c:/program files (x86)/cypress/psoc creator/4.4/psoc creator/import/gnu/arm/5.4.1/bin/../lib/gcc/arm-none-eabi/5.4.1/../../../../arm-none-eabi/lib/armv7-m\libg_nano.a(lib_a-nano-reallocr.o)
 .debug_frame   0x00002d04       0x2c c:/program files (x86)/cypress/psoc creator/4.4/psoc creator/import/gnu/arm/5.4.1/bin/../lib/gcc/arm-none-eabi/5.4.1/../../../../arm-none-eabi/lib/armv7-m\libg_nano.a(lib_a-sbrkr.o)
 .debug_frame   0x00002d30       0x30 c:/program files (x86)/cypress/psoc creator/4.4/psoc creator/import/gnu/arm/5.4.1/bin/../lib/gcc/arm-none-eabi/5.4.1/../../../../arm-none-eabi/lib/armv7-m\libg_nano.a(lib_a-mlock.o)
 .debug_frame   0x00002d60       0x20 c:/program files (x86)/cypress/psoc creator/4.4/psoc creator/import/gnu/arm/5.4.1/bin/../lib/gcc/arm-none-eabi/5.4.1/../../../../arm-none-eabi/lib/armv7-m\libg_nano.a(lib_a-nano-msizer.o)
 .debug_frame   0x00002d80       0x5c c:/program files (x86)/cypress/psoc creator/4.4/psoc creator/import/gnu/arm/5.4.1/bin/../lib/gcc/arm-none-eabi/5.4.1/../../../../arm-none-eabi/lib/armv7-m\libg_nano.a(lib_a-reent.o)

.debug_str      0x00000000     0x2e17
 *(.debug_str)
 .debug_str     0x00000000      0x2cb .\CortexM3\ARM_GCC_541\Debug\main.o
                                0x342 (size before relaxing)
 .debug_str     0x000002cb      0x2e5 .\CortexM3\ARM_GCC_541\Debug\mpu6050.o
                                0x51e (size before relaxing)
 .debug_str     0x000005b0       0xdf .\CortexM3\ARM_GCC_541\Debug\motor_control.o
                                0x342 (size before relaxing)
 .debug_str     0x0000068f       0xb1 .\CortexM3\ARM_GCC_541\Debug\utilities.o
                                0x2bc (size before relaxing)
 .debug_str     0x00000740       0x68 .\CortexM3\ARM_GCC_541\Debug\keypad.o
                                0x1f7 (size before relaxing)
 .debug_str     0x000007a8      0x1f4 .\CortexM3\ARM_GCC_541\Debug\cyfitter_cfg.o
                                0x39f (size before relaxing)
 .debug_str     0x0000099c       0x75 .\CortexM3\ARM_GCC_541\Debug\cymetadata.o
                                0x1bf (size before relaxing)
 .debug_str     0x00000a11      0x144 .\CortexM3\ARM_GCC_541\Debug\Cm3Start.o
                                0x2e5 (size before relaxing)
 .debug_str     0x00000b55      0x82d .\CortexM3\ARM_GCC_541\Debug\Gimbal.a(CyLib.o)
                                0xa22 (size before relaxing)
 .debug_str     0x00001382      0x365 .\CortexM3\ARM_GCC_541\Debug\Gimbal.a(cyPm.o)
                                0x70e (size before relaxing)
 .debug_str     0x000016e7      0x280 .\CortexM3\ARM_GCC_541\Debug\Gimbal.a(UART.o)
                                0x450 (size before relaxing)
 .debug_str     0x00001967      0x183 .\CortexM3\ARM_GCC_541\Debug\Gimbal.a(UART_IntClock.o)
                                0x311 (size before relaxing)
 .debug_str     0x00001aea      0x125 .\CortexM3\ARM_GCC_541\Debug\Gimbal.a(I2C_MPU6050.o)
                                0x31c (size before relaxing)
 .debug_str     0x00001c0f       0x7e .\CortexM3\ARM_GCC_541\Debug\Gimbal.a(I2C_MPU6050_PM.o)
                                0x2a0 (size before relaxing)
 .debug_str     0x00001c8d       0xbe .\CortexM3\ARM_GCC_541\Debug\Gimbal.a(I2C_MPU6050_INT.o)
                                0x292 (size before relaxing)
 .debug_str     0x00001d4b      0x152 .\CortexM3\ARM_GCC_541\Debug\Gimbal.a(I2C_MPU6050_MASTER.o)
                                0x437 (size before relaxing)
 .debug_str     0x00001e9d      0x12d .\CortexM3\ARM_GCC_541\Debug\Gimbal.a(Timer.o)
                                0x2d0 (size before relaxing)
 .debug_str     0x00001fca       0xbe .\CortexM3\ARM_GCC_541\Debug\Gimbal.a(ISR.o)
                                0x265 (size before relaxing)
 .debug_str     0x00002088      0x12a .\CortexM3\ARM_GCC_541\Debug\Gimbal.a(LCD.o)
                                0x306 (size before relaxing)
 .debug_str     0x000021b2       0x23 .\CortexM3\ARM_GCC_541\Debug\Gimbal.a(AMux.o)
                                0x1be (size before relaxing)
 .debug_str     0x000021d5      0x338 .\CortexM3\ARM_GCC_541\Debug\Gimbal.a(ADC.o)
                                0x5a4 (size before relaxing)
 .debug_str     0x0000250d       0x45 .\CortexM3\ARM_GCC_541\Debug\Gimbal.a(ADC_INT.o)
                                0x19b (size before relaxing)
 .debug_str     0x00002552       0x5a .\CortexM3\ARM_GCC_541\Debug\Gimbal.a(ADC_AMux.o)
                                0x1da (size before relaxing)
 .debug_str     0x000025ac      0x12a .\CortexM3\ARM_GCC_541\Debug\Gimbal.a(ADC_Ext_CP_Clk.o)
                                0x31d (size before relaxing)
 .debug_str     0x000026d6      0x14f .\CortexM3\ARM_GCC_541\Debug\Gimbal.a(ADC_theACLK.o)
                                0x33c (size before relaxing)
 .debug_str     0x00002825      0x143 .\CortexM3\ARM_GCC_541\Debug\Gimbal.a(PWM.o)
                                0x338 (size before relaxing)
 .debug_str     0x00002968       0x53 .\CortexM3\ARM_GCC_541\Debug\Gimbal.a(SW1.o)
                                0x1b3 (size before relaxing)
 .debug_str     0x000029bb       0x4b .\CortexM3\ARM_GCC_541\Debug\Gimbal.a(LED1.o)
                                0x1b8 (size before relaxing)
 .debug_str     0x00002a06       0x4b .\CortexM3\ARM_GCC_541\Debug\Gimbal.a(LED2.o)
                                0x1b8 (size before relaxing)
 .debug_str     0x00002a51       0x4b .\CortexM3\ARM_GCC_541\Debug\Gimbal.a(LED3.o)
                                0x1b8 (size before relaxing)
 .debug_str     0x00002a9c       0x4b .\CortexM3\ARM_GCC_541\Debug\Gimbal.a(LED4.o)
                                0x1b8 (size before relaxing)
 .debug_str     0x00002ae7       0x48 .\CortexM3\ARM_GCC_541\Debug\Gimbal.a(SW2.o)
                                0x1b3 (size before relaxing)
 .debug_str     0x00002b2f       0x88 .\CortexM3\ARM_GCC_541\Debug\Gimbal.a(VDAC8.o)
                                0x1fa (size before relaxing)
 .debug_str     0x00002bb7      0x1b4 .\CortexM3\ARM_GCC_541\Debug\Gimbal.a(CyFlash.o)
                                0x39b (size before relaxing)
 .debug_str     0x00002d6b       0xac .\CortexM3\ARM_GCC_541\Debug\Gimbal.a(CySpc.o)
                                0x313 (size before relaxing)

.debug_loc      0x00000000     0x3681
 *(.debug_loc)
 .debug_loc     0x00000000       0x2b .\CortexM3\ARM_GCC_541\Debug\main.o
 .debug_loc     0x0000002b       0x84 .\CortexM3\ARM_GCC_541\Debug\mpu6050.o
 .debug_loc     0x000000af       0x86 .\CortexM3\ARM_GCC_541\Debug\motor_control.o
 .debug_loc     0x00000135       0xc4 .\CortexM3\ARM_GCC_541\Debug\utilities.o
 .debug_loc     0x000001f9      0x34a .\CortexM3\ARM_GCC_541\Debug\cyfitter_cfg.o
 .debug_loc     0x00000543      0x144 .\CortexM3\ARM_GCC_541\Debug\Cm3Start.o
 .debug_loc     0x00000687      0xa11 .\CortexM3\ARM_GCC_541\Debug\Gimbal.a(CyLib.o)
 .debug_loc     0x00001098      0x1e4 .\CortexM3\ARM_GCC_541\Debug\Gimbal.a(cyPm.o)
 .debug_loc     0x0000127c      0x258 .\CortexM3\ARM_GCC_541\Debug\Gimbal.a(UART.o)
 .debug_loc     0x000014d4      0x128 .\CortexM3\ARM_GCC_541\Debug\Gimbal.a(UART_IntClock.o)
 .debug_loc     0x000015fc       0x39 .\CortexM3\ARM_GCC_541\Debug\Gimbal.a(I2C_MPU6050.o)
 .debug_loc     0x00001635       0x13 .\CortexM3\ARM_GCC_541\Debug\Gimbal.a(I2C_MPU6050_PM.o)
 .debug_loc     0x00001648       0x29 .\CortexM3\ARM_GCC_541\Debug\Gimbal.a(I2C_MPU6050_INT.o)
 .debug_loc     0x00001671      0x52f .\CortexM3\ARM_GCC_541\Debug\Gimbal.a(I2C_MPU6050_MASTER.o)
 .debug_loc     0x00001ba0       0x56 .\CortexM3\ARM_GCC_541\Debug\Gimbal.a(ISR.o)
 .debug_loc     0x00001bf6      0x3c6 .\CortexM3\ARM_GCC_541\Debug\Gimbal.a(LCD.o)
 .debug_loc     0x00001fbc       0x6c .\CortexM3\ARM_GCC_541\Debug\Gimbal.a(AMux.o)
 .debug_loc     0x00002028      0x692 .\CortexM3\ARM_GCC_541\Debug\Gimbal.a(ADC.o)
 .debug_loc     0x000026ba       0x6c .\CortexM3\ARM_GCC_541\Debug\Gimbal.a(ADC_AMux.o)
 .debug_loc     0x00002726      0x12c .\CortexM3\ARM_GCC_541\Debug\Gimbal.a(ADC_Ext_CP_Clk.o)
 .debug_loc     0x00002852      0x14d .\CortexM3\ARM_GCC_541\Debug\Gimbal.a(ADC_theACLK.o)
 .debug_loc     0x0000299f       0x26 .\CortexM3\ARM_GCC_541\Debug\Gimbal.a(PWM.o)
 .debug_loc     0x000029c5       0x42 .\CortexM3\ARM_GCC_541\Debug\Gimbal.a(SW1.o)
 .debug_loc     0x00002a07       0x42 .\CortexM3\ARM_GCC_541\Debug\Gimbal.a(LED1.o)
 .debug_loc     0x00002a49       0x42 .\CortexM3\ARM_GCC_541\Debug\Gimbal.a(LED2.o)
 .debug_loc     0x00002a8b       0x42 .\CortexM3\ARM_GCC_541\Debug\Gimbal.a(LED3.o)
 .debug_loc     0x00002acd       0x42 .\CortexM3\ARM_GCC_541\Debug\Gimbal.a(LED4.o)
 .debug_loc     0x00002b0f       0x42 .\CortexM3\ARM_GCC_541\Debug\Gimbal.a(SW2.o)
 .debug_loc     0x00002b51       0x79 .\CortexM3\ARM_GCC_541\Debug\Gimbal.a(VDAC8.o)
 .debug_loc     0x00002bca      0x3b2 .\CortexM3\ARM_GCC_541\Debug\Gimbal.a(CyFlash.o)
 .debug_loc     0x00002f7c      0x705 .\CortexM3\ARM_GCC_541\Debug\Gimbal.a(CySpc.o)

.debug_macinfo
 *(.debug_macinfo)

.debug_ranges   0x00000000      0xd28
 *(.debug_ranges)
 .debug_ranges  0x00000000       0x10 .\CortexM3\ARM_GCC_541\Debug\main.o
 .debug_ranges  0x00000010       0x78 .\CortexM3\ARM_GCC_541\Debug\mpu6050.o
 .debug_ranges  0x00000088       0x48 .\CortexM3\ARM_GCC_541\Debug\motor_control.o
 .debug_ranges  0x000000d0       0x40 .\CortexM3\ARM_GCC_541\Debug\utilities.o
 .debug_ranges  0x00000110       0x18 .\CortexM3\ARM_GCC_541\Debug\keypad.o
 .debug_ranges  0x00000128       0x68 .\CortexM3\ARM_GCC_541\Debug\cyfitter_cfg.o
 .debug_ranges  0x00000190       0x38 .\CortexM3\ARM_GCC_541\Debug\Cm3Start.o
 .debug_ranges  0x000001c8      0x290 .\CortexM3\ARM_GCC_541\Debug\Gimbal.a(CyLib.o)
 .debug_ranges  0x00000458       0x88 .\CortexM3\ARM_GCC_541\Debug\Gimbal.a(cyPm.o)
 .debug_ranges  0x000004e0       0xe0 .\CortexM3\ARM_GCC_541\Debug\Gimbal.a(UART.o)
 .debug_ranges  0x000005c0       0x60 .\CortexM3\ARM_GCC_541\Debug\Gimbal.a(UART_IntClock.o)
 .debug_ranges  0x00000620       0x28 .\CortexM3\ARM_GCC_541\Debug\Gimbal.a(I2C_MPU6050.o)
 .debug_ranges  0x00000648       0x28 .\CortexM3\ARM_GCC_541\Debug\Gimbal.a(I2C_MPU6050_PM.o)
 .debug_ranges  0x00000670       0x10 .\CortexM3\ARM_GCC_541\Debug\Gimbal.a(I2C_MPU6050_INT.o)
 .debug_ranges  0x00000680       0x70 .\CortexM3\ARM_GCC_541\Debug\Gimbal.a(I2C_MPU6050_MASTER.o)
 .debug_ranges  0x000006f0       0x78 .\CortexM3\ARM_GCC_541\Debug\Gimbal.a(Timer.o)
 .debug_ranges  0x00000768       0x70 .\CortexM3\ARM_GCC_541\Debug\Gimbal.a(ISR.o)
 .debug_ranges  0x000007d8       0x88 .\CortexM3\ARM_GCC_541\Debug\Gimbal.a(LCD.o)
 .debug_ranges  0x00000860       0x20 .\CortexM3\ARM_GCC_541\Debug\Gimbal.a(AMux.o)
 .debug_ranges  0x00000880       0xd8 .\CortexM3\ARM_GCC_541\Debug\Gimbal.a(ADC.o)
 .debug_ranges  0x00000958       0x28 .\CortexM3\ARM_GCC_541\Debug\Gimbal.a(ADC_INT.o)
 .debug_ranges  0x00000980       0x20 .\CortexM3\ARM_GCC_541\Debug\Gimbal.a(ADC_AMux.o)
 .debug_ranges  0x000009a0       0x60 .\CortexM3\ARM_GCC_541\Debug\Gimbal.a(ADC_Ext_CP_Clk.o)
 .debug_ranges  0x00000a00       0x70 .\CortexM3\ARM_GCC_541\Debug\Gimbal.a(ADC_theACLK.o)
 .debug_ranges  0x00000a70       0x98 .\CortexM3\ARM_GCC_541\Debug\Gimbal.a(PWM.o)
 .debug_ranges  0x00000b08       0x28 .\CortexM3\ARM_GCC_541\Debug\Gimbal.a(SW1.o)
 .debug_ranges  0x00000b30       0x28 .\CortexM3\ARM_GCC_541\Debug\Gimbal.a(LED1.o)
 .debug_ranges  0x00000b58       0x28 .\CortexM3\ARM_GCC_541\Debug\Gimbal.a(LED2.o)
 .debug_ranges  0x00000b80       0x28 .\CortexM3\ARM_GCC_541\Debug\Gimbal.a(LED3.o)
 .debug_ranges  0x00000ba8       0x28 .\CortexM3\ARM_GCC_541\Debug\Gimbal.a(LED4.o)
 .debug_ranges  0x00000bd0       0x28 .\CortexM3\ARM_GCC_541\Debug\Gimbal.a(SW2.o)
 .debug_ranges  0x00000bf8       0x48 .\CortexM3\ARM_GCC_541\Debug\Gimbal.a(VDAC8.o)
 .debug_ranges  0x00000c40       0x78 .\CortexM3\ARM_GCC_541\Debug\Gimbal.a(CyFlash.o)
 .debug_ranges  0x00000cb8       0x70 .\CortexM3\ARM_GCC_541\Debug\Gimbal.a(CySpc.o)

.comment        0x00000000       0x6e
 .comment       0x00000000       0x6e .\CortexM3\ARM_GCC_541\Debug\main.o
                                 0x6f (size before relaxing)
 .comment       0x0000006e       0x6f .\CortexM3\ARM_GCC_541\Debug\mpu6050.o
 .comment       0x0000006e       0x6f .\CortexM3\ARM_GCC_541\Debug\motor_control.o
 .comment       0x0000006e       0x6f .\CortexM3\ARM_GCC_541\Debug\utilities.o
 .comment       0x0000006e       0x6f .\CortexM3\ARM_GCC_541\Debug\keypad.o
 .comment       0x0000006e       0x6f .\CortexM3\ARM_GCC_541\Debug\cyfitter_cfg.o
 .comment       0x0000006e       0x6f .\CortexM3\ARM_GCC_541\Debug\cymetadata.o