Archive member included to satisfy reference by file (symbol)

.\CortexM3\ARM_GCC_541\Debug\Gimbal.a(CyLib.o)
                              .\CortexM3\ARM_GCC_541\Debug\Cm3Start.o (CyHalt)
.\CortexM3\ARM_GCC_541\Debug\Gimbal.a(cyPm.o)
                              .\CortexM3\ARM_GCC_541\Debug\Gimbal.a(CyLib.o) (CyPmReadStatus)
.\CortexM3\ARM_GCC_541\Debug\Gimbal.a(UART.o)
                              .\CortexM3\ARM_GCC_541\Debug\main.o (UART_Start)
.\CortexM3\ARM_GCC_541\Debug\Gimbal.a(UART_IntClock.o)
                              .\CortexM3\ARM_GCC_541\Debug\Gimbal.a(UART.o) (UART_IntClock_Start)
.\CortexM3\ARM_GCC_541\Debug\Gimbal.a(I2C_MPU6050.o)
                              .\CortexM3\ARM_GCC_541\Debug\mpu6050.o (I2C_MPU6050_Start)
.\CortexM3\ARM_GCC_541\Debug\Gimbal.a(I2C_MPU6050_PM.o)
                              .\CortexM3\ARM_GCC_541\Debug\Gimbal.a(I2C_MPU6050.o) (I2C_MPU6050_backup)
.\CortexM3\ARM_GCC_541\Debug\Gimbal.a(I2C_MPU6050_INT.o)
                              .\CortexM3\ARM_GCC_541\Debug\Gimbal.a(I2C_MPU6050.o) (I2C_MPU6050_ISR)
.\CortexM3\ARM_GCC_541\Debug\Gimbal.a(I2C_MPU6050_MASTER.o)
                              .\CortexM3\ARM_GCC_541\Debug\mpu6050.o (I2C_MPU6050_MasterWriteBuf)
.\CortexM3\ARM_GCC_541\Debug\Gimbal.a(Timer.o)
                              .\CortexM3\ARM_GCC_541\Debug\mpu6050.o (Timer_ReadStatusRegister)
.\CortexM3\ARM_GCC_541\Debug\Gimbal.a(ISR.o)
                              .\CortexM3\ARM_GCC_541\Debug\mpu6050.o (ISR_StartEx)
.\CortexM3\ARM_GCC_541\Debug\Gimbal.a(LCD.o)
                              .\CortexM3\ARM_GCC_541\Debug\main.o (LCD_PrintString)
.\CortexM3\ARM_GCC_541\Debug\Gimbal.a(AMux.o)
                              .\CortexM3\ARM_GCC_541\Debug\motor_control.o (AMux_Start)
.\CortexM3\ARM_GCC_541\Debug\Gimbal.a(ADC.o)
                              .\CortexM3\ARM_GCC_541\Debug\motor_control.o (ADC_Start)
.\CortexM3\ARM_GCC_541\Debug\Gimbal.a(ADC_INT.o)
                              .\CortexM3\ARM_GCC_541\Debug\Gimbal.a(ADC.o) (ADC_ISR1)
.\CortexM3\ARM_GCC_541\Debug\Gimbal.a(ADC_AMux.o)
                              .\CortexM3\ARM_GCC_541\Debug\Gimbal.a(ADC.o) (ADC_AMux_Select)
.\CortexM3\ARM_GCC_541\Debug\Gimbal.a(ADC_Ext_CP_Clk.o)
                              .\CortexM3\ARM_GCC_541\Debug\Gimbal.a(ADC.o) (ADC_Ext_CP_Clk_SetModeRegister)
.\CortexM3\ARM_GCC_541\Debug\Gimbal.a(ADC_theACLK.o)
                              .\CortexM3\ARM_GCC_541\Debug\Gimbal.a(ADC.o) (ADC_theACLK_SetModeRegister)
.\CortexM3\ARM_GCC_541\Debug\Gimbal.a(PWM.o)
                              .\CortexM3\ARM_GCC_541\Debug\motor_control.o (PWM_WriteCompare1)
.\CortexM3\ARM_GCC_541\Debug\Gimbal.a(SW1.o)
                              .\CortexM3\ARM_GCC_541\Debug\main.o (SW1_Read)
.\CortexM3\ARM_GCC_541\Debug\Gimbal.a(LED1.o)
                              .\CortexM3\ARM_GCC_541\Debug\utilities.o (LED1_Write)
.\CortexM3\ARM_GCC_541\Debug\Gimbal.a(LED2.o)
                              .\CortexM3\ARM_GCC_541\Debug\utilities.o (LED2_Write)
.\CortexM3\ARM_GCC_541\Debug\Gimbal.a(LED3.o)
                              .\CortexM3\ARM_GCC_541\Debug\utilities.o (LED3_Write)
.\CortexM3\ARM_GCC_541\Debug\Gimbal.a(LED4.o)
                              .\CortexM3\ARM_GCC_541\Debug\utilities.o (LED4_Write)
.\CortexM3\ARM_GCC_541\Debug\Gimbal.a(SW2.o)
                              .\CortexM3\ARM_GCC_541\Debug\main.o (SW2_Read)
.\CortexM3\ARM_GCC_541\Debug\Gimbal.a(CyBootAsmGnu.o)
                              .\CortexM3\ARM_GCC_541\Debug\cyfitter_cfg.o (CyDelayCycles)
.\CortexM3\ARM_GCC_541\Debug\Gimbal.a(CyFlash.o)
                              .\CortexM3\ARM_GCC_541\Debug\Gimbal.a(cyPm.o) (CyFlash_SetWaitCycles)
.\CortexM3\ARM_GCC_541\Debug\Gimbal.a(CySpc.o)
                              .\CortexM3\ARM_GCC_541\Debug\Gimbal.a(CyFlash.o) (CySpcStart)
c:/program files (x86)/cypress/psoc creator/4.4/psoc creator/import/gnu/arm/5.4.1/bin/../lib/gcc/arm-none-eabi/5.4.1/../../../../arm-none-eabi/lib/armv7-m\libm.a(lib_a-w_atan2.o)
                              .\CortexM3\ARM_GCC_541\Debug\mpu6050.o (atan2)
c:/program files (x86)/cypress/psoc creator/4.4/psoc creator/import/gnu/arm/5.4.1/bin/../lib/gcc/arm-none-eabi/5.4.1/../../../../arm-none-eabi/lib/armv7-m\libm.a(lib_a-w_pow.o)
                              .\CortexM3\ARM_GCC_541\Debug\mpu6050.o (pow)
c:/program files (x86)/cypress/psoc creator/4.4/psoc creator/import/gnu/arm/5.4.1/bin/../lib/gcc/arm-none-eabi/5.4.1/../../../../arm-none-eabi/lib/armv7-m\libm.a(lib_a-w_sqrt.o)
                              .\CortexM3\ARM_GCC_541\Debug\mpu6050.o (sqrt)
c:/program files (x86)/cypress/psoc creator/4.4/psoc creator/import/gnu/arm/5.4.1/bin/../lib/gcc/arm-none-eabi/5.4.1/../../../../arm-none-eabi/lib/armv7-m\libm.a(lib_a-e_atan2.o)
                              c:/program files (x86)/cypress/psoc creator/4.4/psoc creator/import/gnu/arm/5.4.1/bin/../lib/gcc/arm-none-eabi/5.4.1/../../../../arm-none-eabi/lib/armv7-m\libm.a(lib_a-w_atan2.o) (__ieee754_atan2)
[...]
Memory Configuration

Name             Origin             Length             Attributes
rom              0x00000000         0x00040000         xr
ram              0x1fff8000         0x00010000         xrw
*default*        0x00000000         0xffffffff

Linker script and memory map

LOAD c:/program files (x86)/cypress/psoc creator/4.4/psoc creator/import/gnu/arm/5.4.1/bin/../lib/gcc/arm-none-eabi/5.4.1/armv7-m/crti.o
LOAD c:/program files (x86)/cypress/psoc creator/4.4/psoc creator/import/gnu/arm/5.4.1/bin/../lib/gcc/arm-none-eabi/5.4.1/armv7-m/crtbegin.o
LOAD c:/program files (x86)/cypress/psoc creator/4.4/psoc creator/import/gnu/arm/5.4.1/bin/../lib/gcc/arm-none-eabi/5.4.1/../../../../arm-none-eabi/lib/armv7-m/crt0.o
START GROUP
LOAD .\CortexM3\ARM_GCC_541\Debug\main.o
LOAD .\CortexM3\ARM_GCC_541\Debug\mpu6050.o
LOAD .\CortexM3\ARM_GCC_541\Debug\motor_control.o
LOAD .\CortexM3\ARM_GCC_541\Debug\utilities.o
LOAD .\CortexM3\ARM_GCC_541\Debug\cyfitter_cfg.o
LOAD .\CortexM3\ARM_GCC_541\Debug\cymetadata.o
LOAD .\CortexM3\ARM_GCC_541\Debug\Cm3Start.o
LOAD .\CortexM3\ARM_GCC_541\Debug\Gimbal.a
LOAD C:\Program Files (x86)\Cypress\PSoC Creator\4.4\PSoC Creator\psoc\content\cycomponentlibrary\CyComponentLibrary.cylib\CortexM3\ARM_GCC_541\Debug\CyComponentLibrary.a
LOAD c:/program files (x86)/cypress/psoc creator/4.4/psoc creator/import/gnu/arm/5.4.1/bin/../lib/gcc/arm-none-eabi/5.4.1/../../../../arm-none-eabi/lib/armv7-m\libm.a
END GROUP
START GROUP
LOAD c:/program files (x86)/cypress/psoc creator/4.4/psoc creator/import/gnu/arm/5.4.1/bin/../lib/gcc/arm-none-eabi/5.4.1/armv7-m\libgcc.a
LOAD c:/program files (x86)/cypress/psoc creator/4.4/psoc creator/import/gnu/arm/5.4.1/bin/../lib/gcc/arm-none-eabi/5.4.1/../../../../arm-none-eabi/lib/armv7-m\libg_nano.a
LOAD c:/program files (x86)/cypress/psoc creator/4.4/psoc creator/import/gnu/arm/5.4.1/bin/../lib/gcc/arm-none-eabi/5.4.1/../../../../arm-none-eabi/lib/armv7-m\libc_nano.a
END GROUP
START GROUP
LOAD c:/program files (x86)/cypress/psoc creator/4.4/psoc creator/import/gnu/arm/5.4.1/bin/../lib/gcc/arm-none-eabi/5.4.1/armv7-m\libgcc.a
LOAD c:/program files (x86)/cypress/psoc creator/4.4/psoc creator/import/gnu/arm/5.4.1/bin/../lib/gcc/arm-none-eabi/5.4.1/../../../../arm-none-eabi/lib/armv7-m\libc_nano.a
END GROUP
LOAD c:/program files (x86)/cypress/psoc creator/4.4/psoc creator/import/gnu/arm/5.4.1/bin/../lib/gcc/arm-none-eabi/5.4.1/armv7-m/crtend.o
LOAD c:/program files (x86)/cypress/psoc creator/4.4/psoc creator/import/gnu/arm/5.4.1/bin/../lib/gcc/arm-none-eabi/5.4.1/armv7-m/crtn.o
START GROUP
LOAD c:/program files (x86)/cypress/psoc creator/4.4/psoc creator/import/gnu/arm/5.4.1/bin/../lib/gcc/arm-none-eabi/5.4.1/armv7-m\libgcc.a
LOAD c:/program files (x86)/cypress/psoc creator/4.4/psoc creator/import/gnu/arm/5.4.1/bin/../lib/gcc/arm-none-eabi/5.4.1/../../../../arm-none-eabi/lib/armv7-m\libc.a
LOAD c:/program files (x86)/cypress/psoc creator/4.4/psoc creator/import/gnu/arm/5.4.1/bin/../lib/gcc/arm-none-eabi/5.4.1/../../../../arm-none-eabi/lib/armv7-m\libnosys.a
END GROUP
                0x00000000                CY_APPL_ORIGIN = 0x0
                0x00000100                CY_FLASH_ROW_SIZE = 0x100
                0x00000020                CY_ECC_ROW_SIZE = 0x20
                0x00000000                CY_EE_IN_BTLDR = 0x0
                0x00000000                CY_APPL_LOADABLE = 0x0
                0x00000800                CY_EE_SIZE = 0x800
                0x00000001                CY_APPL_NUM = 0x1
                0x00000001                CY_APPL_MAX = 0x1
                0x00000040                CY_METADATA_SIZE = 0x40
                0x00000000                CY_APPL_LOADABLE = 0x0
                0x00000000                CY_CHECKSUM_EXCLUDE_SIZE = ALIGN (0x0, CY_FLASH_ROW_SIZE)
                [!provide]                PROVIDE (__cy_heap_start, _end)
                0x00000001                PROVIDE (__cy_region_num, ((__cy_regions_end - __cy_regions) / 0x10))
                0x20008000                PROVIDE (__cy_stack, (ORIGIN (ram) + LENGTH (ram)))
                [!provide]                PROVIDE (__cy_heap_end, (__cy_stack - 0x800))

.cybootloader   0x00000000        0x0
 *(.cybootloader)
                0x00000000                appl1_start = CY_APPL_ORIGIN?CY_APPL_ORIGIN:ALIGN (CY_FLASH_ROW_SIZE)
                0x0001ff00                appl2_start = (appl1_start + ALIGN ((((LENGTH (rom) - appl1_start) - (0x2 * CY_FLASH_ROW_SIZE)) / 0x2), CY_FLASH_ROW_SIZE))
                0x00000000                appl_start = (CY_APPL_NUM == 0x1)?appl1_start:appl2_start
                0x00000000                ecc_offset = ((appl_start / CY_FLASH_ROW_SIZE) * CY_ECC_ROW_SIZE)
                0x00000000                ee_offset = (CY_APPL_LOADABLE && ! (CY_EE_IN_BTLDR))?((CY_EE_SIZE / CY_APPL_MAX) * (CY_APPL_NUM - 0x1)):0x0
                0x00000800                ee_size = (CY_APPL_LOADABLE && ! (CY_EE_IN_BTLDR))?(CY_EE_SIZE / CY_APPL_MAX):CY_EE_SIZE
                [!provide]                PROVIDE (CY_ECC_OFFSET, ecc_offset)

.text           0x00000000     0x52ec
 CREATE_OBJECT_SYMBOLS
                0x00000000                PROVIDE (__cy_interrupt_vector, RomVectors)
 *(.romvectors)
 .romvectors    0x00000000       0x10 .\CortexM3\ARM_GCC_541\Debug\Cm3Start.o
                0x00000000                RomVectors
                0x00000001                ASSERT ((. != __cy_interrupt_vector), No interrupt vector)
                0x00000001                ASSERT (CY_APPL_ORIGIN?(SIZEOF (.cybootloader) <= CY_APPL_ORIGIN):0x1, Wrong image location)
                0x00000010                PROVIDE (__cy_reset, Reset)
 *(.text.Reset)
 .text.Reset    0x00000010       0x18 .\CortexM3\ARM_GCC_541\Debug\Cm3Start.o
                0x00000010                Reset
                0x00000001                ASSERT ((. != __cy_reset), No reset code)
 *(.dma_init)
                0x00000001                ASSERT ((((appl_start + .) <= 0x10000) || 0x1), DMA Init must be within the first 64k of flash)
 *(.text .text.* .gnu.linkonce.t.*)
 .text          0x00000028       0x5c c:/program files (x86)/cypress/psoc creator/4.4/psoc creator/import/gnu/arm/5.4.1/bin/../lib/gcc/arm-none-eabi/5.4.1/armv7-m/crtbegin.o
 .text.main     0x00000084      0x110 .\CortexM3\ARM_GCC_541\Debug\main.o
                0x00000084                main
 .text.GetElapsedTimeS
                0x00000194       0x20 .\CortexM3\ARM_GCC_541\Debug\mpu6050.o
 .text.ISR_1_Handler
                0x000001b4       0x24 .\CortexM3\ARM_GCC_541\Debug\mpu6050.o
                0x000001b4                ISR_1_Handler
 .text.MPU6050_GetRawData
                0x000001d8       0x84 .\CortexM3\ARM_GCC_541\Debug\mpu6050.o
 .text.ResetCounter
                0x0000025c        0xc .\CortexM3\ARM_GCC_541\Debug\mpu6050.o
                0x0000025c                ResetCounter
 .text.MPU6050_PreInit
                0x00000268       0x1c .\CortexM3\ARM_GCC_541\Debug\mpu6050.o
                0x00000268                MPU6050_PreInit
 .text.MPU6050_Init
                0x00000284       0xfc .\CortexM3\ARM_GCC_541\Debug\mpu6050.o
                0x00000284                MPU6050_Init
 .text.MPU6050_Calibrate
                0x00000380      0x100 .\CortexM3\ARM_GCC_541\Debug\mpu6050.o
                0x00000380                MPU6050_Calibrate
 .text.MPU6050_Start
                0x00000480        0xc .\CortexM3\ARM_GCC_541\Debug\mpu6050.o
                0x00000480                MPU6050_Start
 .text.MPU6050_DataAvailable
                0x0000048c        0xc .\CortexM3\ARM_GCC_541\Debug\mpu6050.o
                0x0000048c                MPU6050_DataAvailable
 .text.MPU6050_ReadData
                0x00000498      0x1f0 .\CortexM3\ARM_GCC_541\Debug\mpu6050.o
                0x00000498                MPU6050_ReadData
 .text.MPU6050_GetRoll
                0x00000688        0xc .\CortexM3\ARM_GCC_541\Debug\mpu6050.o
                0x00000688                MPU6050_GetRoll
 .text.MPU6050_GetPitch
                0x00000694        0xc .\CortexM3\ARM_GCC_541\Debug\mpu6050.o
                0x00000694                MPU6050_GetPitch
 .text.MPU6050_PrintData
                0x000006a0       0xb4 .\CortexM3\ARM_GCC_541\Debug\mpu6050.o
                0x000006a0                MPU6050_PrintData
 .text.MoveServosToStart
                0x00000754       0x14 .\CortexM3\ARM_GCC_541\Debug\motor_control.o
                0x00000754                MoveServosToStart
 .text.InitializeServos
                0x00000768        0xc .\CortexM3\ARM_GCC_541\Debug\motor_control.o
                0x00000768                InitializeServos
 .text.Joystick_Start
                0x00000774       0x10 .\CortexM3\ARM_GCC_541\Debug\motor_control.o
                0x00000774                Joystick_Start
 *fill*         0x00000784        0x4 
 .text.MPU6050_MoveServo1
                0x00000788       0x64 .\CortexM3\ARM_GCC_541\Debug\motor_control.o
                0x00000788                MPU6050_MoveServo1
 *fill*         0x000007ec        0x4 
 .text.MPU6050_MoveServo2
                0x000007f0       0x64 .\CortexM3\ARM_GCC_541\Debug\motor_control.o
                0x000007f0                MPU6050_MoveServo2
 *fill*         0x00000854        0x4 
 .text.Joystick_MoveServo1
                0x00000858       0x6c .\CortexM3\ARM_GCC_541\Debug\motor_control.o
                0x00000858                Joystick_MoveServo1
 *fill*         0x000008c4        0x4 
 .text.Joystick_MoveServo2
                0x000008c8       0x6c .\CortexM3\ARM_GCC_541\Debug\motor_control.o
                0x000008c8                Joystick_MoveServo2
 .text.LCD_PrintOrientation
                0x00000934       0x44 .\CortexM3\ARM_GCC_541\Debug\utilities.o
                0x00000934                LCD_PrintOrientation
 .text.SetOnLEDs
                0x00000978       0x1c .\CortexM3\ARM_GCC_541\Debug\utilities.o
                0x00000978                SetOnLEDs
 .text.SetOffLEDs
                0x00000994       0x1c .\CortexM3\ARM_GCC_541\Debug\utilities.o
                0x00000994                SetOffLEDs
 .text.CyClockStartupError
                0x000009b0        0x4 .\CortexM3\ARM_GCC_541\Debug\cyfitter_cfg.o
 .text.cfg_write_bytes32
                0x000009b4       0x34 .\CortexM3\ARM_GCC_541\Debug\cyfitter_cfg.o
 .text.AnalogSetDefault
                0x000009e8       0x30 .\CortexM3\ARM_GCC_541\Debug\cyfitter_cfg.o
 .text.CYMEMZERO
                0x00000a18        0xc .\CortexM3\ARM_GCC_541\Debug\cyfitter_cfg.o
 .text.CYCONFIGCPY
                0x00000a24        0x8 .\CortexM3\ARM_GCC_541\Debug\cyfitter_cfg.o
 .text.ClockSetup
                0x00000a2c       0xfc .\CortexM3\ARM_GCC_541\Debug\cyfitter_cfg.o
 .text.AMux_Set
                0x00000b28       0x34 .\CortexM3\ARM_GCC_541\Debug\cyfitter_cfg.o
                0x00000b28                AMux_Set
 .text.AMux_Unset
                0x00000b5c       0x38 .\CortexM3\ARM_GCC_541\Debug\cyfitter_cfg.o
                0x00000b5c                AMux_Unset
 .text.ADC_AMux_Set
                0x00000b94       0x1c .\CortexM3\ARM_GCC_541\Debug\cyfitter_cfg.o
                0x00000b94                ADC_AMux_Set
 .text.ADC_AMux_Unset
                0x00000bb0       0x20 .\CortexM3\ARM_GCC_541\Debug\cyfitter_cfg.o
                0x00000bb0                ADC_AMux_Unset
 .text.cyfitter_cfg
                0x00000bd0      0x13c .\CortexM3\ARM_GCC_541\Debug\cyfitter_cfg.o
                0x00000bd0                cyfitter_cfg
 .text.IntDefaultHandler
                0x00000d0c       0x10 .\CortexM3\ARM_GCC_541\Debug\Cm3Start.o
                0x00000d0c                IntDefaultHandler
 .text._sbrk    0x00000d1c       0x30 .\CortexM3\ARM_GCC_541\Debug\Cm3Start.o
                0x00000d1c                _sbrk
 .text.Start_c  0x00000d4c       0x4c .\CortexM3\ARM_GCC_541\Debug\Cm3Start.o
                0x00000d4c                Start_c
 .text.initialize_psoc
                0x00000d98       0x68 .\CortexM3\ARM_GCC_541\Debug\Cm3Start.o
                0x00000d98                initialize_psoc
 .text.CyHalt   0x00000e00        0x4 .\CortexM3\ARM_GCC_541\Debug\Gimbal.a(CyLib.o)
                0x00000e00                CyHalt
 .text.CyDelay  0x00000e04       0x2c .\CortexM3\ARM_GCC_541\Debug\Gimbal.a(CyLib.o)
                0x00000e04                CyDelay
 .text.CyDelayUs
                0x00000e30       0x14 .\CortexM3\ARM_GCC_541\Debug\Gimbal.a(CyLib.o)
                0x00000e30                CyDelayUs
 .text.CyIntSetVector
                0x00000e44       0x28 .\CortexM3\ARM_GCC_541\Debug\Gimbal.a(CyLib.o)
                0x00000e44                CyIntSetVector
 .text.CyIntSetPriority
                0x00000e6c       0x30 .\CortexM3\ARM_GCC_541\Debug\Gimbal.a(CyLib.o)
                0x00000e6c                CyIntSetPriority
 .text.UART_Init
                0x00000e9c       0x28 .\CortexM3\ARM_GCC_541\Debug\Gimbal.a(UART.o)
                0x00000e9c                UART_Init
 .text.UART_Enable
                0x00000ec4       0x38 .\CortexM3\ARM_GCC_541\Debug\Gimbal.a(UART.o)
                0x00000ec4                UART_Enable
 .text.UART_Start
                0x00000efc       0x1c .\CortexM3\ARM_GCC_541\Debug\Gimbal.a(UART.o)
                0x00000efc                UART_Start
 .text.UART_PutChar
                0x00000f18       0x18 .\CortexM3\ARM_GCC_541\Debug\Gimbal.a(UART.o)
                0x00000f18                UART_PutChar
 .text.UART_PutString
                0x00000f30       0x24 .\CortexM3\ARM_GCC_541\Debug\Gimbal.a(UART.o)
                0x00000f30                UART_PutString
 .text.UART_IntClock_Start
                0x00000f54       0x1c .\CortexM3\ARM_GCC_541\Debug\Gimbal.a(UART_IntClock.o)
                0x00000f54                UART_IntClock_Start
 .text.I2C_MPU6050_Init
                0x00000f70       0x6c .\CortexM3\ARM_GCC_541\Debug\Gimbal.a(I2C_MPU6050.o)
                0x00000f70                I2C_MPU6050_Init
 .text.I2C_MPU6050_Enable
                0x00000fdc       0x24 .\CortexM3\ARM_GCC_541\Debug\Gimbal.a(I2C_MPU6050.o)
                0x00000fdc                I2C_MPU6050_Enable
 .text.I2C_MPU6050_Start
                0x00001000       0x28 .\CortexM3\ARM_GCC_541\Debug\Gimbal.a(I2C_MPU6050.o)
                0x00001000                I2C_MPU6050_Start
 .text.I2C_MPU6050_ISR
                0x00001028      0x2d0 .\CortexM3\ARM_GCC_541\Debug\Gimbal.a(I2C_MPU6050_INT.o)
                0x00001028                I2C_MPU6050_ISR
 .text.I2C_MPU6050_MasterWriteBuf
                0x000012f8       0xcc .\CortexM3\ARM_GCC_541\Debug\Gimbal.a(I2C_MPU6050_MASTER.o)
                0x000012f8                I2C_MPU6050_MasterWriteBuf
 .text.I2C_MPU6050_MasterReadBuf
                0x000013c4       0xd0 .\CortexM3\ARM_GCC_541\Debug\Gimbal.a(I2C_MPU6050_MASTER.o)
                0x000013c4                I2C_MPU6050_MasterReadBuf
 .text.I2C_MPU6050_MasterStatus
                0x00001494       0x38 .\CortexM3\ARM_GCC_541\Debug\Gimbal.a(I2C_MPU6050_MASTER.o)
                0x00001494                I2C_MPU6050_MasterStatus
 .text.I2C_MPU6050_MasterClearStatus
                0x000014cc       0x24 .\CortexM3\ARM_GCC_541\Debug\Gimbal.a(I2C_MPU6050_MASTER.o)
                0x000014cc                I2C_MPU6050_MasterClearStatus
 .text.I2C_MPU6050_MasterGetWriteBufSize
                0x000014f0        0xc .\CortexM3\ARM_GCC_541\Debug\Gimbal.a(I2C_MPU6050_MASTER.o)
                0x000014f0                I2C_MPU6050_MasterGetWriteBufSize
 .text.Timer_Enable
                0x000014fc       0x28 .\CortexM3\ARM_GCC_541\Debug\Gimbal.a(Timer.o)
                0x000014fc                Timer_Enable
 .text.Timer_SetInterruptMode
                0x00001524        0xc .\CortexM3\ARM_GCC_541\Debug\Gimbal.a(Timer.o)
                0x00001524                Timer_SetInterruptMode
 .text.Timer_ReadStatusRegister
                0x00001530        0xc .\CortexM3\ARM_GCC_541\Debug\Gimbal.a(Timer.o)
                0x00001530                Timer_ReadStatusRegister
 .text.Timer_WritePeriod
                0x0000153c        0xc .\CortexM3\ARM_GCC_541\Debug\Gimbal.a(Timer.o)
                0x0000153c                Timer_WritePeriod
 .text.Timer_WriteCounter
                0x00001548        0xc .\CortexM3\ARM_GCC_541\Debug\Gimbal.a(Timer.o)
                0x00001548                Timer_WriteCounter
 .text.Timer_Init
                0x00001554       0x68 .\CortexM3\ARM_GCC_541\Debug\Gimbal.a(Timer.o)
                0x00001554                Timer_Init
 .text.Timer_Start
                0x000015bc       0x1c .\CortexM3\ARM_GCC_541\Debug\Gimbal.a(Timer.o)
                0x000015bc                Timer_Start
 .text.ISR_SetVector
                0x000015d8       0x10 .\CortexM3\ARM_GCC_541\Debug\Gimbal.a(ISR.o)
                0x000015d8                ISR_SetVector
 .text.ISR_SetPriority
                0x000015e8       0x10 .\CortexM3\ARM_GCC_541\Debug\Gimbal.a(ISR.o)
                0x000015e8                ISR_SetPriority
 .text.ISR_Enable
                0x000015f8       0x10 .\CortexM3\ARM_GCC_541\Debug\Gimbal.a(ISR.o)
                0x000015f8                ISR_Enable
 .text.ISR_Disable
                0x00001608       0x10 .\CortexM3\ARM_GCC_541\Debug\Gimbal.a(ISR.o)
                0x00001608                ISR_Disable
 .text.ISR_StartEx
                0x00001618       0x1c .\CortexM3\ARM_GCC_541\Debug\Gimbal.a(ISR.o)
                0x00001618                ISR_StartEx
 .text.LCD_WrCntrlNib
                0x00001634       0x34 .\CortexM3\ARM_GCC_541\Debug\Gimbal.a(LCD.o)
 .text.LCD_WrDatNib
                0x00001668       0x44 .\CortexM3\ARM_GCC_541\Debug\Gimbal.a(LCD.o)
 .text.LCD_IsReady
                0x000016ac       0xe4 .\CortexM3\ARM_GCC_541\Debug\Gimbal.a(LCD.o)
                0x000016ac                LCD_IsReady
 .text.LCD_WriteData
                0x00001790       0x18 .\CortexM3\ARM_GCC_541\Debug\Gimbal.a(LCD.o)
                0x00001790                LCD_WriteData
 .text.LCD_PrintString
                0x000017a8       0x1c .\CortexM3\ARM_GCC_541\Debug\Gimbal.a(LCD.o)
                0x000017a8                LCD_PrintString
 .text.LCD_WriteControl
                0x000017c4       0x18 .\CortexM3\ARM_GCC_541\Debug\Gimbal.a(LCD.o)
                0x000017c4                LCD_WriteControl
 .text.LCD_Init
                0x000017dc       0x6c .\CortexM3\ARM_GCC_541\Debug\Gimbal.a(LCD.o)
                0x000017dc                LCD_Init
 .text.LCD_Enable
                0x00001848       0x14 .\CortexM3\ARM_GCC_541\Debug\Gimbal.a(LCD.o)
                0x00001848                LCD_Enable
 .text.LCD_Start
                0x0000185c       0x1c .\CortexM3\ARM_GCC_541\Debug\Gimbal.a(LCD.o)
                0x0000185c                LCD_Start
 .text.AMux_Start
                0x00001878       0x20 .\CortexM3\ARM_GCC_541\Debug\Gimbal.a(AMux.o)
                0x00001878                AMux_Start
 .text.AMux_Select
                0x00001898       0x18 .\CortexM3\ARM_GCC_541\Debug\Gimbal.a(AMux.o)
                0x00001898                AMux_Select
 .text.ADC_GainCompensation
                0x000018b0       0xe0 .\CortexM3\ARM_GCC_541\Debug\Gimbal.a(ADC.o)
 .text.ADC_SetDSMRef0Reg
                0x00001990       0x4c .\CortexM3\ARM_GCC_541\Debug\Gimbal.a(ADC.o)
 .text.ADC_InitConfig
                0x000019dc      0x32c .\CortexM3\ARM_GCC_541\Debug\Gimbal.a(ADC.o)
 .text.ADC_Init
                0x00001d08      0x108 .\CortexM3\ARM_GCC_541\Debug\Gimbal.a(ADC.o)
                0x00001d08                ADC_Init
 .text.ADC_Enable
                0x00001e10       0xd8 .\CortexM3\ARM_GCC_541\Debug\Gimbal.a(ADC.o)
                0x00001e10                ADC_Enable
 .text.ADC_Start
                0x00001ee8       0x28 .\CortexM3\ARM_GCC_541\Debug\Gimbal.a(ADC.o)
                0x00001ee8                ADC_Start
 .text.ADC_StartConvert
                0x00001f10       0x10 .\CortexM3\ARM_GCC_541\Debug\Gimbal.a(ADC.o)
                0x00001f10                ADC_StartConvert
 .text.ADC_StopConvert
                0x00001f20       0x10 .\CortexM3\ARM_GCC_541\Debug\Gimbal.a(ADC.o)
                0x00001f20                ADC_StopConvert
 .text.ADC_IsEndConversion
                0x00001f30       0x30 .\CortexM3\ARM_GCC_541\Debug\Gimbal.a(ADC.o)
                0x00001f30                ADC_IsEndConversion
 .text.ADC_GetResult16
                0x00001f60       0x50 .\CortexM3\ARM_GCC_541\Debug\Gimbal.a(ADC.o)
                0x00001f60                ADC_GetResult16
 .text.ADC_Read16
                0x00001fb0       0x28 .\CortexM3\ARM_GCC_541\Debug\Gimbal.a(ADC.o)
                0x00001fb0                ADC_Read16
 .text.ADC_ISR1
                0x00001fd8        0x4 .\CortexM3\ARM_GCC_541\Debug\Gimbal.a(ADC_INT.o)
                0x00001fd8                ADC_ISR1
 .text.ADC_ISR2
                0x00001fdc        0x4 .\CortexM3\ARM_GCC_541\Debug\Gimbal.a(ADC_INT.o)
                0x00001fdc                ADC_ISR2
 .text.ADC_ISR3
                0x00001fe0        0x4 .\CortexM3\ARM_GCC_541\Debug\Gimbal.a(ADC_INT.o)
                0x00001fe0                ADC_ISR3
 .text.ADC_ISR4
                0x00001fe4        0x4 .\CortexM3\ARM_GCC_541\Debug\Gimbal.a(ADC_INT.o)
                0x00001fe4                ADC_ISR4
 .text.ADC_AMux_Start
                0x00001fe8       0x20 .\CortexM3\ARM_GCC_541\Debug\Gimbal.a(ADC_AMux.o)
                0x00001fe8                ADC_AMux_Start
 .text.ADC_AMux_Select
                0x00002008       0x18 .\CortexM3\ARM_GCC_541\Debug\Gimbal.a(ADC_AMux.o)
                0x00002008                ADC_AMux_Select
 .text.ADC_Ext_CP_Clk_GetDividerRegister
                0x00002020        0xc .\CortexM3\ARM_GCC_541\Debug\Gimbal.a(ADC_Ext_CP_Clk.o)
                0x00002020                ADC_Ext_CP_Clk_GetDividerRegister
 .text.ADC_Ext_CP_Clk_SetModeRegister
                0x0000202c       0x14 .\CortexM3\ARM_GCC_541\Debug\Gimbal.a(ADC_Ext_CP_Clk.o)
                0x0000202c                ADC_Ext_CP_Clk_SetModeRegister
 .text.ADC_Ext_CP_Clk_GetSourceRegister
                0x00002040       0x10 .\CortexM3\ARM_GCC_541\Debug\Gimbal.a(ADC_Ext_CP_Clk.o)
                0x00002040                ADC_Ext_CP_Clk_GetSourceRegister
 .text.ADC_Ext_CP_Clk_SetDividerRegister
                0x00002050       0xd8 .\CortexM3\ARM_GCC_541\Debug\Gimbal.a(ADC_Ext_CP_Clk.o)
                0x00002050                ADC_Ext_CP_Clk_SetDividerRegister
 .text.ADC_theACLK_GetDividerRegister
                0x00002128        0xc .\CortexM3\ARM_GCC_541\Debug\Gimbal.a(ADC_theACLK.o)
                0x00002128                ADC_theACLK_GetDividerRegister
 .text.ADC_theACLK_SetModeRegister
                0x00002134       0x14 .\CortexM3\ARM_GCC_541\Debug\Gimbal.a(ADC_theACLK.o)
                0x00002134                ADC_theACLK_SetModeRegister
 .text.ADC_theACLK_GetSourceRegister
                0x00002148       0x10 .\CortexM3\ARM_GCC_541\Debug\Gimbal.a(ADC_theACLK.o)
                0x00002148                ADC_theACLK_GetSourceRegister
 .text.ADC_theACLK_SetDividerRegister
                0x00002158       0xd8 .\CortexM3\ARM_GCC_541\Debug\Gimbal.a(ADC_theACLK.o)
                0x00002158                ADC_theACLK_SetDividerRegister
 .text.PWM_Enable
                0x00002230       0x10 .\CortexM3\ARM_GCC_541\Debug\Gimbal.a(PWM.o)
                0x00002230                PWM_Enable
 .text.PWM_WriteCounter
                0x00002240        0xc .\CortexM3\ARM_GCC_541\Debug\Gimbal.a(PWM.o)
                0x00002240                PWM_WriteCounter
 .text.PWM_WritePeriod
                0x0000224c        0xc .\CortexM3\ARM_GCC_541\Debug\Gimbal.a(PWM.o)
                0x0000224c                PWM_WritePeriod
 .text.PWM_WriteCompare1
                0x00002258        0xc .\CortexM3\ARM_GCC_541\Debug\Gimbal.a(PWM.o)
                0x00002258                PWM_WriteCompare1
 .text.PWM_WriteCompare2
                0x00002264        0xc .\CortexM3\ARM_GCC_541\Debug\Gimbal.a(PWM.o)
                0x00002264                PWM_WriteCompare2
 .text.PWM_SetInterruptMode
                0x00002270        0xc .\CortexM3\ARM_GCC_541\Debug\Gimbal.a(PWM.o)
                0x00002270                PWM_SetInterruptMode
 .text.PWM_ReadStatusRegister
                0x0000227c        0xc .\CortexM3\ARM_GCC_541\Debug\Gimbal.a(PWM.o)
                0x0000227c                PWM_ReadStatusRegister
 .text.PWM_ReadCapture
                0x00002288        0xc .\CortexM3\ARM_GCC_541\Debug\Gimbal.a(PWM.o)
                0x00002288                PWM_ReadCapture
 .text.PWM_ClearFIFO
                0x00002294       0x14 .\CortexM3\ARM_GCC_541\Debug\Gimbal.a(PWM.o)
                0x00002294                PWM_ClearFIFO
 .text.PWM_Init
                0x000022a8       0x68 .\CortexM3\ARM_GCC_541\Debug\Gimbal.a(PWM.o)
                0x000022a8                PWM_Init
 .text.PWM_Start
                0x00002310       0x1c .\CortexM3\ARM_GCC_541\Debug\Gimbal.a(PWM.o)
                0x00002310                PWM_Start
 .text.SW1_Read
                0x0000232c       0x10 .\CortexM3\ARM_GCC_541\Debug\Gimbal.a(SW1.o)
                0x0000232c                SW1_Read
 .text.LED1_Write
                0x0000233c       0x18 .\CortexM3\ARM_GCC_541\Debug\Gimbal.a(LED1.o)
                0x0000233c                LED1_Write
 .text.LED2_Write
                0x00002354       0x18 .\CortexM3\ARM_GCC_541\Debug\Gimbal.a(LED2.o)
                0x00002354                LED2_Write
 .text.LED3_Write
                0x0000236c       0x18 .\CortexM3\ARM_GCC_541\Debug\Gimbal.a(LED3.o)
                0x0000236c                LED3_Write
 .text.LED4_Write
                0x00002384       0x18 .\CortexM3\ARM_GCC_541\Debug\Gimbal.a(LED4.o)
                0x00002384                LED4_Write
 .text.SW2_Read
                0x0000239c       0x10 .\CortexM3\ARM_GCC_541\Debug\Gimbal.a(SW2.o)
                0x0000239c                SW2_Read
 *fill*         0x000023ac        0x4 
 .text          0x000023b0       0x20 .\CortexM3\ARM_GCC_541\Debug\Gimbal.a(CyBootAsmGnu.o)
                0x000023b0                CyDelayCycles
                0x000023c0                CyEnterCriticalSection
                0x000023c8                CyExitCriticalSection
 .text.atan2    0x000023d0        0x4 c:/program files (x86)/cypress/psoc creator/4.4/psoc creator/import/gnu/arm/5.4.1/bin/../lib/gcc/arm-none-eabi/5.4.1/../../../../arm-none-eabi/lib/armv7-m\libm.a(lib_a-w_atan2.o)
                0x000023d0                atan2
 .text.pow      0x000023d4      0x330 c:/program files (x86)/cypress/psoc creator/4.4/psoc creator/import/gnu/arm/5.4.1/bin/../lib/gcc/arm-none-eabi/5.4.1/../../../../arm-none-eabi/lib/armv7-m\libm.a(lib_a-w_pow.o)
                0x000023d4                pow
 .text.sqrt     0x00002704       0xb8 c:/program files (x86)/cypress/psoc creator/4.4/psoc creator/import/gnu/arm/5.4.1/bin/../lib/gcc/arm-none-eabi/5.4.1/../../../../arm-none-eabi/lib/armv7-m\libm.a(lib_a-w_sqrt.o)
                0x00002704                sqrt
 *fill*         0x000027bc        0x4 
 .text.__ieee754_atan2
                0x000027c0      0x194 c:/program files (x86)/cypress/psoc creator/4.4/psoc creator/import/gnu/arm/5.4.1/bin/../lib/gcc/arm-none-eabi/5.4.1/../../../../arm-none-eabi/lib/armv7-m\libm.a(lib_a-e_atan2.o)
                0x000027c0                __ieee754_atan2
 *fill*         0x00002954        0x4 
 .text.__ieee754_pow
                0x00002958      0xac4 c:/program files (x86)/cypress/psoc creator/4.4/psoc creator/import/gnu/arm/5.4.1/bin/../lib/gcc/arm-none-eabi/5.4.1/../../../../arm-none-eabi/lib/armv7-m\libm.a(lib_a-e_pow.o)
                0x00002958                __ieee754_pow
 .text.__ieee754_sqrt
                0x0000341c      0x188 c:/program files (x86)/cypress/psoc creator/4.4/psoc creator/import/gnu/arm/5.4.1/bin/../lib/gcc/arm-none-eabi/5.4.1/../../../../arm-none-eabi/lib/armv7-m\libm.a(lib_a-e_sqrt.o)
                0x0000341c                __ieee754_sqrt
 *fill*         0x000035a4        0x4 
 .text.atan     0x000035a8      0x33c c:/program files (x86)/cypress/psoc creator/4.4/psoc creator/import/gnu/arm/5.4.1/bin/../lib/gcc/arm-none-eabi/5.4.1/../../../../arm-none-eabi/lib/armv7-m\libm.a(lib_a-s_atan.o)
                0x000035a8                atan
 .text.fabs     0x000038e4        0x8 c:/program files (x86)/cypress/psoc creator/4.4/psoc creator/import/gnu/arm/5.4.1/bin/../lib/gcc/arm-none-eabi/5.4.1/../../../../arm-none-eabi/lib/armv7-m\libm.a(lib_a-s_fabs.o)
                0x000038e4                fabs
 .text.finite   0x000038ec        0xc c:/program files (x86)/cypress/psoc creator/4.4/psoc creator/import/gnu/arm/5.4.1/bin/../lib/gcc/arm-none-eabi/5.4.1/../../../../arm-none-eabi/lib/armv7-m\libm.a(lib_a-s_finite.o)
                0x000038ec                finite
 .text.matherr  0x000038f8        0x4 c:/program files (x86)/cypress/psoc creator/4.4/psoc creator/import/gnu/arm/5.4.1/bin/../lib/gcc/arm-none-eabi/5.4.1/../../../../arm-none-eabi/lib/armv7-m\libm.a(lib_a-s_matherr.o)
                0x000038f8                matherr
 .text.nan      0x000038fc        0xc c:/program files (x86)/cypress/psoc creator/4.4/psoc creator/import/gnu/arm/5.4.1/bin/../lib/gcc/arm-none-eabi/5.4.1/../../../../arm-none-eabi/lib/armv7-m\libm.a(lib_a-s_nan.o)
                0x000038fc                nan
 .text.rint     0x00003908      0x120 c:/program files (x86)/cypress/psoc creator/4.4/psoc creator/import/gnu/arm/5.4.1/bin/../lib/gcc/arm-none-eabi/5.4.1/../../../../arm-none-eabi/lib/armv7-m\libm.a(lib_a-s_rint.o)
                0x00003908                rint
 .text.scalbn   0x00003a28       0xe4 c:/program files (x86)/cypress/psoc creator/4.4/psoc creator/import/gnu/arm/5.4.1/bin/../lib/gcc/arm-none-eabi/5.4.1/../../../../arm-none-eabi/lib/armv7-m\libm.a(lib_a-s_scalbn.o)
                0x00003a28                scalbn
 .text.copysign
                0x00003b0c       0x10 c:/program files (x86)/cypress/psoc creator/4.4/psoc creator/import/gnu/arm/5.4.1/bin/../lib/gcc/arm-none-eabi/5.4.1/../../../../arm-none-eabi/lib/armv7-m\libm.a(lib_a-s_copysign.o)
                0x00003b0c                copysign
 .text          0x00003b1c      0x370 c:/program files (x86)/cypress/psoc creator/4.4/psoc creator/import/gnu/arm/5.4.1/bin/../lib/gcc/arm-none-eabi/5.4.1/armv7-m\libgcc.a(_arm_addsubdf3.o)
                0x00003b1c                __aeabi_drsub
                0x00003b24                __aeabi_dsub
                0x00003b24                __subdf3
                0x00003b28                __aeabi_dadd
                0x00003b28                __adddf3
                0x00003da0                __floatunsidf
                0x00003da0                __aeabi_ui2d
                0x00003dc0                __floatsidf
                0x00003dc0                __aeabi_i2d
                0x00003de4                __aeabi_f2d
                0x00003de4                __extendsfdf2
                0x00003e20                __floatundidf
                0x00003e20                __aeabi_ul2d
                0x00003e30                __floatdidf
                0x00003e30                __aeabi_l2d
 .text          0x00003e8c      0x424 c:/program files (x86)/cypress/psoc creator/4.4/psoc creator/import/gnu/arm/5.4.1/bin/../lib/gcc/arm-none-eabi/5.4.1/armv7-m\libgcc.a(_arm_muldivdf3.o)
                0x00003e8c                __aeabi_dmul
                0x00003e8c                __muldf3
                0x000040e0                __divdf3
                0x000040e0                __aeabi_ddiv
 .text          0x000042b0      0x110 c:/program files (x86)/cypress/psoc creator/4.4/psoc creator/import/gnu/arm/5.4.1/bin/../lib/gcc/arm-none-eabi/5.4.1/armv7-m\libgcc.a(_arm_cmpdf2.o)
                0x000042b0                __gtdf2
                0x000042b0                __gedf2
                0x000042b8                __ltdf2
                0x000042b8                __ledf2
                0x000042c0                __nedf2
                0x000042c0                __eqdf2
                0x000042c0                __cmpdf2
                0x0000433c                __aeabi_cdrcmple
                0x0000434c                __aeabi_cdcmpeq
                0x0000434c                __aeabi_cdcmple
                0x0000435c                __aeabi_dcmpeq
                0x00004370                __aeabi_dcmplt
                0x00004384                __aeabi_dcmple
                0x00004398                __aeabi_dcmpge
                0x000043ac                __aeabi_dcmpgt
 .text          0x000043c0       0x2c c:/program files (x86)/cypress/psoc creator/4.4/psoc creator/import/gnu/arm/5.4.1/bin/../lib/gcc/arm-none-eabi/5.4.1/armv7-m\libgcc.a(_arm_unorddf2.o)
                0x000043c0                __unorddf2
                0x000043c0                __aeabi_dcmpun
 .text          0x000043ec       0x50 c:/program files (x86)/cypress/psoc creator/4.4/psoc creator/import/gnu/arm/5.4.1/bin/../lib/gcc/arm-none-eabi/5.4.1/armv7-m\libgcc.a(_arm_fixdfsi.o)
                0x000043ec                __aeabi_d2iz
                0x000043ec                __fixdfsi
 .text          0x0000443c       0x40 c:/program files (x86)/cypress/psoc creator/4.4/psoc creator/import/gnu/arm/5.4.1/bin/../lib/gcc/arm-none-eabi/5.4.1/armv7-m\libgcc.a(_arm_fixunsdfsi.o)
                0x0000443c                __aeabi_d2uiz
                0x0000443c                __fixunsdfsi
 .text          0x0000447c       0xa0 c:/program files (x86)/cypress/psoc creator/4.4/psoc creator/import/gnu/arm/5.4.1/bin/../lib/gcc/arm-none-eabi/5.4.1/armv7-m\libgcc.a(_arm_truncdfsf2.o)
                0x0000447c                __truncdfsf2
                0x0000447c                __aeabi_d2f
 .text          0x0000451c      0x21c c:/program files (x86)/cypress/psoc creator/4.4/psoc creator/import/gnu/arm/5.4.1/bin/../lib/gcc/arm-none-eabi/5.4.1/armv7-m\libgcc.a(_arm_addsubsf3.o)
                0x0000451c                __aeabi_frsub
                0x00004524                __subsf3
                0x00004524                __aeabi_fsub
                0x00004528                __aeabi_fadd
                0x00004528                __addsf3
                0x00004688                __aeabi_ui2f
                0x00004688                __floatunsisf
                0x00004690                __aeabi_i2f
                0x00004690                __floatsisf
                0x000046ac                __aeabi_ul2f
                0x000046ac                __floatundisf
                0x000046bc                __aeabi_l2f
                0x000046bc                __floatdisf
 .text          0x00004738      0x2a0 c:/program files (x86)/cypress/psoc creator/4.4/psoc creator/import/gnu/arm/5.4.1/bin/../lib/gcc/arm-none-eabi/5.4.1/armv7-m\libgcc.a(_arm_muldivsf3.o)
                0x00004738                __mulsf3
                0x00004738                __aeabi_fmul
                0x000048a0                __aeabi_fdiv
                0x000048a0                __divsf3
 .text          0x000049d8       0x4c c:/program files (x86)/cypress/psoc creator/4.4/psoc creator/import/gnu/arm/5.4.1/bin/../lib/gcc/arm-none-eabi/5.4.1/armv7-m\libgcc.a(_arm_fixsfsi.o)
                0x000049d8                __aeabi_f2iz
                0x000049d8                __fixsfsi
 .text.__errno  0x00004a24        0xc c:/program files (x86)/cypress/psoc creator/4.4/psoc creator/import/gnu/arm/5.4.1/bin/../lib/gcc/arm-none-eabi/5.4.1/../../../../arm-none-eabi/lib/armv7-m\libg_nano.a(lib_a-errno.o)
                0x00004a24                __errno
 .text.__libc_init_array
                0x00004a30       0x4c c:/program files (x86)/cypress/psoc creator/4.4/psoc creator/import/gnu/arm/5.4.1/bin/../lib/gcc/arm-none-eabi/5.4.1/../../../../arm-none-eabi/lib/armv7-m\libg_nano.a(lib_a-init.o)
                0x00004a30                __libc_init_array
 .text.memcpy   0x00004a7c       0x16 c:/program files (x86)/cypress/psoc creator/4.4/psoc creator/import/gnu/arm/5.4.1/bin/../lib/gcc/arm-none-eabi/5.4.1/../../../../arm-none-eabi/lib/armv7-m\libg_nano.a(lib_a-memcpy-stub.o)
                0x00004a7c                memcpy
 .text.memset   0x00004a92       0x10 c:/program files (x86)/cypress/psoc creator/4.4/psoc creator/import/gnu/arm/5.4.1/bin/../lib/gcc/arm-none-eabi/5.4.1/../../../../arm-none-eabi/lib/armv7-m\libg_nano.a(lib_a-memset.o)
                0x00004a92                memset
 *fill*         0x00004aa2        0x2 
 .text.sprintf  0x00004aa4       0x48 c:/program files (x86)/cypress/psoc creator/4.4/psoc creator/import/gnu/arm/5.4.1/bin/../lib/gcc/arm-none-eabi/5.4.1/../../../../arm-none-eabi/lib/armv7-m\libg_nano.a(lib_a-sprintf.o)
                0x00004aa4                siprintf
                0x00004aa4                sprintf
 .text.__ssputs_r
                0x00004aec       0xb2 c:/program files (x86)/cypress/psoc creator/4.4/psoc creator/import/gnu/arm/5.4.1/bin/../lib/gcc/arm-none-eabi/5.4.1/../../../../arm-none-eabi/lib/armv7-m\libg_nano.a(lib_a-nano-svfprintf.o)
                0x00004aec                __ssputs_r
 *fill*         0x00004b9e        0x2 
 .text._svfprintf_r
                0x00004ba0      0x1e8 c:/program files (x86)/cypress/psoc creator/4.4/psoc creator/import/gnu/arm/5.4.1/bin/../lib/gcc/arm-none-eabi/5.4.1/../../../../arm-none-eabi/lib/armv7-m\libg_nano.a(lib_a-nano-svfprintf.o)
                0x00004ba0                _svfiprintf_r
                0x00004ba0                _svfprintf_r
 .text._printf_common
                0x00004d88       0xec c:/program files (x86)/cypress/psoc creator/4.4/psoc creator/import/gnu/arm/5.4.1/bin/../lib/gcc/arm-none-eabi/5.4.1/../../../../arm-none-eabi/lib/armv7-m\libg_nano.a(lib_a-nano-vfprintf_i.o)
                0x00004d88                _printf_common
 .text._printf_i
                0x00004e74      0x24c c:/program files (x86)/cypress/psoc creator/4.4/psoc creator/import/gnu/arm/5.4.1/bin/../lib/gcc/arm-none-eabi/5.4.1/../../../../arm-none-eabi/lib/armv7-m\libg_nano.a(lib_a-nano-vfprintf_i.o)
                0x00004e74                _printf_i
 .text.memchr   0x000050c0       0x1c c:/program files (x86)/cypress/psoc creator/4.4/psoc creator/import/gnu/arm/5.4.1/bin/../lib/gcc/arm-none-eabi/5.4.1/../../../../arm-none-eabi/lib/armv7-m\libg_nano.a(lib_a-memchr-stub.o)
                0x000050c0                memchr
 .text.memmove  0x000050dc       0x36 c:/program files (x86)/cypress/psoc creator/4.4/psoc creator/import/gnu/arm/5.4.1/bin/../lib/gcc/arm-none-eabi/5.4.1/../../../../arm-none-eabi/lib/armv7-m\libg_nano.a(lib_a-memmove.o)
                0x000050dc                memmove
 *fill*         0x00005112        0x2 
 .text._free_r  0x00005114       0x98 c:/program files (x86)/cypress/psoc creator/4.4/psoc creator/import/gnu/arm/5.4.1/bin/../lib/gcc/arm-none-eabi/5.4.1/../../../../arm-none-eabi/lib/armv7-m\libg_nano.a(lib_a-nano-freer.o)
                0x00005114                _free_r
 .text._malloc_r
                0x000051ac       0xbc c:/program files (x86)/cypress/psoc creator/4.4/psoc creator/import/gnu/arm/5.4.1/bin/../lib/gcc/arm-none-eabi/5.4.1/../../../../arm-none-eabi/lib/armv7-m\libg_nano.a(lib_a-nano-mallocr.o)
                0x000051ac                _malloc_r
 .text._realloc_r
                0x00005268       0x4c c:/program files (x86)/cypress/psoc creator/4.4/psoc creator/import/gnu/arm/5.4.1/bin/../lib/gcc/arm-none-eabi/5.4.1/../../../../arm-none-eabi/lib/armv7-m\libg_nano.a(lib_a-nano-reallocr.o)
                0x00005268                _realloc_r
 .text._sbrk_r  0x000052b4       0x20 c:/program files (x86)/cypress/psoc creator/4.4/psoc creator/import/gnu/arm/5.4.1/bin/../lib/gcc/arm-none-eabi/5.4.1/../../../../arm-none-eabi/lib/armv7-m\libg_nano.a(lib_a-sbrkr.o)
                0x000052b4                _sbrk_r
 .text.__malloc_lock
                0x000052d4        0x2 c:/program files (x86)/cypress/psoc creator/4.4/psoc creator/import/gnu/arm/5.4.1/bin/../lib/gcc/arm-none-eabi/5.4.1/../../../../arm-none-eabi/lib/armv7-m\libg_nano.a(lib_a-mlock.o)
                0x000052d4                __malloc_lock
 .text.__malloc_unlock
                0x000052d6        0x2 c:/program files (x86)/cypress/psoc creator/4.4/psoc creator/import/gnu/arm/5.4.1/bin/../lib/gcc/arm-none-eabi/5.4.1/../../../../arm-none-eabi/lib/armv7-m\libg_nano.a(lib_a-mlock.o)
                0x000052d6                __malloc_unlock
 .text._malloc_usable_size_r
                0x000052d8       0x14 c:/program files (x86)/cypress/psoc creator/4.4/psoc creator/import/gnu/arm/5.4.1/bin/../lib/gcc/arm-none-eabi/5.4.1/../../../../arm-none-eabi/lib/armv7-m\libg_nano.a(lib_a-nano-msizer.o)
                0x000052d8                _malloc_usable_size_r
 *(.plt)
 *(.gnu.warning)
 *(.glue_7t)
 .glue_7t       0x000052ec        0x0 linker stubs
 *(.glue_7)
 .glue_7        0x000052ec        0x0 linker stubs
 *(.vfp11_veneer)
 .vfp11_veneer  0x000052ec        0x0 linker stubs
 *(.bootloader)
 *(.ARM.extab* .gnu.linkonce.armextab.*)
 *(.gcc_except_table)

.v4_bx          0x000052ec        0x0
 .v4_bx         0x000052ec        0x0 linker stubs

.iplt           0x000052ec        0x0
 .iplt          0x000052ec        0x0 c:/program files (x86)/cypress/psoc creator/4.4/psoc creator/import/gnu/arm/5.4.1/bin/../lib/gcc/arm-none-eabi/5.4.1/armv7-m/crtbegin.o

.eh_frame_hdr
 *(.eh_frame_hdr)

.eh_frame       0x000052ec        0x4
 *(.eh_frame)
 .eh_frame      0x000052ec        0x0 c:/program files (x86)/cypress/psoc creator/4.4/psoc creator/import/gnu/arm/5.4.1/bin/../lib/gcc/arm-none-eabi/5.4.1/armv7-m/crtbegin.o
 .eh_frame      0x000052ec        0x4 c:/program files (x86)/cypress/psoc creator/4.4/psoc creator/import/gnu/arm/5.4.1/bin/../lib/gcc/arm-none-eabi/5.4.1/armv7-m/crtend.o
                [!provide]                PROVIDE (__exidx_start, .)

.ARM.exidx
 *(.ARM.exidx* .gnu.linkonce.armexidx.*)
                0x000052f0                __exidx_end = .

.rodata         0x000052f0      0x310
 *(.rodata .rodata.* .gnu.linkonce.r.*)
 .rodata.str1.4
                0x000052f0       0x17 .\CortexM3\ARM_GCC_541\Debug\main.o
 *fill*         0x00005307        0x1 
 .rodata.str1.4
                0x00005308      0x1be .\CortexM3\ARM_GCC_541\Debug\mpu6050.o
 *fill*         0x000054c6        0x2 
 .rodata.str1.4
                0x000054c8        0x6 .\CortexM3\ARM_GCC_541\Debug\utilities.o
 *fill*         0x000054ce        0x2 
 .rodata        0x000054d0       0x62 .\CortexM3\ARM_GCC_541\Debug\cyfitter_cfg.o
                0x000054d0                AMux__addrTable
                0x000054e0                AMux__maskTable
                0x000054e4                ADC_AMux__addrTable
                0x000054ec                ADC_AMux__maskTable
 *fill*         0x00005532        0x2 
 .rodata.str1.4
                0x00005534        0x4 c:/program files (x86)/cypress/psoc creator/4.4/psoc creator/import/gnu/arm/5.4.1/bin/../lib/gcc/arm-none-eabi/5.4.1/../../../../arm-none-eabi/lib/armv7-m\libm.a(lib_a-w_pow.o)
 .rodata.str1.4
                0x00005538        0x5 c:/program files (x86)/cypress/psoc creator/4.4/psoc creator/import/gnu/arm/5.4.1/bin/../lib/gcc/arm-none-eabi/5.4.1/../../../../arm-none-eabi/lib/armv7-m\libm.a(lib_a-w_sqrt.o)
 .rodata.str1.4
                0x0000553d        0x8 c:/program files (x86)/cypress/psoc creator/4.4/psoc creator/import/gnu/arm/5.4.1/bin/../lib/gcc/arm-none-eabi/5.4.1/../../../../arm-none-eabi/lib/armv7-m\libm.a(lib_a-e_pow.o)
                                  0x1 (size before relaxing)
 *fill*         0x0000553d        0x3 
 .rodata.atanlo
                0x00005540       0x20 c:/program files (x86)/cypress/psoc creator/4.4/psoc creator/import/gnu/arm/5.4.1/bin/../lib/gcc/arm-none-eabi/5.4.1/../../../../arm-none-eabi/lib/armv7-m\libm.a(lib_a-s_atan.o)
 .rodata.atanhi
                0x00005560       0x20 c:/program files (x86)/cypress/psoc creator/4.4/psoc creator/import/gnu/arm/5.4.1/bin/../lib/gcc/arm-none-eabi/5.4.1/../../../../arm-none-eabi/lib/armv7-m\libm.a(lib_a-s_atan.o)
 .rodata.TWO52  0x00005580       0x10 c:/program files (x86)/cypress/psoc creator/4.4/psoc creator/import/gnu/arm/5.4.1/bin/../lib/gcc/arm-none-eabi/5.4.1/../../../../arm-none-eabi/lib/armv7-m\libm.a(lib_a-s_rint.o)
 .rodata.str1.1
                0x00005590        0x2 c:/program files (x86)/cypress/psoc creator/4.4/psoc creator/import/gnu/arm/5.4.1/bin/../lib/gcc/arm-none-eabi/5.4.1/../../../../arm-none-eabi/lib/armv7-m\libg_nano.a(lib_a-impure.o)
 .rodata.str1.1
                0x00005592       0x11 c:/program files (x86)/cypress/psoc creator/4.4/psoc creator/import/gnu/arm/5.4.1/bin/../lib/gcc/arm-none-eabi/5.4.1/../../../../arm-none-eabi/lib/armv7-m\libg_nano.a(lib_a-nano-svfprintf.o)
 .rodata.str1.1
                0x000055a3       0x22 c:/program files (x86)/cypress/psoc creator/4.4/psoc creator/import/gnu/arm/5.4.1/bin/../lib/gcc/arm-none-eabi/5.4.1/../../../../arm-none-eabi/lib/armv7-m\libg_nano.a(lib_a-nano-vfprintf_i.o)
                0x000055c8                . = ALIGN (0x4)
 *fill*         0x000055c5        0x3 
 *(.init)
 .init          0x000055c8        0x4 c:/program files (x86)/cypress/psoc creator/4.4/psoc creator/import/gnu/arm/5.4.1/bin/../lib/gcc/arm-none-eabi/5.4.1/armv7-m/crti.o
                0x000055c8                _init
 .init          0x000055cc        0x8 c:/program files (x86)/cypress/psoc creator/4.4/psoc creator/import/gnu/arm/5.4.1/bin/../lib/gcc/arm-none-eabi/5.4.1/armv7-m/crtn.o
                0x000055d4                . = ALIGN (0x4)
                0x000055d4                __preinit_array_start = .
 *(.preinit_array)
                0x000055d4                __preinit_array_end = .
                0x000055d4                . = ALIGN (0x4)
                0x000055d4                __init_array_start = .
 *(SORT(.init_array.*))
 *(.init_array)
 .init_array    0x000055d4        0x4 c:/program files (x86)/cypress/psoc creator/4.4/psoc creator/import/gnu/arm/5.4.1/bin/../lib/gcc/arm-none-eabi/5.4.1/armv7-m/crtbegin.o
 .init_array    0x000055d8        0x4 .\CortexM3\ARM_GCC_541\Debug\Cm3Start.o
                0x000055dc                __init_array_end = .
                0x000055dc                . = ALIGN (0x4)
 *(.fini)
 .fini          0x000055dc        0x4 c:/program files (x86)/cypress/psoc creator/4.4/psoc creator/import/gnu/arm/5.4.1/bin/../lib/gcc/arm-none-eabi/5.4.1/armv7-m/crti.o
                0x000055dc                _fini
 .fini          0x000055e0        0x8 c:/program files (x86)/cypress/psoc creator/4.4/psoc creator/import/gnu/arm/5.4.1/bin/../lib/gcc/arm-none-eabi/5.4.1/armv7-m/crtn.o
                0x000055e8                . = ALIGN (0x4)
                0x000055e8                __fini_array_start = .
 *(.fini_array)
 .fini_array    0x000055e8        0x4 c:/program files (x86)/cypress/psoc creator/4.4/psoc creator/import/gnu/arm/5.4.1/bin/../lib/gcc/arm-none-eabi/5.4.1/armv7-m/crtbegin.o
 *(SORT(.fini_array.*))
                0x000055ec                __fini_array_end = .
                0x000055ec                . = ALIGN (0x4)
 *crtbegin.o(.ctors)
 *(EXCLUDE_FILE(*crtend.o) .ctors)
 *(SORT(.ctors.*))
 *crtend.o(.ctors)
                0x000055ec                . = ALIGN (0x4)
 *crtbegin.o(.dtors)
 *(EXCLUDE_FILE(*crtend.o) .dtors)
 *(SORT(.dtors.*))
 *crtend.o(.dtors)
                0x000055ec                . = ALIGN (0x4)
                0x000055ec                __cy_regions = .
                0x000055ec        0x4 LONG 0x5600 __cy_region_init_ram
                0x000055f0        0x4 LONG 0x1fff80c8 __cy_region_start_data
                0x000055f4        0x4 LONG 0x80 __cy_region_init_size_ram
                0x000055f8        0x4 LONG 0x1b8 __cy_region_zero_size_ram
                0x000055fc                __cy_regions_end = .
                0x00005600                . = ALIGN (0x8)
 *fill*         0x000055fc        0x4 
                0x00005600                _etext = .

.cy_checksum_exclude
                0x00005600        0x0
 *(.cy_checksum_exclude)

.ramvectors     0x1fff8000       0xc0
                0x1fff8000                __cy_region_start_ram = .
 *(.ramvectors)
 .ramvectors    0x1fff8000       0xc0 .\CortexM3\ARM_GCC_541\Debug\Cm3Start.o
                0x1fff8000                CyRamVectors

.noinit         0x1fff80c0        0x1
 *(.noinit)
 .noinit        0x1fff80c0        0x1 .\CortexM3\ARM_GCC_541\Debug\Gimbal.a(CyLib.o)
                0x1fff80c0                CyResetStatus

.data           0x1fff80c8       0x80 load address 0x00005600
                0x1fff80c8                __cy_region_start_data = .
 *(.jcr)
 .jcr           0x1fff80c8        0x0 c:/program files (x86)/cypress/psoc creator/4.4/psoc creator/import/gnu/arm/5.4.1/bin/../lib/gcc/arm-none-eabi/5.4.1/armv7-m/crtbegin.o
 .jcr           0x1fff80c8        0x4 c:/program files (x86)/cypress/psoc creator/4.4/psoc creator/import/gnu/arm/5.4.1/bin/../lib/gcc/arm-none-eabi/5.4.1/armv7-m/crtend.o
 *(.got.plt)
 *(.got)
 *(.shdata)
 *(.data .data.* .gnu.linkonce.d.*)
 .data          0x1fff80cc        0x4 .\CortexM3\ARM_GCC_541\Debug\Cm3Start.o
 .data          0x1fff80d0       0x10 .\CortexM3\ARM_GCC_541\Debug\Gimbal.a(CyLib.o)
                0x1fff80d0                cydelay_32k_ms
                0x1fff80d4                cydelay_freq_khz
                0x1fff80d8                cydelay_freq_mhz
                0x1fff80dc                cydelay_freq_hz
 .data          0x1fff80e0        0x1 .\CortexM3\ARM_GCC_541\Debug\Gimbal.a(AMux.o)
 .data          0x1fff80e1        0x1 .\CortexM3\ARM_GCC_541\Debug\Gimbal.a(ADC.o)
                0x1fff80e1                ADC_Config
 .data          0x1fff80e2        0x1 .\CortexM3\ARM_GCC_541\Debug\Gimbal.a(ADC_AMux.o)
 .data.__fdlib_version
                0x1fff80e3        0x1 c:/program files (x86)/cypress/psoc creator/4.4/psoc creator/import/gnu/arm/5.4.1/bin/../lib/gcc/arm-none-eabi/5.4.1/../../../../arm-none-eabi/lib/armv7-m\libm.a(lib_a-s_lib_ver.o)
                0x1fff80e3                __fdlib_version
 .data.impure_data
                0x1fff80e4       0x60 c:/program files (x86)/cypress/psoc creator/4.4/psoc creator/import/gnu/arm/5.4.1/bin/../lib/gcc/arm-none-eabi/5.4.1/../../../../arm-none-eabi/lib/armv7-m\libg_nano.a(lib_a-impure.o)
 .data._impure_ptr
                0x1fff8144        0x4 c:/program files (x86)/cypress/psoc creator/4.4/psoc creator/import/gnu/arm/5.4.1/bin/../lib/gcc/arm-none-eabi/5.4.1/../../../../arm-none-eabi/lib/armv7-m\libg_nano.a(lib_a-impure.o)
                0x1fff8144                _impure_ptr
                0x1fff8148                . = ALIGN (0x8)
 *(.ram)
                0x1fff8148                _edata = .

.igot.plt       0x1fff8148        0x0 load address 0x00005680
 .igot.plt      0x1fff8148        0x0 c:/program files (x86)/cypress/psoc creator/4.4/psoc creator/import/gnu/arm/5.4.1/bin/../lib/gcc/arm-none-eabi/5.4.1/armv7-m/crtbegin.o

.bss            0x1fff8148      0x1b8 load address 0x00005680
                0x1fff8148                PROVIDE (__bss_start__, .)
 *(.shbss)
 *(.bss .bss.* .gnu.linkonce.b.*)
 .bss           0x1fff8148       0x1c c:/program files (x86)/cypress/psoc creator/4.4/psoc creator/import/gnu/arm/5.4.1/bin/../lib/gcc/arm-none-eabi/5.4.1/armv7-m/crtbegin.o
 .bss           0x1fff8164        0x1 .\CortexM3\ARM_GCC_541\Debug\main.o
                0x1fff8164                mode
 *fill*         0x1fff8165        0x3 
 .bss           0x1fff8168       0x8c .\CortexM3\ARM_GCC_541\Debug\mpu6050.o
                0x1fff81ec                MPU6050_is_calibrated
 .bss           0x1fff81f4        0xc .\CortexM3\ARM_GCC_541\Debug\motor_control.o
                0x1fff81f4                servo_cmd_1
                0x1fff81f8                servo_cmd_2
                0x1fff81fc                potentio_cmd
 .bss           0x1fff8200        0x2 .\CortexM3\ARM_GCC_541\Debug\Gimbal.a(UART.o)
                0x1fff8200                UART_initVar
 .bss           0x1fff8202        0x1 .\CortexM3\ARM_GCC_541\Debug\Gimbal.a(I2C_MPU6050.o)
                0x1fff8202                I2C_MPU6050_initVar
 .bss           0x1fff8203        0x1 .\CortexM3\ARM_GCC_541\Debug\Gimbal.a(Timer.o)
                0x1fff8203                Timer_initVar
 .bss           0x1fff8204        0x2 .\CortexM3\ARM_GCC_541\Debug\Gimbal.a(LCD.o)
                0x1fff8204                LCD_enableState
                0x1fff8205                LCD_initVar
 *fill*         0x1fff8206        0x2 
 .bss           0x1fff8208       0x18 .\CortexM3\ARM_GCC_541\Debug\Gimbal.a(ADC.o)
                0x1fff8218                ADC_stopConversion
                0x1fff8219                ADC_convDone
                0x1fff821a                ADC_initVar
                0x1fff821b                ADC_started
                0x1fff821c                ADC_Offset
 .bss           0x1fff8220        0x1 .\CortexM3\ARM_GCC_541\Debug\Gimbal.a(PWM.o)
                0x1fff8220                PWM_initVar
 *fill*         0x1fff8221        0x3 
 .bss.__malloc_sbrk_start
                0x1fff8224        0x4 c:/program files (x86)/cypress/psoc creator/4.4/psoc creator/import/gnu/arm/5.4.1/bin/../lib/gcc/arm-none-eabi/5.4.1/../../../../arm-none-eabi/lib/armv7-m\libg_nano.a(lib_a-nano-mallocr.o)
                0x1fff8224                __malloc_sbrk_start
 .bss.__malloc_free_list
                0x1fff8228        0x4 c:/program files (x86)/cypress/psoc creator/4.4/psoc creator/import/gnu/arm/5.4.1/bin/../lib/gcc/arm-none-eabi/5.4.1/../../../../arm-none-eabi/lib/armv7-m\libg_nano.a(lib_a-nano-mallocr.o)
                0x1fff8228                __malloc_free_list
 *(COMMON)
 COMMON         0x1fff822c       0x34 .\CortexM3\ARM_GCC_541\Debug\main.o
                0x1fff822c                detect
                0x1fff825e                sw1
                0x1fff825f                sw2
 COMMON         0x1fff8260       0x80 .\CortexM3\ARM_GCC_541\Debug\mpu6050.o
                0x1fff8260                str
 COMMON         0x1fff82e0        0x1 .\CortexM3\ARM_GCC_541\Debug\Gimbal.a(I2C_MPU6050.o)
                0x1fff82e0                I2C_MPU6050_state
 *fill*         0x1fff82e1        0x3 
 COMMON         0x1fff82e4       0x10 .\CortexM3\ARM_GCC_541\Debug\Gimbal.a(I2C_MPU6050_MASTER.o)
                0x1fff82e4                I2C_MPU6050_mstrRdBufIndex
                0x1fff82e5                I2C_MPU6050_mstrWrBufSize
                0x1fff82e6                I2C_MPU6050_mstrControl
                0x1fff82e7                I2C_MPU6050_mstrWrBufIndex
                0x1fff82e8                I2C_MPU6050_mstrWrBufPtr
                0x1fff82ec                I2C_MPU6050_mstrRdBufSize
                0x1fff82ed                I2C_MPU6050_mstrStatus
                0x1fff82f0                I2C_MPU6050_mstrRdBufPtr
 COMMON         0x1fff82f4        0x4 .\CortexM3\ARM_GCC_541\Debug\Gimbal.a(ADC.o)
                0x1fff82f4                ADC_CountsPerVolt
 COMMON         0x1fff82f8        0x4 c:/program files (x86)/cypress/psoc creator/4.4/psoc creator/import/gnu/arm/5.4.1/bin/../lib/gcc/arm-none-eabi/5.4.1/../../../../arm-none-eabi/lib/armv7-m\libg_nano.a(lib_a-reent.o)
                0x1fff82f8                errno
                0x1fff8300                . = ALIGN (0x8)
 *fill*         0x1fff82fc        0x4 
 *(.ram.b)
                0x1fff8300                _end = .
                0x1fff8300                __end = .
                0x1fff8300                PROVIDE (end, .)
                0x1fff8300                PROVIDE (__bss_end__, .)
                0x00005600                __cy_region_init_ram = LOADADDR (.data)
                0x00000080                __cy_region_init_size_ram = (_edata - ADDR (.data))
                0x000001b8                __cy_region_zero_size_ram = (_end - _edata)

.heap           0x1fff8300       0x80 load address 0x00005680
                0x1fff8300                . = _end
                0x1fff8380                . = (. + 0x80)
 *fill*         0x1fff8300       0x80 
                0x1fff8380                __cy_heap_limit = .

.stack          0x20007800      0x800
                0x20007800                __cy_stack_limit = .
                0x20008000                . = (. + 0x800)
 *fill*         0x20007800      0x800 
                0x00000001                ASSERT ((__cy_stack_limit >= __cy_heap_limit), region RAM overflowed with stack)
                0x00000000                cy_checksum_exclude_size = (CY_APPL_LOADABLE == 0x1)?SIZEOF (.cy_checksum_exclude):0x0
                0x00000001                ASSERT ((cy_checksum_exclude_size <= CY_CHECKSUM_EXCLUDE_SIZE), CY_BOOT: Section .cy_checksum_exclude size exceedes specified limit.)

.cyloadermeta
 *(.cyloadermeta)

.cyloadablemeta
 *(.cyloadablemeta)

.cyconfigecc    0x80000000      0x4c8
 *(.cyconfigecc)
 .cyconfigecc   0x80000000      0x4c8 .\CortexM3\ARM_GCC_541\Debug\cymetadata.o
                0x80000000                cy_meta_configecc

.cycustnvl      0x90000000        0x4
 *(.cycustnvl)
 .cycustnvl     0x90000000        0x4 .\CortexM3\ARM_GCC_541\Debug\cymetadata.o
                0x90000000                cy_meta_custnvl

.cywolatch      0x90100000        0x4
 *(.cywolatch)
 .cywolatch     0x90100000        0x4 .\CortexM3\ARM_GCC_541\Debug\cymetadata.o
                0x90100000                cy_meta_wonvl

.cyeeprom       0x90200000        0x0
 *(.cyeeprom)
                0x00000001                ASSERT ((. <= ((0x90200000 + ee_offset) + ee_size)), .cyeeprom data will not fit in EEPROM)

.cyflashprotect
                0x90400000      0x100
 *(.cyflashprotect)
 .cyflashprotect
                0x90400000      0x100 .\CortexM3\ARM_GCC_541\Debug\cymetadata.o
                0x90400000                cy_meta_flashprotect

.cymeta         0x90500000        0xc
 *(.cymeta)
 .cymeta        0x90500000        0xc .\CortexM3\ARM_GCC_541\Debug\cymetadata.o
                0x90500000                cy_metadata

.rel.dyn        0x00005680        0x0 load address 0x9050000c
 .rel.iplt      0x00005680        0x0 c:/program files (x86)/cypress/psoc creator/4.4/psoc creator/import/gnu/arm/5.4.1/bin/../lib/gcc/arm-none-eabi/5.4.1/armv7-m/crtbegin.o

.stab
 *(.stab)

.stabstr
 *(.stabstr)

.debug
 *(.debug)

.line
 *(.line)

.debug_srcinfo
 *(.debug_srcinfo)

.debug_sfnames
 *(.debug_sfnames)

.debug_aranges  0x00000000      0xee0
 *(.debug_aranges)
 .debug_aranges
                0x00000000       0x20 .\CortexM3\ARM_GCC_541\Debug\main.o
 .debug_aranges
                0x00000020       0x88 .\CortexM3\ARM_GCC_541\Debug\mpu6050.o
 .debug_aranges
                0x000000a8       0x50 .\CortexM3\ARM_GCC_541\Debug\motor_control.o
 .debug_aranges
                0x000000f8       0x38 .\CortexM3\ARM_GCC_541\Debug\utilities.o
 .debug_aranges
                0x00000130       0x78 .\CortexM3\ARM_GCC_541\Debug\cyfitter_cfg.o
 .debug_aranges
                0x000001a8       0x18 .\CortexM3\ARM_GCC_541\Debug\cymetadata.o
 .debug_aranges
                0x000001c0       0x48 .\CortexM3\ARM_GCC_541\Debug\Cm3Start.o
 .debug_aranges
                0x00000208      0x2a0 .\CortexM3\ARM_GCC_541\Debug\Gimbal.a(CyLib.o)
 .debug_aranges
                0x000004a8       0x98 .\CortexM3\ARM_GCC_541\Debug\Gimbal.a(cyPm.o)
 .debug_aranges
                0x00000540       0xf0 .\CortexM3\ARM_GCC_541\Debug\Gimbal.a(UART.o)
 .debug_aranges
                0x00000630       0x70 .\CortexM3\ARM_GCC_541\Debug\Gimbal.a(UART_IntClock.o)
 .debug_aranges
                0x000006a0       0x38 .\CortexM3\ARM_GCC_541\Debug\Gimbal.a(I2C_MPU6050.o)
 .debug_aranges
                0x000006d8       0x38 .\CortexM3\ARM_GCC_541\Debug\Gimbal.a(I2C_MPU6050_PM.o)
 .debug_aranges
                0x00000710       0x20 .\CortexM3\ARM_GCC_541\Debug\Gimbal.a(I2C_MPU6050_INT.o)
 .debug_aranges
                0x00000730       0x80 .\CortexM3\ARM_GCC_541\Debug\Gimbal.a(I2C_MPU6050_MASTER.o)
 .debug_aranges
                0x000007b0       0x88 .\CortexM3\ARM_GCC_541\Debug\Gimbal.a(Timer.o)
 .debug_aranges
                0x00000838       0x80 .\CortexM3\ARM_GCC_541\Debug\Gimbal.a(ISR.o)
 .debug_aranges
                0x000008b8       0x98 .\CortexM3\ARM_GCC_541\Debug\Gimbal.a(LCD.o)
 .debug_aranges
                0x00000950       0x30 .\CortexM3\ARM_GCC_541\Debug\Gimbal.a(AMux.o)
 .debug_aranges
                0x00000980       0xe8 .\CortexM3\ARM_GCC_541\Debug\Gimbal.a(ADC.o)
 .debug_aranges
                0x00000a68       0x38 .\CortexM3\ARM_GCC_541\Debug\Gimbal.a(ADC_INT.o)
 .debug_aranges
                0x00000aa0       0x30 .\CortexM3\ARM_GCC_541\Debug\Gimbal.a(ADC_AMux.o)
 .debug_aranges
                0x00000ad0       0x70 .\CortexM3\ARM_GCC_541\Debug\Gimbal.a(ADC_Ext_CP_Clk.o)
 .debug_aranges
                0x00000b40       0x80 .\CortexM3\ARM_GCC_541\Debug\Gimbal.a(ADC_theACLK.o)
 .debug_aranges
                0x00000bc0       0xa8 .\CortexM3\ARM_GCC_541\Debug\Gimbal.a(PWM.o)
 .debug_aranges
                0x00000c68       0x38 .\CortexM3\ARM_GCC_541\Debug\Gimbal.a(SW1.o)
 .debug_aranges
                0x00000ca0       0x38 .\CortexM3\ARM_GCC_541\Debug\Gimbal.a(LED1.o)
 .debug_aranges
                0x00000cd8       0x38 .\CortexM3\ARM_GCC_541\Debug\Gimbal.a(LED2.o)
 .debug_aranges
                0x00000d10       0x38 .\CortexM3\ARM_GCC_541\Debug\Gimbal.a(LED3.o)
 .debug_aranges
                0x00000d48       0x38 .\CortexM3\ARM_GCC_541\Debug\Gimbal.a(LED4.o)
 .debug_aranges
                0x00000d80       0x38 .\CortexM3\ARM_GCC_541\Debug\Gimbal.a(SW2.o)
 .debug_aranges
                0x00000db8       0x20 .\CortexM3\ARM_GCC_541\Debug\Gimbal.a(CyBootAsmGnu.o)
 .debug_aranges
                0x00000dd8       0x88 .\CortexM3\ARM_GCC_541\Debug\Gimbal.a(CyFlash.o)
 .debug_aranges
                0x00000e60       0x80 .\CortexM3\ARM_GCC_541\Debug\Gimbal.a(CySpc.o)

.debug_pubnames
 *(.debug_pubnames)

.debug_info     0x00000000     0x8bc0
 *(.debug_info .gnu.linkonce.wi.*)
 .debug_info    0x00000000      0x43a .\CortexM3\ARM_GCC_541\Debug\main.o
 .debug_info    0x0000043a      0xc07 .\CortexM3\ARM_GCC_541\Debug\mpu6050.o
 .debug_info    0x00001041      0x2ae .\CortexM3\ARM_GCC_541\Debug\motor_control.o
 .debug_info    0x000012ef      0x44a .\CortexM3\ARM_GCC_541\Debug\utilities.o
 .debug_info    0x00001739      0x74f .\CortexM3\ARM_GCC_541\Debug\cyfitter_cfg.o
 .debug_info    0x00001e88      0x136 .\CortexM3\ARM_GCC_541\Debug\cymetadata.o
 .debug_info    0x00001fbe      0x3bb .\CortexM3\ARM_GCC_541\Debug\Cm3Start.o
 .debug_info    0x00002379     0x1374 .\CortexM3\ARM_GCC_541\Debug\Gimbal.a(CyLib.o)
 .debug_info    0x000036ed      0xa2a .\CortexM3\ARM_GCC_541\Debug\Gimbal.a(cyPm.o)
 .debug_info    0x00004117      0x60c .\CortexM3\ARM_GCC_541\Debug\Gimbal.a(UART.o)
 .debug_info    0x00004723      0x283 .\CortexM3\ARM_GCC_541\Debug\Gimbal.a(UART_IntClock.o)
 .debug_info    0x000049a6      0x2ab .\CortexM3\ARM_GCC_541\Debug\Gimbal.a(I2C_MPU6050.o)
 .debug_info    0x00004c51      0x207 .\CortexM3\ARM_GCC_541\Debug\Gimbal.a(I2C_MPU6050_PM.o)
 .debug_info    0x00004e58      0x184 .\CortexM3\ARM_GCC_541\Debug\Gimbal.a(I2C_MPU6050_INT.o)
 .debug_info    0x00004fdc      0x407 .\CortexM3\ARM_GCC_541\Debug\Gimbal.a(I2C_MPU6050_MASTER.o)
 .debug_info    0x000053e3      0x295 .\CortexM3\ARM_GCC_541\Debug\Gimbal.a(Timer.o)
 .debug_info    0x00005678      0x2d2 .\CortexM3\ARM_GCC_541\Debug\Gimbal.a(ISR.o)
 .debug_info    0x0000594a      0x715 .\CortexM3\ARM_GCC_541\Debug\Gimbal.a(LCD.o)
 .debug_info    0x0000605f      0x165 .\CortexM3\ARM_GCC_541\Debug\Gimbal.a(AMux.o)
 .debug_info    0x000061c4      0xbf1 .\CortexM3\ARM_GCC_541\Debug\Gimbal.a(ADC.o)
 .debug_info    0x00006db5       0xd3 .\CortexM3\ARM_GCC_541\Debug\Gimbal.a(ADC_INT.o)
 .debug_info    0x00006e88      0x165 .\CortexM3\ARM_GCC_541\Debug\Gimbal.a(ADC_AMux.o)
 .debug_info    0x00006fed      0x283 .\CortexM3\ARM_GCC_541\Debug\Gimbal.a(ADC_Ext_CP_Clk.o)
 .debug_info    0x00007270      0x2c4 .\CortexM3\ARM_GCC_541\Debug\Gimbal.a(ADC_theACLK.o)
 .debug_info    0x00007534      0x3a4 .\CortexM3\ARM_GCC_541\Debug\Gimbal.a(PWM.o)
 .debug_info    0x000078d8      0x11f .\CortexM3\ARM_GCC_541\Debug\Gimbal.a(SW1.o)
 .debug_info    0x000079f7      0x11f .\CortexM3\ARM_GCC_541\Debug\Gimbal.a(LED1.o)
 .debug_info    0x00007b16      0x11f .\CortexM3\ARM_GCC_541\Debug\Gimbal.a(LED2.o)
 .debug_info    0x00007c35      0x11f .\CortexM3\ARM_GCC_541\Debug\Gimbal.a(LED3.o)
 .debug_info    0x00007d54      0x11f .\CortexM3\ARM_GCC_541\Debug\Gimbal.a(LED4.o)
 .debug_info    0x00007e73      0x11f .\CortexM3\ARM_GCC_541\Debug\Gimbal.a(SW2.o)
 .debug_info    0x00007f92       0x91 .\CortexM3\ARM_GCC_541\Debug\Gimbal.a(CyBootAsmGnu.o)
 .debug_info    0x00008023      0x64d .\CortexM3\ARM_GCC_541\Debug\Gimbal.a(CyFlash.o)
 .debug_info    0x00008670      0x550 .\CortexM3\ARM_GCC_541\Debug\Gimbal.a(CySpc.o)

.debug_abbrev   0x00000000     0x264e
 *(.debug_abbrev)
 .debug_abbrev  0x00000000      0x10b .\CortexM3\ARM_GCC_541\Debug\main.o
 .debug_abbrev  0x0000010b      0x263 .\CortexM3\ARM_GCC_541\Debug\mpu6050.o
 .debug_abbrev  0x0000036e      0x102 .\CortexM3\ARM_GCC_541\Debug\motor_control.o
 .debug_abbrev  0x00000470      0x11a .\CortexM3\ARM_GCC_541\Debug\utilities.o
 .debug_abbrev  0x0000058a      0x22d .\CortexM3\ARM_GCC_541\Debug\cyfitter_cfg.o
 .debug_abbrev  0x000007b7       0x77 .\CortexM3\ARM_GCC_541\Debug\cymetadata.o
 .debug_abbrev  0x0000082e      0x1e8 .\CortexM3\ARM_GCC_541\Debug\Cm3Start.o
 .debug_abbrev  0x00000a16      0x254 .\CortexM3\ARM_GCC_541\Debug\Gimbal.a(CyLib.o)
 .debug_abbrev  0x00000c6a      0x1ab .\CortexM3\ARM_GCC_541\Debug\Gimbal.a(cyPm.o)
 .debug_abbrev  0x00000e15      0x175 .\CortexM3\ARM_GCC_541\Debug\Gimbal.a(UART.o)
 .debug_abbrev  0x00000f8a      0x139 .\CortexM3\ARM_GCC_541\Debug\Gimbal.a(UART_IntClock.o)
 .debug_abbrev  0x000010c3      0x10a .\CortexM3\ARM_GCC_541\Debug\Gimbal.a(I2C_MPU6050.o)
 .debug_abbrev  0x000011cd       0xfe .\CortexM3\ARM_GCC_541\Debug\Gimbal.a(I2C_MPU6050_PM.o)
 .debug_abbrev  0x000012cb       0xb6 .\CortexM3\ARM_GCC_541\Debug\Gimbal.a(I2C_MPU6050_INT.o)
 .debug_abbrev  0x00001381      0x13c .\CortexM3\ARM_GCC_541\Debug\Gimbal.a(I2C_MPU6050_MASTER.o)
 .debug_abbrev  0x000014bd      0x11a .\CortexM3\ARM_GCC_541\Debug\Gimbal.a(Timer.o)
 .debug_abbrev  0x000015d7      0x173 .\CortexM3\ARM_GCC_541\Debug\Gimbal.a(ISR.o)
 .debug_abbrev  0x0000174a      0x157 .\CortexM3\ARM_GCC_541\Debug\Gimbal.a(LCD.o)
 .debug_abbrev  0x000018a1       0xb1 .\CortexM3\ARM_GCC_541\Debug\Gimbal.a(AMux.o)
 .debug_abbrev  0x00001952      0x1cd .\CortexM3\ARM_GCC_541\Debug\Gimbal.a(ADC.o)
 .debug_abbrev  0x00001b1f       0x42 .\CortexM3\ARM_GCC_541\Debug\Gimbal.a(ADC_INT.o)
 .debug_abbrev  0x00001b61       0xb1 .\CortexM3\ARM_GCC_541\Debug\Gimbal.a(ADC_AMux.o)
 .debug_abbrev  0x00001c12      0x139 .\CortexM3\ARM_GCC_541\Debug\Gimbal.a(ADC_Ext_CP_Clk.o)
 .debug_abbrev  0x00001d4b      0x121 .\CortexM3\ARM_GCC_541\Debug\Gimbal.a(ADC_theACLK.o)
 .debug_abbrev  0x00001e6c      0x133 .\CortexM3\ARM_GCC_541\Debug\Gimbal.a(PWM.o)
 .debug_abbrev  0x00001f9f       0x90 .\CortexM3\ARM_GCC_541\Debug\Gimbal.a(SW1.o)
 .debug_abbrev  0x0000202f       0x90 .\CortexM3\ARM_GCC_541\Debug\Gimbal.a(LED1.o)
 .debug_abbrev  0x000020bf       0x90 .\CortexM3\ARM_GCC_541\Debug\Gimbal.a(LED2.o)
 .debug_abbrev  0x0000214f       0x90 .\CortexM3\ARM_GCC_541\Debug\Gimbal.a(LED3.o)
 .debug_abbrev  0x000021df       0x90 .\CortexM3\ARM_GCC_541\Debug\Gimbal.a(LED4.o)
 .debug_abbrev  0x0000226f       0x90 .\CortexM3\ARM_GCC_541\Debug\Gimbal.a(SW2.o)
 .debug_abbrev  0x000022ff       0x14 .\CortexM3\ARM_GCC_541\Debug\Gimbal.a(CyBootAsmGnu.o)
 .debug_abbrev  0x00002313      0x1a7 .\CortexM3\ARM_GCC_541\Debug\Gimbal.a(CyFlash.o)
 .debug_abbrev  0x000024ba      0x194 .\CortexM3\ARM_GCC_541\Debug\Gimbal.a(CySpc.o)

.debug_line     0x00000000     0x3c28
 *(.debug_line)
 .debug_line    0x00000000      0x25c .\CortexM3\ARM_GCC_541\Debug\main.o
 .debug_line    0x0000025c      0x3f3 .\CortexM3\ARM_GCC_541\Debug\mpu6050.o
 .debug_line    0x0000064f      0x201 .\CortexM3\ARM_GCC_541\Debug\motor_control.o
 .debug_line    0x00000850      0x265 .\CortexM3\ARM_GCC_541\Debug\utilities.o
 .debug_line    0x00000ab5      0x251 .\CortexM3\ARM_GCC_541\Debug\cyfitter_cfg.o
 .debug_line    0x00000d06      0x141 .\CortexM3\ARM_GCC_541\Debug\cymetadata.o
 .debug_line    0x00000e47      0x234 .\CortexM3\ARM_GCC_541\Debug\Cm3Start.o
 .debug_line    0x0000107b      0x816 .\CortexM3\ARM_GCC_541\Debug\Gimbal.a(CyLib.o)
 .debug_line    0x00001891      0x367 .\CortexM3\ARM_GCC_541\Debug\Gimbal.a(cyPm.o)
 .debug_line    0x00001bf8      0x2bc .\CortexM3\ARM_GCC_541\Debug\Gimbal.a(UART.o)
 .debug_line    0x00001eb4      0x17c .\CortexM3\ARM_GCC_541\Debug\Gimbal.a(UART_IntClock.o)
 .debug_line    0x00002030       0xf2 .\CortexM3\ARM_GCC_541\Debug\Gimbal.a(I2C_MPU6050.o)
 .debug_line    0x00002122       0xcb .\CortexM3\ARM_GCC_541\Debug\Gimbal.a(I2C_MPU6050_PM.o)
 .debug_line    0x000021ed      0x124 .\CortexM3\ARM_GCC_541\Debug\Gimbal.a(I2C_MPU6050_INT.o)
 .debug_line    0x00002311      0x20d .\CortexM3\ARM_GCC_541\Debug\Gimbal.a(I2C_MPU6050_MASTER.o)
 .debug_line    0x0000251e      0x153 .\CortexM3\ARM_GCC_541\Debug\Gimbal.a(Timer.o)
 .debug_line    0x00002671      0x130 .\CortexM3\ARM_GCC_541\Debug\Gimbal.a(ISR.o)
 .debug_line    0x000027a1      0x1dc .\CortexM3\ARM_GCC_541\Debug\Gimbal.a(LCD.o)
 .debug_line    0x0000297d       0xa8 .\CortexM3\ARM_GCC_541\Debug\Gimbal.a(AMux.o)
 .debug_line    0x00002a25      0x3cf .\CortexM3\ARM_GCC_541\Debug\Gimbal.a(ADC.o)
 .debug_line    0x00002df4       0x80 .\CortexM3\ARM_GCC_541\Debug\Gimbal.a(ADC_INT.o)
 .debug_line    0x00002e74       0xac .\CortexM3\ARM_GCC_541\Debug\Gimbal.a(ADC_AMux.o)
 .debug_line    0x00002f20      0x17d .\CortexM3\ARM_GCC_541\Debug\Gimbal.a(ADC_Ext_CP_Clk.o)
 .debug_line    0x0000309d      0x19d .\CortexM3\ARM_GCC_541\Debug\Gimbal.a(ADC_theACLK.o)
 .debug_line    0x0000323a      0x1aa .\CortexM3\ARM_GCC_541\Debug\Gimbal.a(PWM.o)
 .debug_line    0x000033e4       0x90 .\CortexM3\ARM_GCC_541\Debug\Gimbal.a(SW1.o)
 .debug_line    0x00003474       0x91 .\CortexM3\ARM_GCC_541\Debug\Gimbal.a(LED1.o)
 .debug_line    0x00003505       0x91 .\CortexM3\ARM_GCC_541\Debug\Gimbal.a(LED2.o)
 .debug_line    0x00003596       0x91 .\CortexM3\ARM_GCC_541\Debug\Gimbal.a(LED3.o)
 .debug_line    0x00003627       0x91 .\CortexM3\ARM_GCC_541\Debug\Gimbal.a(LED4.o)
 .debug_line    0x000036b8       0x90 .\CortexM3\ARM_GCC_541\Debug\Gimbal.a(SW2.o)
 .debug_line    0x00003748       0x66 .\CortexM3\ARM_GCC_541\Debug\Gimbal.a(CyBootAsmGnu.o)
 .debug_line    0x000037ae      0x21a .\CortexM3\ARM_GCC_541\Debug\Gimbal.a(CyFlash.o)
 .debug_line    0x000039c8      0x260 .\CortexM3\ARM_GCC_541\Debug\Gimbal.a(CySpc.o)

.debug_frame    0x00000000     0x2ac4
 *(.debug_frame)
 .debug_frame   0x00000000       0x2c .\CortexM3\ARM_GCC_541\Debug\main.o
 .debug_frame   0x0000002c      0x190 .\CortexM3\ARM_GCC_541\Debug\mpu6050.o
 .debug_frame   0x000001bc       0xd4 .\CortexM3\ARM_GCC_541\Debug\motor_control.o
 .debug_frame   0x00000290       0x88 .\CortexM3\ARM_GCC_541\Debug\utilities.o
 .debug_frame   0x00000318      0x13c .\CortexM3\ARM_GCC_541\Debug\cyfitter_cfg.o
 .debug_frame   0x00000454       0xb8 .\CortexM3\ARM_GCC_541\Debug\Cm3Start.o
 .debug_frame   0x0000050c      0x738 .\CortexM3\ARM_GCC_541\Debug\Gimbal.a(CyLib.o)
 .debug_frame   0x00000c44      0x1f8 .\CortexM3\ARM_GCC_541\Debug\Gimbal.a(cyPm.o)
 .debug_frame   0x00000e3c      0x250 .\CortexM3\ARM_GCC_541\Debug\Gimbal.a(UART.o)
 .debug_frame   0x0000108c       0xe0 .\CortexM3\ARM_GCC_541\Debug\Gimbal.a(UART_IntClock.o)
 .debug_frame   0x0000116c       0x90 .\CortexM3\ARM_GCC_541\Debug\Gimbal.a(I2C_MPU6050.o)
 .debug_frame   0x000011fc       0x74 .\CortexM3\ARM_GCC_541\Debug\Gimbal.a(I2C_MPU6050_PM.o)
 .debug_frame   0x00001270       0x30 .\CortexM3\ARM_GCC_541\Debug\Gimbal.a(I2C_MPU6050_INT.o)
 .debug_frame   0x000012a0      0x138 .\CortexM3\ARM_GCC_541\Debug\Gimbal.a(I2C_MPU6050_MASTER.o)
 .debug_frame   0x000013d8      0x108 .\CortexM3\ARM_GCC_541\Debug\Gimbal.a(Timer.o)
 .debug_frame   0x000014e0      0x104 .\CortexM3\ARM_GCC_541\Debug\Gimbal.a(ISR.o)
 .debug_frame   0x000015e4      0x1e8 .\CortexM3\ARM_GCC_541\Debug\Gimbal.a(LCD.o)
 .debug_frame   0x000017cc       0x64 .\CortexM3\ARM_GCC_541\Debug\Gimbal.a(AMux.o)
 .debug_frame   0x00001830      0x284 .\CortexM3\ARM_GCC_541\Debug\Gimbal.a(ADC.o)
 .debug_frame   0x00001ab4       0x50 .\CortexM3\ARM_GCC_541\Debug\Gimbal.a(ADC_INT.o)
 .debug_frame   0x00001b04       0x64 .\CortexM3\ARM_GCC_541\Debug\Gimbal.a(ADC_AMux.o)
 .debug_frame   0x00001b68       0xe0 .\CortexM3\ARM_GCC_541\Debug\Gimbal.a(ADC_Ext_CP_Clk.o)
 .debug_frame   0x00001c48      0x100 .\CortexM3\ARM_GCC_541\Debug\Gimbal.a(ADC_theACLK.o)
 .debug_frame   0x00001d48      0x154 .\CortexM3\ARM_GCC_541\Debug\Gimbal.a(PWM.o)
 .debug_frame   0x00001e9c       0x50 .\CortexM3\ARM_GCC_541\Debug\Gimbal.a(SW1.o)
 .debug_frame   0x00001eec       0x50 .\CortexM3\ARM_GCC_541\Debug\Gimbal.a(LED1.o)
 .debug_frame   0x00001f3c       0x50 .\CortexM3\ARM_GCC_541\Debug\Gimbal.a(LED2.o)
 .debug_frame   0x00001f8c       0x50 .\CortexM3\ARM_GCC_541\Debug\Gimbal.a(LED3.o)
 .debug_frame   0x00001fdc       0x50 .\CortexM3\ARM_GCC_541\Debug\Gimbal.a(LED4.o)
 .debug_frame   0x0000202c       0x50 .\CortexM3\ARM_GCC_541\Debug\Gimbal.a(SW2.o)
 .debug_frame   0x0000207c      0x194 .\CortexM3\ARM_GCC_541\Debug\Gimbal.a(CyFlash.o)
 .debug_frame   0x00002210      0x180 .\CortexM3\ARM_GCC_541\Debug\Gimbal.a(CySpc.o)
 .debug_frame   0x00002390       0x20 c:/program files (x86)/cypress/psoc creator/4.4/psoc creator/import/gnu/arm/5.4.1/bin/../lib/gcc/arm-none-eabi/5.4.1/../../../../arm-none-eabi/lib/armv7-m\libm.a(lib_a-w_atan2.o)
 .debug_frame   0x000023b0       0x4c c:/program files (x86)/cypress/psoc creator/4.4/psoc creator/import/gnu/arm/5.4.1/bin/../lib/gcc/arm-none-eabi/5.4.1/../../../../arm-none-eabi/lib/armv7-m\libm.a(lib_a-w_pow.o)
 .debug_frame   0x000023fc       0x44 c:/program files (x86)/cypress/psoc creator/4.4/psoc creator/import/gnu/arm/5.4.1/bin/../lib/gcc/arm-none-eabi/5.4.1/../../../../arm-none-eabi/lib/armv7-m\libm.a(lib_a-w_sqrt.o)
 .debug_frame   0x00002440       0x48 c:/program files (x86)/cypress/psoc creator/4.4/psoc creator/import/gnu/arm/5.4.1/bin/../lib/gcc/arm-none-eabi/5.4.1/../../../../arm-none-eabi/lib/armv7-m\libm.a(lib_a-e_atan2.o)
 .debug_frame   0x00002488       0x68 c:/program files (x86)/cypress/psoc creator/4.4/psoc creator/import/gnu/arm/5.4.1/bin/../lib/gcc/arm-none-eabi/5.4.1/../../../../arm-none-eabi/lib/armv7-m\libm.a(lib_a-e_pow.o)
 .debug_frame   0x000024f0       0x30 c:/program files (x86)/cypress/psoc creator/4.4/psoc creator/import/gnu/arm/5.4.1/bin/../lib/gcc/arm-none-eabi/5.4.1/../../../../arm-none-eabi/lib/armv7-m\libm.a(lib_a-e_sqrt.o)
 .debug_frame   0x00002520       0x38 c:/program files (x86)/cypress/psoc creator/4.4/psoc creator/import/gnu/arm/5.4.1/bin/../lib/gcc/arm-none-eabi/5.4.1/../../../../arm-none-eabi/lib/armv7-m\libm.a(lib_a-s_atan.o)
 .debug_frame   0x00002558       0x20 c:/program files (x86)/cypress/psoc creator/4.4/psoc creator/import/gnu/arm/5.4.1/bin/../lib/gcc/arm-none-eabi/5.4.1/../../../../arm-none-eabi/lib/armv7-m\libm.a(lib_a-s_fabs.o)
 .debug_frame   0x00002578       0x20 c:/program files (x86)/cypress/psoc creator/4.4/psoc creator/import/gnu/arm/5.4.1/bin/../lib/gcc/arm-none-eabi/5.4.1/../../../../arm-none-eabi/lib/armv7-m\libm.a(lib_a-s_finite.o)
 .debug_frame   0x00002598       0x20 c:/program files (x86)/cypress/psoc creator/4.4/psoc creator/import/gnu/arm/5.4.1/bin/../lib/gcc/arm-none-eabi/5.4.1/../../../../arm-none-eabi/lib/armv7-m\libm.a(lib_a-s_matherr.o)
 .debug_frame   0x000025b8       0x20 c:/program files (x86)/cypress/psoc creator/4.4/psoc creator/import/gnu/arm/5.4.1/bin/../lib/gcc/arm-none-eabi/5.4.1/../../../../arm-none-eabi/lib/armv7-m\libm.a(lib_a-s_nan.o)
 .debug_frame   0x000025d8       0x3c c:/program files (x86)/cypress/psoc creator/4.4/psoc creator/import/gnu/arm/5.4.1/bin/../lib/gcc/arm-none-eabi/5.4.1/../../../../arm-none-eabi/lib/armv7-m\libm.a(lib_a-s_rint.o)
 .debug_frame   0x00002614       0x30 c:/program files (x86)/cypress/psoc creator/4.4/psoc creator/import/gnu/arm/5.4.1/bin/../lib/gcc/arm-none-eabi/5.4.1/../../../../arm-none-eabi/lib/armv7-m\libm.a(lib_a-s_scalbn.o)
 .debug_frame   0x00002644       0x20 c:/program files (x86)/cypress/psoc creator/4.4/psoc creator/import/gnu/arm/5.4.1/bin/../lib/gcc/arm-none-eabi/5.4.1/../../../../arm-none-eabi/lib/armv7-m\libm.a(lib_a-s_copysign.o)
 .debug_frame   0x00002664       0x20 c:/program files (x86)/cypress/psoc creator/4.4/psoc creator/import/gnu/arm/5.4.1/bin/../lib/gcc/arm-none-eabi/5.4.1/../../../../arm-none-eabi/lib/armv7-m\libg_nano.a(lib_a-errno.o)
 .debug_frame   0x00002684       0x28 c:/program files (x86)/cypress/psoc creator/4.4/psoc creator/import/gnu/arm/5.4.1/bin/../lib/gcc/arm-none-eabi/5.4.1/../../../../arm-none-eabi/lib/armv7-m\libg_nano.a(lib_a-exit.o)
 .debug_frame   0x000026ac       0x2c c:/program files (x86)/cypress/psoc creator/4.4/psoc creator/import/gnu/arm/5.4.1/bin/../lib/gcc/arm-none-eabi/5.4.1/../../../../arm-none-eabi/lib/armv7-m\libg_nano.a(lib_a-init.o)
 .debug_frame   0x000026d8       0x38 c:/program files (x86)/cypress/psoc creator/4.4/psoc creator/import/gnu/arm/5.4.1/bin/../lib/gcc/arm-none-eabi/5.4.1/../../../../arm-none-eabi/lib/armv7-m\libg_nano.a(lib_a-itoa.o)
 .debug_frame   0x00002710       0x28 c:/program files (x86)/cypress/psoc creator/4.4/psoc creator/import/gnu/arm/5.4.1/bin/../lib/gcc/arm-none-eabi/5.4.1/../../../../arm-none-eabi/lib/armv7-m\libg_nano.a(lib_a-memcpy-stub.o)
 .debug_frame   0x00002738       0x20 c:/program files (x86)/cypress/psoc creator/4.4/psoc creator/import/gnu/arm/5.4.1/bin/../lib/gcc/arm-none-eabi/5.4.1/../../../../arm-none-eabi/lib/armv7-m\libg_nano.a(lib_a-memset.o)
 .debug_frame   0x00002758       0x70 c:/program files (x86)/cypress/psoc creator/4.4/psoc creator/import/gnu/arm/5.4.1/bin/../lib/gcc/arm-none-eabi/5.4.1/../../../../arm-none-eabi/lib/armv7-m\libg_nano.a(lib_a-sprintf.o)
 .debug_frame   0x000027c8       0x44 c:/program files (x86)/cypress/psoc creator/4.4/psoc creator/import/gnu/arm/5.4.1/bin/../lib/gcc/arm-none-eabi/5.4.1/../../../../arm-none-eabi/lib/armv7-m\libg_nano.a(lib_a-utoa.o)
 .debug_frame   0x0000280c       0x90 c:/program files (x86)/cypress/psoc creator/4.4/psoc creator/import/gnu/arm/5.4.1/bin/../lib/gcc/arm-none-eabi/5.4.1/../../../../arm-none-eabi/lib/armv7-m\libg_nano.a(lib_a-nano-svfprintf.o)
 .debug_frame   0x0000289c       0x60 c:/program files (x86)/cypress/psoc creator/4.4/psoc creator/import/gnu/arm/5.4.1/bin/../lib/gcc/arm-none-eabi/5.4.1/../../../../arm-none-eabi/lib/armv7-m\libg_nano.a(lib_a-nano-vfprintf_i.o)
 .debug_frame   0x000028fc       0x28 c:/program files (x86)/cypress/psoc creator/4.4/psoc creator/import/gnu/arm/5.4.1/bin/../lib/gcc/arm-none-eabi/5.4.1/../../../../arm-none-eabi/lib/armv7-m\libg_nano.a(lib_a-memchr-stub.o)
 .debug_frame   0x00002924       0x28 c:/program files (x86)/cypress/psoc creator/4.4/psoc creator/import/gnu/arm/5.4.1/bin/../lib/gcc/arm-none-eabi/5.4.1/../../../../arm-none-eabi/lib/armv7-m\libg_nano.a(lib_a-memmove.o)
 .debug_frame   0x0000294c       0x38 c:/program files (x86)/cypress/psoc creator/4.4/psoc creator/import/gnu/arm/5.4.1/bin/../lib/gcc/arm-none-eabi/5.4.1/../../../../arm-none-eabi/lib/armv7-m\libg_nano.a(lib_a-nano-freer.o)
 .debug_frame   0x00002984       0x2c c:/program files (x86)/cypress/psoc creator/4.4/psoc creator/import/gnu/arm/5.4.1/bin/../lib/gcc/arm-none-eabi/5.4.1/../../../../arm-none-eabi/lib/armv7-m\libg_nano.a(lib_a-nano-mallocr.o)
 .debug_frame   0x000029b0       0x3c c:/program files (x86)/cypress/psoc creator/4.4/psoc creator/import/gnu/arm/5.4.1/bin/../lib/gcc/arm-none-eabi/5.4.1/../../../../arm-none-eabi/lib/armv7-m\libg_nano.a(lib_a-nano-reallocr.o)
 .debug_frame   0x000029ec       0x2c c:/program files (x86)/cypress/psoc creator/4.4/psoc creator/import/gnu/arm/5.4.1/bin/../lib/gcc/arm-none-eabi/5.4.1/../../../../arm-none-eabi/lib/armv7-m\libg_nano.a(lib_a-sbrkr.o)
 .debug_frame   0x00002a18       0x30 c:/program files (x86)/cypress/psoc creator/4.4/psoc creator/import/gnu/arm/5.4.1/bin/../lib/gcc/arm-none-eabi/5.4.1/../../../../arm-none-eabi/lib/armv7-m\libg_nano.a(lib_a-mlock.o)
 .debug_frame   0x00002a48       0x20 c:/program files (x86)/cypress/psoc creator/4.4/psoc creator/import/gnu/arm/5.4.1/bin/../lib/gcc/arm-none-eabi/5.4.1/../../../../arm-none-eabi/lib/armv7-m\libg_nano.a(lib_a-nano-msizer.o)
 .debug_frame   0x00002a68       0x5c c:/program files (x86)/cypress/psoc creator/4.4/psoc creator/import/gnu/arm/5.4.1/bin/../lib/gcc/arm-none-eabi/5.4.1/../../../../arm-none-eabi/lib/armv7-m\libg_nano.a(lib_a-reent.o)

.debug_str      0x00000000     0x2c88
 *(.debug_str)
 .debug_str     0x00000000      0x319 .\CortexM3\ARM_GCC_541\Debug\main.o
                                0x384 (size before relaxing)
 .debug_str     0x00000319      0x28a .\CortexM3\ARM_GCC_541\Debug\mpu6050.o
                                0x510 (size before relaxing)
 .debug_str     0x000005a3       0x89 .\CortexM3\ARM_GCC_541\Debug\motor_control.o
                                0x2c6 (size before relaxing)
 .debug_str     0x0000062c       0x70 .\CortexM3\ARM_GCC_541\Debug\utilities.o
                                0x283 (size before relaxing)
 .debug_str     0x0000069c      0x1f4 .\CortexM3\ARM_GCC_541\Debug\cyfitter_cfg.o
                                0x3c5 (size before relaxing)
 .debug_str     0x00000890       0x75 .\CortexM3\ARM_GCC_541\Debug\cymetadata.o
                                0x1e5 (size before relaxing)
 .debug_str     0x00000905      0x144 .\CortexM3\ARM_GCC_541\Debug\Cm3Start.o
                                0x30b (size before relaxing)
 .debug_str     0x00000a49      0x832 .\CortexM3\ARM_GCC_541\Debug\Gimbal.a(CyLib.o)
                                0xa48 (size before relaxing)
 .debug_str     0x0000127b      0x365 .\CortexM3\ARM_GCC_541\Debug\Gimbal.a(cyPm.o)
                                0x734 (size before relaxing)
 .debug_str     0x000015e0      0x280 .\CortexM3\ARM_GCC_541\Debug\Gimbal.a(UART.o)
                                0x476 (size before relaxing)
 .debug_str     0x00001860      0x183 .\CortexM3\ARM_GCC_541\Debug\Gimbal.a(UART_IntClock.o)
                                0x337 (size before relaxing)
 .debug_str     0x000019e3      0x125 .\CortexM3\ARM_GCC_541\Debug\Gimbal.a(I2C_MPU6050.o)
                                0x342 (size before relaxing)
 .debug_str     0x00001b08       0x7e .\CortexM3\ARM_GCC_541\Debug\Gimbal.a(I2C_MPU6050_PM.o)
                                0x2c6 (size before relaxing)
 .debug_str     0x00001b86       0xbe .\CortexM3\ARM_GCC_541\Debug\Gimbal.a(I2C_MPU6050_INT.o)
                                0x2b8 (size before relaxing)
 .debug_str     0x00001c44      0x152 .\CortexM3\ARM_GCC_541\Debug\Gimbal.a(I2C_MPU6050_MASTER.o)
                                0x45d (size before relaxing)
 .debug_str     0x00001d96      0x12d .\CortexM3\ARM_GCC_541\Debug\Gimbal.a(Timer.o)
                                0x2f6 (size before relaxing)
 .debug_str     0x00001ec3       0xbe .\CortexM3\ARM_GCC_541\Debug\Gimbal.a(ISR.o)
                                0x28b (size before relaxing)
 .debug_str     0x00001f81      0x12a .\CortexM3\ARM_GCC_541\Debug\Gimbal.a(LCD.o)
                                0x32c (size before relaxing)
 .debug_str     0x000020ab       0x23 .\CortexM3\ARM_GCC_541\Debug\Gimbal.a(AMux.o)
                                0x1e4 (size before relaxing)
 .debug_str     0x000020ce      0x338 .\CortexM3\ARM_GCC_541\Debug\Gimbal.a(ADC.o)
                                0x5ca (size before relaxing)
 .debug_str     0x00002406       0x45 .\CortexM3\ARM_GCC_541\Debug\Gimbal.a(ADC_INT.o)
                                0x1c1 (size before relaxing)
 .debug_str     0x0000244b       0x5a .\CortexM3\ARM_GCC_541\Debug\Gimbal.a(ADC_AMux.o)
                                0x200 (size before relaxing)
 .debug_str     0x000024a5      0x12a .\CortexM3\ARM_GCC_541\Debug\Gimbal.a(ADC_Ext_CP_Clk.o)
                                0x343 (size before relaxing)
 .debug_str     0x000025cf      0x14f .\CortexM3\ARM_GCC_541\Debug\Gimbal.a(ADC_theACLK.o)
                                0x362 (size before relaxing)
 .debug_str     0x0000271e      0x143 .\CortexM3\ARM_GCC_541\Debug\Gimbal.a(PWM.o)
                                0x35e (size before relaxing)
 .debug_str     0x00002861       0x53 .\CortexM3\ARM_GCC_541\Debug\Gimbal.a(SW1.o)
                                0x1d9 (size before relaxing)
 .debug_str     0x000028b4       0x4b .\CortexM3\ARM_GCC_541\Debug\Gimbal.a(LED1.o)
                                0x1de (size before relaxing)
 .debug_str     0x000028ff       0x4b .\CortexM3\ARM_GCC_541\Debug\Gimbal.a(LED2.o)
                                0x1de (size before relaxing)
 .debug_str     0x0000294a       0x4b .\CortexM3\ARM_GCC_541\Debug\Gimbal.a(LED3.o)
                                0x1de (size before relaxing)
 .debug_str     0x00002995       0x4b .\CortexM3\ARM_GCC_541\Debug\Gimbal.a(LED4.o)
                                0x1de (size before relaxing)
 .debug_str     0x000029e0       0x48 .\CortexM3\ARM_GCC_541\Debug\Gimbal.a(SW2.o)
                                0x1d9 (size before relaxing)
 .debug_str     0x00002a28      0x1b4 .\CortexM3\ARM_GCC_541\Debug\Gimbal.a(CyFlash.o)
                                0x3c1 (size before relaxing)
 .debug_str     0x00002bdc       0xac .\CortexM3\ARM_GCC_541\Debug\Gimbal.a(CySpc.o)
                                0x339 (size before relaxing)

.debug_loc      0x00000000     0x352a
 *(.debug_loc)
 .debug_loc     0x00000000       0x36 .\CortexM3\ARM_GCC_541\Debug\main.o
 .debug_loc     0x00000036       0x4b .\CortexM3\ARM_GCC_541\Debug\mpu6050.o
 .debug_loc     0x00000081       0x42 .\CortexM3\ARM_GCC_541\Debug\motor_control.o
 .debug_loc     0x000000c3       0x58 .\CortexM3\ARM_GCC_541\Debug\utilities.o
 .debug_loc     0x0000011b      0x34a .\CortexM3\ARM_GCC_541\Debug\cyfitter_cfg.o
 .debug_loc     0x00000465      0x144 .\CortexM3\ARM_GCC_541\Debug\Cm3Start.o
 .debug_loc     0x000005a9      0xa11 .\CortexM3\ARM_GCC_541\Debug\Gimbal.a(CyLib.o)
 .debug_loc     0x00000fba      0x1e4 .\CortexM3\ARM_GCC_541\Debug\Gimbal.a(cyPm.o)
 .debug_loc     0x0000119e      0x258 .\CortexM3\ARM_GCC_541\Debug\Gimbal.a(UART.o)
 .debug_loc     0x000013f6      0x128 .\CortexM3\ARM_GCC_541\Debug\Gimbal.a(UART_IntClock.o)
 .debug_loc     0x0000151e       0x39 .\CortexM3\ARM_GCC_541\Debug\Gimbal.a(I2C_MPU6050.o)
 .debug_loc     0x00001557       0x13 .\CortexM3\ARM_GCC_541\Debug\Gimbal.a(I2C_MPU6050_PM.o)
 .debug_loc     0x0000156a       0x29 .\CortexM3\ARM_GCC_541\Debug\Gimbal.a(I2C_MPU6050_INT.o)
 .debug_loc     0x00001593      0x52f .\CortexM3\ARM_GCC_541\Debug\Gimbal.a(I2C_MPU6050_MASTER.o)
 .debug_loc     0x00001ac2       0x56 .\CortexM3\ARM_GCC_541\Debug\Gimbal.a(ISR.o)
 .debug_loc     0x00001b18      0x3c6 .\CortexM3\ARM_GCC_541\Debug\Gimbal.a(LCD.o)
 .debug_loc     0x00001ede       0x6c .\CortexM3\ARM_GCC_541\Debug\Gimbal.a(AMux.o)
 .debug_loc     0x00001f4a      0x692 .\CortexM3\ARM_GCC_541\Debug\Gimbal.a(ADC.o)
 .debug_loc     0x000025dc       0x6c .\CortexM3\ARM_GCC_541\Debug\Gimbal.a(ADC_AMux.o)
 .debug_loc     0x00002648      0x12c .\CortexM3\ARM_GCC_541\Debug\Gimbal.a(ADC_Ext_CP_Clk.o)
 .debug_loc     0x00002774      0x14d .\CortexM3\ARM_GCC_541\Debug\Gimbal.a(ADC_theACLK.o)
 .debug_loc     0x000028c1       0x26 .\CortexM3\ARM_GCC_541\Debug\Gimbal.a(PWM.o)
 .debug_loc     0x000028e7       0x42 .\CortexM3\ARM_GCC_541\Debug\Gimbal.a(SW1.o)
 .debug_loc     0x00002929       0x42 .\CortexM3\ARM_GCC_541\Debug\Gimbal.a(LED1.o)
 .debug_loc     0x0000296b       0x42 .\CortexM3\ARM_GCC_541\Debug\Gimbal.a(LED2.o)
 .debug_loc     0x000029ad       0x42 .\CortexM3\ARM_GCC_541\Debug\Gimbal.a(LED3.o)
 .debug_loc     0x000029ef       0x42 .\CortexM3\ARM_GCC_541\Debug\Gimbal.a(LED4.o)
 .debug_loc     0x00002a31       0x42 .\CortexM3\ARM_GCC_541\Debug\Gimbal.a(SW2.o)
 .debug_loc     0x00002a73      0x3b2 .\CortexM3\ARM_GCC_541\Debug\Gimbal.a(CyFlash.o)
 .debug_loc     0x00002e25      0x705 .\CortexM3\ARM_GCC_541\Debug\Gimbal.a(CySpc.o)

.debug_macinfo
 *(.debug_macinfo)

.debug_ranges   0x00000000      0xca8
 *(.debug_ranges)
 .debug_ranges  0x00000000       0x10 .\CortexM3\ARM_GCC_541\Debug\main.o
 .debug_ranges  0x00000010       0x78 .\CortexM3\ARM_GCC_541\Debug\mpu6050.o
 .debug_ranges  0x00000088       0x40 .\CortexM3\ARM_GCC_541\Debug\motor_control.o
 .debug_ranges  0x000000c8       0x28 .\CortexM3\ARM_GCC_541\Debug\utilities.o
 .debug_ranges  0x000000f0       0x68 .\CortexM3\ARM_GCC_541\Debug\cyfitter_cfg.o
 .debug_ranges  0x00000158       0x38 .\CortexM3\ARM_GCC_541\Debug\Cm3Start.o
 .debug_ranges  0x00000190      0x290 .\CortexM3\ARM_GCC_541\Debug\Gimbal.a(CyLib.o)
 .debug_ranges  0x00000420       0x88 .\CortexM3\ARM_GCC_541\Debug\Gimbal.a(cyPm.o)
 .debug_ranges  0x000004a8       0xe0 .\CortexM3\ARM_GCC_541\Debug\Gimbal.a(UART.o)
 .debug_ranges  0x00000588       0x60 .\CortexM3\ARM_GCC_541\Debug\Gimbal.a(UART_IntClock.o)
 .debug_ranges  0x000005e8       0x28 .\CortexM3\ARM_GCC_541\Debug\Gimbal.a(I2C_MPU6050.o)
 .debug_ranges  0x00000610       0x28 .\CortexM3\ARM_GCC_541\Debug\Gimbal.a(I2C_MPU6050_PM.o)
 .debug_ranges  0x00000638       0x10 .\CortexM3\ARM_GCC_541\Debug\Gimbal.a(I2C_MPU6050_INT.o)
 .debug_ranges  0x00000648       0x70 .\CortexM3\ARM_GCC_541\Debug\Gimbal.a(I2C_MPU6050_MASTER.o)
 .debug_ranges  0x000006b8       0x78 .\CortexM3\ARM_GCC_541\Debug\Gimbal.a(Timer.o)
 .debug_ranges  0x00000730       0x70 .\CortexM3\ARM_GCC_541\Debug\Gimbal.a(ISR.o)
 .debug_ranges  0x000007a0       0x88 .\CortexM3\ARM_GCC_541\Debug\Gimbal.a(LCD.o)
 .debug_ranges  0x00000828       0x20 .\CortexM3\ARM_GCC_541\Debug\Gimbal.a(AMux.o)
 .debug_ranges  0x00000848       0xd8 .\CortexM3\ARM_GCC_541\Debug\Gimbal.a(ADC.o)
 .debug_ranges  0x00000920       0x28 .\CortexM3\ARM_GCC_541\Debug\Gimbal.a(ADC_INT.o)
 .debug_ranges  0x00000948       0x20 .\CortexM3\ARM_GCC_541\Debug\Gimbal.a(ADC_AMux.o)
 .debug_ranges  0x00000968       0x60 .\CortexM3\ARM_GCC_541\Debug\Gimbal.a(ADC_Ext_CP_Clk.o)
 .debug_ranges  0x000009c8       0x70 .\CortexM3\ARM_GCC_541\Debug\Gimbal.a(ADC_theACLK.o)
 .debug_ranges  0x00000a38       0x98 .\CortexM3\ARM_GCC_541\Debug\Gimbal.a(PWM.o)
 .debug_ranges  0x00000ad0       0x28 .\CortexM3\ARM_GCC_541\Debug\Gimbal.a(SW1.o)
 .debug_ranges  0x00000af8       0x28 .\CortexM3\ARM_GCC_541\Debug\Gimbal.a(LED1.o)
 .debug_ranges  0x00000b20       0x28 .\CortexM3\ARM_GCC_541\Debug\Gimbal.a(LED2.o)
 .debug_ranges  0x00000b48       0x28 .\CortexM3\ARM_GCC_541\Debug\Gimbal.a(LED3.o)
 .debug_ranges  0x00000b70       0x28 .\CortexM3\ARM_GCC_541\Debug\Gimbal.a(LED4.o)
 .debug_ranges  0x00000b98       0x28 .\CortexM3\ARM_GCC_541\Debug\Gimbal.a(SW2.o)
 .debug_ranges  0x00000bc0       0x78 .\CortexM3\ARM_GCC_541\Debug\Gimbal.a(CyFlash.o)
 .debug_ranges  0x00000c38       0x70 .\CortexM3\ARM_GCC_541\Debug\Gimbal.a(CySpc.o)

.comment        0x00000000       0x6e
 .comment       0x00000000       0x6e .\CortexM3\ARM_GCC_541\Debug\main.o
                                 0x6f (size before relaxing)
 .comment       0x0000006e       0x6f .\CortexM3\ARM_GCC_541\Debug\mpu6050.o
 .comment       0x0000006e       0x6f .\CortexM3\ARM_GCC_541\Debug\motor_control.o
 .comment       0x0000006e       0x6f .\CortexM3\ARM_GCC_541\Debug\utilities.o
 .comment       0x0000006e       0x6f .\CortexM3\ARM_GCC_541\Debug\cyfitter_cfg.o
 .comment       0x0000006e       0x6f .\CortexM3\ARM_GCC_541\Debug\cymetadata.o
 .comment       0x0000006e       0x6f .\CortexM3\ARM_GCC_541\Debug\Cm3Start.o
 .comment       0x0000006e       0x6f .\CortexM3\ARM_GCC_541\Debug\Gimbal.a(CyLib.o)
 .comment       0x0000006e       0x6f .\CortexM3\ARM_GCC_541\Debug\Gimbal.a(cyPm.o)
 .comment       0x0000006e       0x6f .\CortexM3\ARM_GCC_541\Debug\Gimbal.a(UART.o)
 .comment       0x0000006e       0x6f .\CortexM3\ARM_GCC_541\Debug\Gimbal.a(UART_IntClock.o)
 .comment       0x0000006e       0x6f .\CortexM3\ARM_GCC_541\Debug\Gimbal.a(I2C_MPU6050.o)
 .comment       0x0000006e       0x6f .\CortexM3\ARM_GCC_541\Debug\Gimbal.a(I2C_MPU6050_PM.o)
 .comment       0x0000006e       0x6f .\CortexM3\ARM_GCC_541\Debug\Gimbal.a(I2C_MPU6050_INT.o)
 .comment       0x0000006e       0x6f .\CortexM3\ARM_GCC_541\Debug\Gimbal.a(I2C_MPU6050_MASTER.o)
 .comment       0x0000006e       0x6f .\CortexM3\ARM_GCC_541\Debug\Gimbal.a(Timer.o)
 .comment       0x0000006e       0x6f .\CortexM3\ARM_GCC_541\Debug\Gimbal.a(ISR.o)
 .comment       0x0000006e       0x6f .\CortexM3\ARM_GCC_541\Debug\Gimbal.a(LCD.o)
 .comment       0x0000006e       0x6f .\CortexM3\ARM_GCC_541\Debug\Gimbal.a(AMux.o)
 .comment       0x0000006e       0x6f .\CortexM3\ARM_GCC_541\Debug\Gimbal.a(ADC.o)
 .comment       0x0000006e       0x6f .\CortexM3\ARM_GCC_541\Debug\Gimbal.a(ADC_INT.o)
 .comment       0x0000006e       0x6f .\CortexM3\ARM_GCC_541\Debug\Gimbal.a(ADC_AMux.o)
 .comment       0x0000006e       0x6f .\CortexM3\ARM_GCC_541\Debug\Gimbal.a(ADC_Ext_CP_Clk.o)
 .comment       0x0000006e       0x6f .\CortexM3\ARM_GCC_541\Debug\Gimbal.a(ADC_theACLK.o)
 .comment       0x0000006e       0x6f .\CortexM3\ARM_GCC_541\Debug\Gimbal.a(PWM.o)
 .comment       0x0000006e       0x6f .\CortexM3\ARM_GCC_541\Debug\Gimbal.a(SW1.o)
 .comment       0x0000006e       0x6f .\CortexM3\ARM_GCC_541\Debug\Gimbal.a(LED1.o)
 .comment       0x0000006e       0x6f .\CortexM3\ARM_GCC_541\Debug\Gimbal.a(LED2.o)
 .comment       0x0000006e       0x6f .\CortexM3\ARM_GCC_541\Debug\Gimbal.a(LED3.o)
 .comment       0x0000006e       0x6f .\CortexM3\ARM_GCC_541\Debug\Gimbal.a(LED4.o)
 .comment       0x0000006e       0x6f .\CortexM3\ARM_GCC_541\Debug\Gimbal.a(SW2.o)
 .comment       0x0000006e       0x6f .\CortexM3\ARM_GCC_541\Debug\Gimbal.a(CyFlash.o)
 .comment       0x0000006e       0x6f .\CortexM3\ARM_GCC_541\Debug\Gimbal.a(CySpc.o)

.debug_weaknames
 *(.debug_weaknames)

.debug_funcnames
 *(.debug_funcnames)

.debug_typenames
 *(.debug_typenames)

.debug_varnames
 *(.debug_varnames)

.note.gnu.arm.ident
 *(.note.gnu.arm.ident)

.ARM.attributes
                0x00000000       0x29
 *(.ARM.attributes)
 .ARM.attributes
                0x00000000       0x1d c:/program files (x86)/cypress/psoc creator/4.4/psoc creator/import/gnu/arm/5.4.1/bin/../lib/gcc/arm-none-eabi/5.4.1/armv7-m/crti.o
 .ARM.attributes
                0x0000001d       0x2d c:/program files (x86)/cypress/psoc creator/4.4/psoc creator/import/gnu/arm/5.4.1/bin/../lib/gcc/arm-none-eabi/5.4.1/armv7-m/crtbegin.o
 .ARM.attributes